Archive member included because of file (symbol)

/tools/altera/12.0/nios2eds/bin/gnu/H-i686-pc-linux-gnu/bin/../lib/gcc/nios2-elf/4.1.2/mno-hw-mul/libgcc.a(lib2-mul.o)
                              obj/default/experiment3_cpu2.o (__mulsi3)
/tools/altera/12.0/nios2eds/bin/gnu/H-i686-pc-linux-gnu/bin/../lib/gcc/nios2-elf/4.1.2/../../../../nios2-elf/lib/mno-hw-mul/libsmallc.a(lib_a-puts.o)
                              obj/default/experiment3_cpu2.o (puts)
/tools/altera/12.0/nios2eds/bin/gnu/H-i686-pc-linux-gnu/bin/../lib/gcc/nios2-elf/4.1.2/../../../../nios2-elf/lib/mno-hw-mul/libsmallc.a(lib_a-strlen.o)
                              /tools/altera/12.0/nios2eds/bin/gnu/H-i686-pc-linux-gnu/bin/../lib/gcc/nios2-elf/4.1.2/../../../../nios2-elf/lib/mno-hw-mul/libsmallc.a(lib_a-puts.o) (strlen)
/tools/altera/12.0/nios2eds/bin/gnu/H-i686-pc-linux-gnu/bin/../lib/gcc/nios2-elf/4.1.2/../../../../nios2-elf/lib/mno-hw-mul/libsmallc.a(lib_a-fvwrite_small_dev.o)
                              /tools/altera/12.0/nios2eds/bin/gnu/H-i686-pc-linux-gnu/bin/../lib/gcc/nios2-elf/4.1.2/../../../../nios2-elf/lib/mno-hw-mul/libsmallc.a(lib_a-puts.o) (__sfvwrite_small_dev)
/tools/altera/12.0/nios2eds/bin/gnu/H-i686-pc-linux-gnu/bin/../lib/gcc/nios2-elf/4.1.2/../../../../nios2-elf/lib/mno-hw-mul/libsmallc.a(lib_a-impure.o)
                              /tools/altera/12.0/nios2eds/bin/gnu/H-i686-pc-linux-gnu/bin/../lib/gcc/nios2-elf/4.1.2/../../../../nios2-elf/lib/mno-hw-mul/libsmallc.a(lib_a-puts.o) (_impure_ptr)
/tools/altera/12.0/nios2eds/bin/gnu/H-i686-pc-linux-gnu/bin/../lib/gcc/nios2-elf/4.1.2/../../../../nios2-elf/lib/mno-hw-mul/libsmallc.a(lib_a-writer.o)
                              /tools/altera/12.0/nios2eds/bin/gnu/H-i686-pc-linux-gnu/bin/../lib/gcc/nios2-elf/4.1.2/../../../../nios2-elf/lib/mno-hw-mul/libsmallc.a(lib_a-fvwrite_small_dev.o) (_write_r)
/tools/altera/12.0/nios2eds/bin/gnu/H-i686-pc-linux-gnu/bin/../lib/gcc/nios2-elf/4.1.2/../../../../nios2-elf/lib/mno-hw-mul/libsmallc.a(lib_a-int_errno.o)
                              /tools/altera/12.0/nios2eds/bin/gnu/H-i686-pc-linux-gnu/bin/../lib/gcc/nios2-elf/4.1.2/../../../../nios2-elf/lib/mno-hw-mul/libsmallc.a(lib_a-writer.o) (errno)
../experiment3_cpu2_bsp//libhal_bsp.a(alt_irq_register.o)
                              obj/default/experiment3_cpu2.o (alt_irq_register)
../experiment3_cpu2_bsp//libhal_bsp.a(alt_irq_vars.o)
                              ../experiment3_cpu2_bsp//libhal_bsp.a(alt_irq_register.o) (alt_irq_active)
../experiment3_cpu2_bsp//libhal_bsp.a(alt_load.o)
                              ../experiment3_cpu2_bsp//obj/HAL/src/crt0.o (alt_load)
../experiment3_cpu2_bsp//libhal_bsp.a(alt_main.o)
                              ../experiment3_cpu2_bsp//obj/HAL/src/crt0.o (alt_main)
../experiment3_cpu2_bsp//libhal_bsp.a(alt_tick.o)
                              obj/default/experiment3_cpu2.o (_alt_nticks)
../experiment3_cpu2_bsp//libhal_bsp.a(alt_write.o)
                              /tools/altera/12.0/nios2eds/bin/gnu/H-i686-pc-linux-gnu/bin/../lib/gcc/nios2-elf/4.1.2/../../../../nios2-elf/lib/mno-hw-mul/libsmallc.a(lib_a-writer.o) (write)
../experiment3_cpu2_bsp//libhal_bsp.a(alt_sys_init.o)
                              ../experiment3_cpu2_bsp//libhal_bsp.a(alt_main.o) (alt_sys_init)
../experiment3_cpu2_bsp//libhal_bsp.a(altera_avalon_mutex.o)
                              obj/default/experiment3_cpu2.o (altera_avalon_mutex_open)
../experiment3_cpu2_bsp//libhal_bsp.a(altera_avalon_timer_sc.o)
                              ../experiment3_cpu2_bsp//libhal_bsp.a(alt_sys_init.o) (alt_avalon_timer_sc_init)
../experiment3_cpu2_bsp//libhal_bsp.a(altera_up_avalon_character_lcd.o)
                              obj/default/experiment3_cpu2.o (alt_up_character_lcd_string)
../experiment3_cpu2_bsp//libhal_bsp.a(alt_dcache_flush_all.o)
                              ../experiment3_cpu2_bsp//libhal_bsp.a(alt_load.o) (alt_dcache_flush_all)
../experiment3_cpu2_bsp//libhal_bsp.a(alt_dev.o)
                              ../experiment3_cpu2_bsp//libhal_bsp.a(alt_sys_init.o) (alt_dev_list)
../experiment3_cpu2_bsp//libhal_bsp.a(alt_dev_llist_insert.o)
                              ../experiment3_cpu2_bsp//libhal_bsp.a(alt_sys_init.o) (alt_dev_llist_insert)
../experiment3_cpu2_bsp//libhal_bsp.a(alt_errno.o)
                              ../experiment3_cpu2_bsp//libhal_bsp.a(alt_write.o) (alt_errno)
../experiment3_cpu2_bsp//libhal_bsp.a(alt_find_dev.o)
                              ../experiment3_cpu2_bsp//libhal_bsp.a(altera_avalon_mutex.o) (alt_find_dev)
../experiment3_cpu2_bsp//libhal_bsp.a(alt_icache_flush_all.o)
                              ../experiment3_cpu2_bsp//libhal_bsp.a(alt_load.o) (alt_icache_flush_all)
../experiment3_cpu2_bsp//libhal_bsp.a(alt_iic.o)
                              ../experiment3_cpu2_bsp//libhal_bsp.a(altera_avalon_timer_sc.o) (alt_ic_isr_register)
../experiment3_cpu2_bsp//libhal_bsp.a(alt_iic_isr_register.o)
                              ../experiment3_cpu2_bsp//libhal_bsp.a(alt_iic.o) (alt_iic_isr_register)
../experiment3_cpu2_bsp//libhal_bsp.a(alt_irq_entry.o)
                              ../experiment3_cpu2_bsp//libhal_bsp.a(alt_irq_register.o) (alt_irq_entry)
../experiment3_cpu2_bsp//libhal_bsp.a(alt_irq_handler.o)
                              ../experiment3_cpu2_bsp//libhal_bsp.a(alt_irq_register.o) (alt_irq_handler)
../experiment3_cpu2_bsp//libhal_bsp.a(altera_nios2_qsys_irq.o)
                              ../experiment3_cpu2_bsp//libhal_bsp.a(alt_sys_init.o) (altera_nios2_qsys_irq_init)
../experiment3_cpu2_bsp//libhal_bsp.a(alt_exception_entry.o)
                              ../experiment3_cpu2_bsp//libhal_bsp.a(alt_irq_entry.o) (alt_exception)
/tools/altera/12.0/nios2eds/bin/gnu/H-i686-pc-linux-gnu/bin/../lib/gcc/nios2-elf/4.1.2/../../../../nios2-elf/lib/mno-hw-mul/libsmallc.a(lib_a-memcmp.o)
                              ../experiment3_cpu2_bsp//libhal_bsp.a(alt_find_dev.o) (memcmp)

Allocating common symbols
Common symbol       size              file

alt_irq             0x100             ../experiment3_cpu2_bsp//libhal_bsp.a(alt_irq_handler.o)
errno               0x4               /tools/altera/12.0/nios2eds/bin/gnu/H-i686-pc-linux-gnu/bin/../lib/gcc/nios2-elf/4.1.2/../../../../nios2-elf/lib/mno-hw-mul/libsmallc.a(lib_a-int_errno.o)
PB2_press           0x4               obj/default/experiment3_cpu2.o

Discarded input sections

 .gnu.warning.write
                0x00000000        0x0 ../experiment3_cpu2_bsp//libhal_bsp.a(alt_write.o)

Memory Configuration

Name             Origin             Length             Attributes
reset            0x00008000         0x00000020
cpu2_onchip_ram  0x00008020         0x00007fe0
message_buffer_ram 0x00100000         0x00001000
*default*        0x00000000         0xffffffff

Linker script and memory map

LOAD ../experiment3_cpu2_bsp//obj/HAL/src/crt0.o
                0x0000800c                exit = _exit
LOAD obj/default/experiment3_cpu2.o
LOAD /tools/altera/12.0/nios2eds/bin/gnu/H-i686-pc-linux-gnu/bin/../lib/gcc/nios2-elf/4.1.2/../../../../nios2-elf/lib/mno-hw-mul/libstdc++.a
LOAD /tools/altera/12.0/nios2eds/bin/gnu/H-i686-pc-linux-gnu/bin/../lib/gcc/nios2-elf/4.1.2/../../../../nios2-elf/lib/mno-hw-mul/libm.a
LOAD /tools/altera/12.0/nios2eds/bin/gnu/H-i686-pc-linux-gnu/bin/../lib/gcc/nios2-elf/4.1.2/mno-hw-mul/libgcc.a
START GROUP
LOAD /tools/altera/12.0/nios2eds/bin/gnu/H-i686-pc-linux-gnu/bin/../lib/gcc/nios2-elf/4.1.2/../../../../nios2-elf/lib/mno-hw-mul/libsmallc.a
LOAD /tools/altera/12.0/nios2eds/bin/gnu/H-i686-pc-linux-gnu/bin/../lib/gcc/nios2-elf/4.1.2/mno-hw-mul/libgcc.a
LOAD ../experiment3_cpu2_bsp//libhal_bsp.a
END GROUP
LOAD /tools/altera/12.0/nios2eds/bin/gnu/H-i686-pc-linux-gnu/bin/../lib/gcc/nios2-elf/4.1.2/mno-hw-mul/libgcc.a
                0x00008000                __alt_mem_cpu2_onchip_ram = 0x8000
                0x00100000                __alt_mem_message_buffer_ram = 0x100000

.entry          0x00008000       0x20
 *(.entry)
 .entry         0x00008000       0x20 ../experiment3_cpu2_bsp//obj/HAL/src/crt0.o
                0x00008000                __reset
                0x0000800c                _exit

.exceptions     0x00008020      0x120
                0x00008020                PROVIDE (__ram_exceptions_start, ABSOLUTE (.))
                0x00008020                . = ALIGN (0x20)
 *(.irq)
 *(.exceptions.entry.label)
 .exceptions.entry.label
                0x00008020        0x0 ../experiment3_cpu2_bsp//libhal_bsp.a(alt_irq_entry.o)
                0x00008020                alt_irq_entry
 .exceptions.entry.label
                0x00008020        0x0 ../experiment3_cpu2_bsp//libhal_bsp.a(alt_exception_entry.o)
                0x00008020                alt_exception
 *(.exceptions.entry.user)
 *(.exceptions.entry)
 .exceptions.entry
                0x00008020       0x54 ../experiment3_cpu2_bsp//libhal_bsp.a(alt_exception_entry.o)
 *(.exceptions.irqtest.user)
 *(.exceptions.irqtest)
 .exceptions.irqtest
                0x00008074       0x10 ../experiment3_cpu2_bsp//libhal_bsp.a(alt_irq_entry.o)
 *(.exceptions.irqhandler.user)
 *(.exceptions.irqhandler)
 .exceptions.irqhandler
                0x00008084        0x4 ../experiment3_cpu2_bsp//libhal_bsp.a(alt_irq_entry.o)
 *(.exceptions.irqreturn.user)
 *(.exceptions.irqreturn)
 .exceptions.irqreturn
                0x00008088        0x4 ../experiment3_cpu2_bsp//libhal_bsp.a(alt_irq_entry.o)
 *(.exceptions.notirq.label)
 .exceptions.notirq.label
                0x0000808c        0x0 ../experiment3_cpu2_bsp//libhal_bsp.a(alt_irq_entry.o)
 *(.exceptions.notirq.user)
 *(.exceptions.notirq)
 .exceptions.notirq
                0x0000808c        0x8 ../experiment3_cpu2_bsp//libhal_bsp.a(alt_exception_entry.o)
 *(.exceptions.soft.user)
 *(.exceptions.soft)
 *(.exceptions.unknown.user)
 *(.exceptions.unknown)
 .exceptions.unknown
                0x00008094        0x4 ../experiment3_cpu2_bsp//libhal_bsp.a(alt_exception_entry.o)
 *(.exceptions.exit.label)
 .exceptions.exit.label
                0x00008098        0x0 ../experiment3_cpu2_bsp//libhal_bsp.a(alt_irq_entry.o)
 .exceptions.exit.label
                0x00008098        0x0 ../experiment3_cpu2_bsp//libhal_bsp.a(alt_exception_entry.o)
 *(.exceptions.exit.user)
 *(.exceptions.exit)
 .exceptions.exit
                0x00008098       0x54 ../experiment3_cpu2_bsp//libhal_bsp.a(alt_exception_entry.o)
 *(.exceptions)
 .exceptions    0x000080ec       0x54 ../experiment3_cpu2_bsp//libhal_bsp.a(alt_irq_handler.o)
                0x000080ec                alt_irq_handler
                0x00008140                PROVIDE (__ram_exceptions_end, ABSOLUTE (.))
                0x00008020                PROVIDE (__flash_exceptions_start, LOADADDR (.exceptions))

.text           0x00008140      0xf3c
                0x00008140                PROVIDE (stext, ABSOLUTE (.))
 *(.interp)
 *(.hash)
 *(.dynsym)
 *(.dynstr)
 *(.gnu.version)
 *(.gnu.version_d)
 *(.gnu.version_r)
 *(.rel.init)
 *(.rela.init)
 *(.rel.text .rel.text.* .rel.gnu.linkonce.t.*)
 *(.rela.text .rela.text.* .rela.gnu.linkonce.t.*)
 *(.rel.fini)
 *(.rela.fini)
 *(.rel.rodata .rel.rodata.* .rel.gnu.linkonce.r.*)
 *(.rela.rodata .rela.rodata.* .rela.gnu.linkonce.r.*)
 *(.rel.data .rel.data.* .rel.gnu.linkonce.d.*)
 *(.rela.data .rela.data.* .rela.gnu.linkonce.d.*)
 *(.rel.tdata .rel.tdata.* .rel.gnu.linkonce.td.*)
 *(.rela.tdata .rela.tdata.* .rela.gnu.linkonce.td.*)
 *(.rel.tbss .rel.tbss.* .rel.gnu.linkonce.tb.*)
 *(.rela.tbss .rela.tbss.* .rela.gnu.linkonce.tb.*)
 *(.rel.ctors)
 *(.rela.ctors)
 *(.rel.dtors)
 *(.rela.dtors)
 *(.rel.got)
 *(.rela.got)
 *(.rel.sdata .rel.sdata.* .rel.gnu.linkonce.s.*)
 *(.rela.sdata .rela.sdata.* .rela.gnu.linkonce.s.*)
 *(.rel.sbss .rel.sbss.* .rel.gnu.linkonce.sb.*)
 *(.rela.sbss .rela.sbss.* .rela.gnu.linkonce.sb.*)
 *(.rel.sdata2 .rel.sdata2.* .rel.gnu.linkonce.s2.*)
 *(.rela.sdata2 .rela.sdata2.* .rela.gnu.linkonce.s2.*)
 *(.rel.sbss2 .rel.sbss2.* .rel.gnu.linkonce.sb2.*)
 *(.rela.sbss2 .rela.sbss2.* .rela.gnu.linkonce.sb2.*)
 *(.rel.bss .rel.bss.* .rel.gnu.linkonce.b.*)
 *(.rela.bss .rela.bss.* .rela.gnu.linkonce.b.*)
 *(.rel.plt)
 *(.rela.plt)
 *(.rel.dyn)
 *(.init)
 *(.plt)
 *(.text .stub .text.* .gnu.linkonce.t.*)
 .text          0x00008140       0x3c ../experiment3_cpu2_bsp//obj/HAL/src/crt0.o
                0x00008140                _start
 .text          0x0000817c      0x390 obj/default/experiment3_cpu2.o
                0x0000817c                custom_sprintf
                0x00008204                calc_output_Y_CPU2
                0x000082e8                main
                0x00008464                handle_cpu2_button_interrupts
 .text          0x0000850c       0x38 /tools/altera/12.0/nios2eds/bin/gnu/H-i686-pc-linux-gnu/bin/../lib/gcc/nios2-elf/4.1.2/mno-hw-mul/libgcc.a(lib2-mul.o)
                0x0000850c                __mulsi3
 .text          0x00008544       0xa4 /tools/altera/12.0/nios2eds/bin/gnu/H-i686-pc-linux-gnu/bin/../lib/gcc/nios2-elf/4.1.2/../../../../nios2-elf/lib/mno-hw-mul/libsmallc.a(lib_a-puts.o)
                0x00008544                _puts_r
                0x000085d4                puts
 .text          0x000085e8       0x20 /tools/altera/12.0/nios2eds/bin/gnu/H-i686-pc-linux-gnu/bin/../lib/gcc/nios2-elf/4.1.2/../../../../nios2-elf/lib/mno-hw-mul/libsmallc.a(lib_a-strlen.o)
                0x000085e8                strlen
 .text          0x00008608       0xbc /tools/altera/12.0/nios2eds/bin/gnu/H-i686-pc-linux-gnu/bin/../lib/gcc/nios2-elf/4.1.2/../../../../nios2-elf/lib/mno-hw-mul/libsmallc.a(lib_a-fvwrite_small_dev.o)
                0x00008608                __sfvwrite_small_dev
 .text          0x000086c4        0x0 /tools/altera/12.0/nios2eds/bin/gnu/H-i686-pc-linux-gnu/bin/../lib/gcc/nios2-elf/4.1.2/../../../../nios2-elf/lib/mno-hw-mul/libsmallc.a(lib_a-impure.o)
 .text          0x000086c4       0x78 /tools/altera/12.0/nios2eds/bin/gnu/H-i686-pc-linux-gnu/bin/../lib/gcc/nios2-elf/4.1.2/../../../../nios2-elf/lib/mno-hw-mul/libsmallc.a(lib_a-writer.o)
                0x000086c4                _write_r
 .text          0x0000873c        0x0 /tools/altera/12.0/nios2eds/bin/gnu/H-i686-pc-linux-gnu/bin/../lib/gcc/nios2-elf/4.1.2/../../../../nios2-elf/lib/mno-hw-mul/libsmallc.a(lib_a-int_errno.o)
 .text          0x0000873c       0xa0 ../experiment3_cpu2_bsp//libhal_bsp.a(alt_irq_register.o)
                0x0000873c                alt_irq_register
 .text          0x000087dc        0x0 ../experiment3_cpu2_bsp//libhal_bsp.a(alt_irq_vars.o)
 .text          0x000087dc       0x8c ../experiment3_cpu2_bsp//libhal_bsp.a(alt_load.o)
                0x000087fc                alt_load
 .text          0x00008868       0x2c ../experiment3_cpu2_bsp//libhal_bsp.a(alt_main.o)
                0x00008868                alt_main
 .text          0x00008894       0xe0 ../experiment3_cpu2_bsp//libhal_bsp.a(alt_tick.o)
                0x00008894                alt_alarm_stop
                0x000088c8                alt_tick
 .text          0x00008974       0x40 ../experiment3_cpu2_bsp//libhal_bsp.a(alt_write.o)
                0x00008974                write
 .text          0x000089b4       0x94 ../experiment3_cpu2_bsp//libhal_bsp.a(alt_sys_init.o)
                0x000089b4                alt_sys_init
                0x00008a28                alt_irq_init
 .text          0x00008a48      0x11c ../experiment3_cpu2_bsp//libhal_bsp.a(altera_avalon_mutex.o)
                0x00008a48                altera_avalon_mutex_close
                0x00008a4c                altera_avalon_mutex_first_lock
                0x00008a5c                altera_avalon_mutex_is_mine
                0x00008a84                altera_avalon_mutex_unlock
                0x00008acc                altera_avalon_mutex_open
                0x00008b24                altera_avalon_mutex_lock
                0x00008b60                altera_avalon_mutex_trylock
 .text          0x00008b64       0x8c ../experiment3_cpu2_bsp//libhal_bsp.a(altera_avalon_timer_sc.o)
                0x00008b64                alt_avalon_timer_sc_init
 .text          0x00008bf0      0x250 ../experiment3_cpu2_bsp//libhal_bsp.a(altera_up_avalon_character_lcd.o)
                0x00008bf0                get_DDRAM_addr
                0x00008c08                alt_up_character_lcd_string
                0x00008c24                alt_up_character_lcd_write
                0x00008c48                alt_up_character_lcd_write_fd
                0x00008c68                alt_up_character_lcd_init
                0x00008c78                alt_up_character_lcd_send_cmd
                0x00008c88                alt_up_character_lcd_cursor_blink_on
                0x00008c90                alt_up_character_lcd_cursor_off
                0x00008c98                alt_up_character_lcd_erase_pos
                0x00008cfc                alt_up_character_lcd_shift_display
                0x00008d6c                alt_up_character_lcd_shift_cursor
                0x00008ddc                alt_up_character_lcd_set_cursor_pos
                0x00008e34                alt_up_character_lcd_open_dev
 .text          0x00008e40        0x4 ../experiment3_cpu2_bsp//libhal_bsp.a(alt_dcache_flush_all.o)
                0x00008e40                alt_dcache_flush_all
 .text          0x00008e44        0x8 ../experiment3_cpu2_bsp//libhal_bsp.a(alt_dev.o)
 .text          0x00008e4c       0x70 ../experiment3_cpu2_bsp//libhal_bsp.a(alt_dev_llist_insert.o)
                0x00008e4c                alt_dev_llist_insert
 .text          0x00008ebc        0x0 ../experiment3_cpu2_bsp//libhal_bsp.a(alt_errno.o)
 .text          0x00008ebc       0x70 ../experiment3_cpu2_bsp//libhal_bsp.a(alt_find_dev.o)
                0x00008ebc                alt_find_dev
 .text          0x00008f2c        0x4 ../experiment3_cpu2_bsp//libhal_bsp.a(alt_icache_flush_all.o)
                0x00008f2c                alt_icache_flush_all
 .text          0x00008f30       0x9c ../experiment3_cpu2_bsp//libhal_bsp.a(alt_iic.o)
                0x00008f30                alt_ic_irq_enabled
                0x00008f48                alt_ic_irq_enable
                0x00008f88                alt_ic_irq_disable
                0x00008fc8                alt_ic_isr_register
 .text          0x00008fcc       0x6c ../experiment3_cpu2_bsp//libhal_bsp.a(alt_iic_isr_register.o)
                0x00008fcc                alt_iic_isr_register
 .text          0x00009038        0x0 ../experiment3_cpu2_bsp//libhal_bsp.a(alt_irq_entry.o)
 .text          0x00009038        0x0 ../experiment3_cpu2_bsp//libhal_bsp.a(alt_irq_handler.o)
 .text          0x00009038        0x8 ../experiment3_cpu2_bsp//libhal_bsp.a(altera_nios2_qsys_irq.o)
                0x00009038                altera_nios2_qsys_irq_init
 .text          0x00009040        0x0 ../experiment3_cpu2_bsp//libhal_bsp.a(alt_exception_entry.o)
 .text          0x00009040       0x3c /tools/altera/12.0/nios2eds/bin/gnu/H-i686-pc-linux-gnu/bin/../lib/gcc/nios2-elf/4.1.2/../../../../nios2-elf/lib/mno-hw-mul/libsmallc.a(lib_a-memcmp.o)
                0x00009040                memcmp
 *(.gnu.warning.*)
 *(.fini)
                0x0000907c                PROVIDE (__etext, ABSOLUTE (.))
                0x0000907c                PROVIDE (_etext, ABSOLUTE (.))
                0x0000907c                PROVIDE (etext, ABSOLUTE (.))
 *(.eh_frame_hdr)
                0x0000907c                . = ALIGN (0x4)
                0x0000907c                PROVIDE (__preinit_array_start, ABSOLUTE (.))
 *(.preinit_array)
                0x0000907c                PROVIDE (__preinit_array_end, ABSOLUTE (.))
                0x0000907c                PROVIDE (__init_array_start, ABSOLUTE (.))
 *(.init_array)
                0x0000907c                PROVIDE (__init_array_end, ABSOLUTE (.))
                0x0000907c                PROVIDE (__fini_array_start, ABSOLUTE (.))
 *(.fini_array)
                0x0000907c                PROVIDE (__fini_array_end, ABSOLUTE (.))
 *(.eh_frame)
 *(.gcc_except_table)
 *(.dynamic)
                0x0000907c                PROVIDE (__CTOR_LIST__, ABSOLUTE (.))
 *(.ctors)
 *(SORT(.ctors.*))
                0x0000907c                PROVIDE (__CTOR_END__, ABSOLUTE (.))
                0x0000907c                PROVIDE (__DTOR_LIST__, ABSOLUTE (.))
 *(.dtors)
 *(SORT(.dtors.*))
                0x0000907c                PROVIDE (__DTOR_END__, ABSOLUTE (.))
 *(.jcr)
                0x0000907c                . = ALIGN (0x4)

.rodata         0x0000907c       0xec
                0x0000907c                PROVIDE (__ram_rodata_start, ABSOLUTE (.))
                0x0000907c                . = ALIGN (0x4)
 *(.rodata .rodata.* .gnu.linkonce.r.*)
 .rodata.str1.4
                0x0000907c       0xd9 obj/default/experiment3_cpu2.o
                                 0xdc (size before relaxing)
 *fill*         0x00009155        0x3 00
 .rodata.str1.4
                0x00009158        0x2 /tools/altera/12.0/nios2eds/bin/gnu/H-i686-pc-linux-gnu/bin/../lib/gcc/nios2-elf/4.1.2/../../../../nios2-elf/lib/mno-hw-mul/libsmallc.a(lib_a-puts.o)
                                  0x4 (size before relaxing)
 .rodata.str1.4
                0x00000000       0x38 ../experiment3_cpu2_bsp//libhal_bsp.a(alt_sys_init.o)
 *fill*         0x0000915a        0x2 00
 .rodata.str1.4
                0x0000915c        0xc ../experiment3_cpu2_bsp//libhal_bsp.a(alt_dev.o)
 *(.rodata1)
                0x00009168                . = ALIGN (0x4)
                0x00009168                PROVIDE (__ram_rodata_end, ABSOLUTE (.))
                0x0000907c                PROVIDE (__flash_rodata_start, LOADADDR (.rodata))

.rwdata         0x00009168      0x1a8 load address 0x00009310
                0x00009168                PROVIDE (__ram_rwdata_start, ABSOLUTE (.))
                0x00009168                . = ALIGN (0x4)
 *(.got.plt)
 *(.got)
 *(.data1)
 *(.data .data.* .gnu.linkonce.d.*)
 .data          0x00009168        0x0 ../experiment3_cpu2_bsp//obj/HAL/src/crt0.o
 .data          0x00009168        0x0 obj/default/experiment3_cpu2.o
 .data          0x00009168        0x0 /tools/altera/12.0/nios2eds/bin/gnu/H-i686-pc-linux-gnu/bin/../lib/gcc/nios2-elf/4.1.2/mno-hw-mul/libgcc.a(lib2-mul.o)
 .data          0x00009168        0x0 /tools/altera/12.0/nios2eds/bin/gnu/H-i686-pc-linux-gnu/bin/../lib/gcc/nios2-elf/4.1.2/../../../../nios2-elf/lib/mno-hw-mul/libsmallc.a(lib_a-puts.o)
 .data          0x00009168        0x0 /tools/altera/12.0/nios2eds/bin/gnu/H-i686-pc-linux-gnu/bin/../lib/gcc/nios2-elf/4.1.2/../../../../nios2-elf/lib/mno-hw-mul/libsmallc.a(lib_a-strlen.o)
 .data          0x00009168        0x0 /tools/altera/12.0/nios2eds/bin/gnu/H-i686-pc-linux-gnu/bin/../lib/gcc/nios2-elf/4.1.2/../../../../nios2-elf/lib/mno-hw-mul/libsmallc.a(lib_a-fvwrite_small_dev.o)
 .data          0x00009168       0xe0 /tools/altera/12.0/nios2eds/bin/gnu/H-i686-pc-linux-gnu/bin/../lib/gcc/nios2-elf/4.1.2/../../../../nios2-elf/lib/mno-hw-mul/libsmallc.a(lib_a-impure.o)
 .data          0x00009248        0x0 /tools/altera/12.0/nios2eds/bin/gnu/H-i686-pc-linux-gnu/bin/../lib/gcc/nios2-elf/4.1.2/../../../../nios2-elf/lib/mno-hw-mul/libsmallc.a(lib_a-writer.o)
 .data          0x00009248        0x0 /tools/altera/12.0/nios2eds/bin/gnu/H-i686-pc-linux-gnu/bin/../lib/gcc/nios2-elf/4.1.2/../../../../nios2-elf/lib/mno-hw-mul/libsmallc.a(lib_a-int_errno.o)
 .data          0x00009248        0x0 ../experiment3_cpu2_bsp//libhal_bsp.a(alt_irq_register.o)
 .data          0x00009248        0x0 ../experiment3_cpu2_bsp//libhal_bsp.a(alt_irq_vars.o)
 .data          0x00009248        0x0 ../experiment3_cpu2_bsp//libhal_bsp.a(alt_load.o)
 .data          0x00009248        0x0 ../experiment3_cpu2_bsp//libhal_bsp.a(alt_main.o)
 .data          0x00009248        0x0 ../experiment3_cpu2_bsp//libhal_bsp.a(alt_tick.o)
 .data          0x00009248        0x0 ../experiment3_cpu2_bsp//libhal_bsp.a(alt_write.o)
 .data          0x00009248       0x3c ../experiment3_cpu2_bsp//libhal_bsp.a(alt_sys_init.o)
 .data          0x00009284        0x0 ../experiment3_cpu2_bsp//libhal_bsp.a(altera_avalon_mutex.o)
 .data          0x00009284        0x0 ../experiment3_cpu2_bsp//libhal_bsp.a(altera_avalon_timer_sc.o)
 .data          0x00009284        0x0 ../experiment3_cpu2_bsp//libhal_bsp.a(altera_up_avalon_character_lcd.o)
 .data          0x00009284        0x0 ../experiment3_cpu2_bsp//libhal_bsp.a(alt_dcache_flush_all.o)
 .data          0x00009284       0x58 ../experiment3_cpu2_bsp//libhal_bsp.a(alt_dev.o)
                0x00009284                alt_dev_null
                0x000092ac                alt_fd_list
 .data          0x000092dc        0x0 ../experiment3_cpu2_bsp//libhal_bsp.a(alt_dev_llist_insert.o)
 .data          0x000092dc        0x0 ../experiment3_cpu2_bsp//libhal_bsp.a(alt_errno.o)
 .data          0x000092dc        0x0 ../experiment3_cpu2_bsp//libhal_bsp.a(alt_find_dev.o)
 .data          0x000092dc        0x0 ../experiment3_cpu2_bsp//libhal_bsp.a(alt_icache_flush_all.o)
 .data          0x000092dc        0x0 ../experiment3_cpu2_bsp//libhal_bsp.a(alt_iic.o)
 .data          0x000092dc        0x0 ../experiment3_cpu2_bsp//libhal_bsp.a(alt_iic_isr_register.o)
 .data          0x000092dc        0x0 ../experiment3_cpu2_bsp//libhal_bsp.a(alt_irq_entry.o)
 .data          0x000092dc        0x0 ../experiment3_cpu2_bsp//libhal_bsp.a(alt_irq_handler.o)
 .data          0x000092dc        0x0 ../experiment3_cpu2_bsp//libhal_bsp.a(altera_nios2_qsys_irq.o)
 .data          0x000092dc        0x0 ../experiment3_cpu2_bsp//libhal_bsp.a(alt_exception_entry.o)
 .data          0x000092dc        0x0 /tools/altera/12.0/nios2eds/bin/gnu/H-i686-pc-linux-gnu/bin/../lib/gcc/nios2-elf/4.1.2/../../../../nios2-elf/lib/mno-hw-mul/libsmallc.a(lib_a-memcmp.o)
                0x000112dc                _gp = ABSOLUTE ((. + 0x8000))
                0x000112dc                PROVIDE (gp, _gp)
 *(.rwdata .rwdata.*)
 *(.sdata .sdata.* .gnu.linkonce.s.*)
 .sdata         0x000092dc        0x8 /tools/altera/12.0/nios2eds/bin/gnu/H-i686-pc-linux-gnu/bin/../lib/gcc/nios2-elf/4.1.2/../../../../nios2-elf/lib/mno-hw-mul/libsmallc.a(lib_a-impure.o)
                0x000092dc                _impure_ptr
                0x000092e0                _global_impure_ptr
 .sdata         0x000092e4        0x4 ../experiment3_cpu2_bsp//libhal_bsp.a(alt_irq_vars.o)
                0x000092e4                alt_priority_mask
 .sdata         0x000092e8        0x8 ../experiment3_cpu2_bsp//libhal_bsp.a(alt_tick.o)
                0x000092e8                alt_alarm_list
 .sdata         0x000092f0        0x8 ../experiment3_cpu2_bsp//libhal_bsp.a(altera_avalon_mutex.o)
                0x000092f0                alt_mutex_list
 .sdata         0x000092f8       0x14 ../experiment3_cpu2_bsp//libhal_bsp.a(alt_dev.o)
                0x000092f8                alt_fs_list
                0x00009300                alt_dev_list
                0x00009308                alt_max_fd
 .sdata         0x0000930c        0x4 ../experiment3_cpu2_bsp//libhal_bsp.a(alt_errno.o)
                0x0000930c                alt_errno
 *(.sdata2 .sdata2.* .gnu.linkonce.s2.*)
                0x00009310                . = ALIGN (0x4)
                0x00009310                _edata = ABSOLUTE (.)
                0x00009310                PROVIDE (edata, ABSOLUTE (.))
                0x00009310                PROVIDE (__ram_rwdata_end, ABSOLUTE (.))
                0x00009310                PROVIDE (__flash_rwdata_start, LOADADDR (.rwdata))

.bss            0x000094b8      0x120
                0x000094b8                __bss_start = ABSOLUTE (.)
                0x000094b8                PROVIDE (__sbss_start, ABSOLUTE (.))
                0x000094b8                PROVIDE (___sbss_start, ABSOLUTE (.))
 *(.dynsbss)
 *(.sbss .sbss.* .gnu.linkonce.sb.*)
 .sbss          0x000094b8        0x4 obj/default/experiment3_cpu2.o
                0x000094b8                PB2_press
 .sbss          0x000094bc        0x4 /tools/altera/12.0/nios2eds/bin/gnu/H-i686-pc-linux-gnu/bin/../lib/gcc/nios2-elf/4.1.2/../../../../nios2-elf/lib/mno-hw-mul/libsmallc.a(lib_a-int_errno.o)
                0x000094bc                errno
 .sbss          0x000094c0        0x4 ../experiment3_cpu2_bsp//libhal_bsp.a(alt_irq_vars.o)
                0x000094c0                alt_irq_active
 .sbss          0x000094c4        0xc ../experiment3_cpu2_bsp//libhal_bsp.a(alt_main.o)
                0x000094c4                alt_argc
                0x000094c8                alt_argv
                0x000094cc                alt_envp
 .sbss          0x000094d0        0x8 ../experiment3_cpu2_bsp//libhal_bsp.a(alt_tick.o)
                0x000094d0                _alt_tick_rate
                0x000094d4                _alt_nticks
 *(.sbss2 .sbss2.* .gnu.linkonce.sb2.*)
 *(.scommon)
                0x000094d8                PROVIDE (__sbss_end, ABSOLUTE (.))
                0x000094d8                PROVIDE (___sbss_end, ABSOLUTE (.))
 *(.dynbss)
 *(.bss .bss.* .gnu.linkonce.b.*)
 .bss           0x000094d8        0x0 ../experiment3_cpu2_bsp//obj/HAL/src/crt0.o
 .bss           0x000094d8        0x0 obj/default/experiment3_cpu2.o
 .bss           0x000094d8        0x0 /tools/altera/12.0/nios2eds/bin/gnu/H-i686-pc-linux-gnu/bin/../lib/gcc/nios2-elf/4.1.2/mno-hw-mul/libgcc.a(lib2-mul.o)
 .bss           0x000094d8        0x0 /tools/altera/12.0/nios2eds/bin/gnu/H-i686-pc-linux-gnu/bin/../lib/gcc/nios2-elf/4.1.2/../../../../nios2-elf/lib/mno-hw-mul/libsmallc.a(lib_a-puts.o)
 .bss           0x000094d8        0x0 /tools/altera/12.0/nios2eds/bin/gnu/H-i686-pc-linux-gnu/bin/../lib/gcc/nios2-elf/4.1.2/../../../../nios2-elf/lib/mno-hw-mul/libsmallc.a(lib_a-strlen.o)
 .bss           0x000094d8        0x0 /tools/altera/12.0/nios2eds/bin/gnu/H-i686-pc-linux-gnu/bin/../lib/gcc/nios2-elf/4.1.2/../../../../nios2-elf/lib/mno-hw-mul/libsmallc.a(lib_a-fvwrite_small_dev.o)
 .bss           0x000094d8        0x0 /tools/altera/12.0/nios2eds/bin/gnu/H-i686-pc-linux-gnu/bin/../lib/gcc/nios2-elf/4.1.2/../../../../nios2-elf/lib/mno-hw-mul/libsmallc.a(lib_a-impure.o)
 .bss           0x000094d8        0x0 /tools/altera/12.0/nios2eds/bin/gnu/H-i686-pc-linux-gnu/bin/../lib/gcc/nios2-elf/4.1.2/../../../../nios2-elf/lib/mno-hw-mul/libsmallc.a(lib_a-writer.o)
 .bss           0x000094d8        0x0 /tools/altera/12.0/nios2eds/bin/gnu/H-i686-pc-linux-gnu/bin/../lib/gcc/nios2-elf/4.1.2/../../../../nios2-elf/lib/mno-hw-mul/libsmallc.a(lib_a-int_errno.o)
 .bss           0x000094d8        0x0 ../experiment3_cpu2_bsp//libhal_bsp.a(alt_irq_register.o)
 .bss           0x000094d8        0x0 ../experiment3_cpu2_bsp//libhal_bsp.a(alt_irq_vars.o)
 .bss           0x000094d8        0x0 ../experiment3_cpu2_bsp//libhal_bsp.a(alt_load.o)
 .bss           0x000094d8        0x0 ../experiment3_cpu2_bsp//libhal_bsp.a(alt_main.o)
 .bss           0x000094d8        0x0 ../experiment3_cpu2_bsp//libhal_bsp.a(alt_tick.o)
 .bss           0x000094d8        0x0 ../experiment3_cpu2_bsp//libhal_bsp.a(alt_write.o)
 .bss           0x000094d8        0x0 ../experiment3_cpu2_bsp//libhal_bsp.a(alt_sys_init.o)
 .bss           0x000094d8        0x0 ../experiment3_cpu2_bsp//libhal_bsp.a(altera_avalon_mutex.o)
 .bss           0x000094d8        0x0 ../experiment3_cpu2_bsp//libhal_bsp.a(altera_avalon_timer_sc.o)
 .bss           0x000094d8        0x0 ../experiment3_cpu2_bsp//libhal_bsp.a(altera_up_avalon_character_lcd.o)
 .bss           0x000094d8        0x0 ../experiment3_cpu2_bsp//libhal_bsp.a(alt_dcache_flush_all.o)
 .bss           0x000094d8        0x0 ../experiment3_cpu2_bsp//libhal_bsp.a(alt_dev.o)
 .bss           0x000094d8        0x0 ../experiment3_cpu2_bsp//libhal_bsp.a(alt_dev_llist_insert.o)
 .bss           0x000094d8        0x0 ../experiment3_cpu2_bsp//libhal_bsp.a(alt_errno.o)
 .bss           0x000094d8        0x0 ../experiment3_cpu2_bsp//libhal_bsp.a(alt_find_dev.o)
 .bss           0x000094d8        0x0 ../experiment3_cpu2_bsp//libhal_bsp.a(alt_icache_flush_all.o)
 .bss           0x000094d8        0x0 ../experiment3_cpu2_bsp//libhal_bsp.a(alt_iic.o)
 .bss           0x000094d8        0x0 ../experiment3_cpu2_bsp//libhal_bsp.a(alt_iic_isr_register.o)
 .bss           0x000094d8        0x0 ../experiment3_cpu2_bsp//libhal_bsp.a(alt_irq_entry.o)
 .bss           0x000094d8        0x0 ../experiment3_cpu2_bsp//libhal_bsp.a(alt_irq_handler.o)
 .bss           0x000094d8        0x0 ../experiment3_cpu2_bsp//libhal_bsp.a(altera_nios2_qsys_irq.o)
 .bss           0x000094d8        0x0 ../experiment3_cpu2_bsp//libhal_bsp.a(alt_exception_entry.o)
 .bss           0x000094d8        0x0 /tools/altera/12.0/nios2eds/bin/gnu/H-i686-pc-linux-gnu/bin/../lib/gcc/nios2-elf/4.1.2/../../../../nios2-elf/lib/mno-hw-mul/libsmallc.a(lib_a-memcmp.o)
 *(COMMON)
 COMMON         0x000094d8      0x100 ../experiment3_cpu2_bsp//libhal_bsp.a(alt_irq_handler.o)
                0x000094d8                alt_irq
                0x000095d8                . = ALIGN (0x4)
                0x000095d8                __bss_end = ABSOLUTE (.)

.cpu2_onchip_ram
                0x000095d8        0x0
                0x000095d8                PROVIDE (_alt_partition_cpu2_onchip_ram_start, ABSOLUTE (.))
 *(.cpu2_onchip_ram. cpu2_onchip_ram.*)
                0x000095d8                . = ALIGN (0x4)
                0x000095d8                PROVIDE (_alt_partition_cpu2_onchip_ram_end, ABSOLUTE (.))
                0x000095d8                _end = ABSOLUTE (.)
                0x000095d8                end = ABSOLUTE (.)
                0x000095d8                __alt_stack_base = ABSOLUTE (.)
                0x000095d8                PROVIDE (_alt_partition_cpu2_onchip_ram_load_addr, LOADADDR (.cpu2_onchip_ram))

.message_buffer_ram
                0x00100000        0x0 load address 0x000095d8
                0x00100000                PROVIDE (_alt_partition_message_buffer_ram_start, ABSOLUTE (.))
 *(.message_buffer_ram. message_buffer_ram.*)
                0x00100000                . = ALIGN (0x4)
                0x00100000                PROVIDE (_alt_partition_message_buffer_ram_end, ABSOLUTE (.))
                0x000095d8                PROVIDE (_alt_partition_message_buffer_ram_load_addr, LOADADDR (.message_buffer_ram))

.stab
 *(.stab)

.stabstr
 *(.stabstr)

.stab.excl
 *(.stab.excl)

.stab.exclstr
 *(.stab.exclstr)

.stab.index
 *(.stab.index)

.stab.indexstr
 *(.stab.indexstr)

.comment        0x00000000       0x23
 *(.comment)
 .comment       0x00000000       0x23 obj/default/experiment3_cpu2.o
                                 0x24 (size before relaxing)
 .comment       0x00000000       0x24 /tools/altera/12.0/nios2eds/bin/gnu/H-i686-pc-linux-gnu/bin/../lib/gcc/nios2-elf/4.1.2/mno-hw-mul/libgcc.a(lib2-mul.o)
 .comment       0x00000000       0x24 /tools/altera/12.0/nios2eds/bin/gnu/H-i686-pc-linux-gnu/bin/../lib/gcc/nios2-elf/4.1.2/../../../../nios2-elf/lib/mno-hw-mul/libsmallc.a(lib_a-puts.o)
 .comment       0x00000000       0x24 /tools/altera/12.0/nios2eds/bin/gnu/H-i686-pc-linux-gnu/bin/../lib/gcc/nios2-elf/4.1.2/../../../../nios2-elf/lib/mno-hw-mul/libsmallc.a(lib_a-strlen.o)
 .comment       0x00000000       0x24 /tools/altera/12.0/nios2eds/bin/gnu/H-i686-pc-linux-gnu/bin/../lib/gcc/nios2-elf/4.1.2/../../../../nios2-elf/lib/mno-hw-mul/libsmallc.a(lib_a-fvwrite_small_dev.o)
 .comment       0x00000000       0x24 /tools/altera/12.0/nios2eds/bin/gnu/H-i686-pc-linux-gnu/bin/../lib/gcc/nios2-elf/4.1.2/../../../../nios2-elf/lib/mno-hw-mul/libsmallc.a(lib_a-impure.o)
 .comment       0x00000000       0x24 /tools/altera/12.0/nios2eds/bin/gnu/H-i686-pc-linux-gnu/bin/../lib/gcc/nios2-elf/4.1.2/../../../../nios2-elf/lib/mno-hw-mul/libsmallc.a(lib_a-writer.o)
 .comment       0x00000000       0x24 /tools/altera/12.0/nios2eds/bin/gnu/H-i686-pc-linux-gnu/bin/../lib/gcc/nios2-elf/4.1.2/../../../../nios2-elf/lib/mno-hw-mul/libsmallc.a(lib_a-int_errno.o)
 .comment       0x00000000       0x24 ../experiment3_cpu2_bsp//libhal_bsp.a(alt_irq_register.o)
 .comment       0x00000000       0x24 ../experiment3_cpu2_bsp//libhal_bsp.a(alt_irq_vars.o)
 .comment       0x00000000       0x24 ../experiment3_cpu2_bsp//libhal_bsp.a(alt_load.o)
 .comment       0x00000000       0x24 ../experiment3_cpu2_bsp//libhal_bsp.a(alt_main.o)
 .comment       0x00000000       0x24 ../experiment3_cpu2_bsp//libhal_bsp.a(alt_tick.o)
 .comment       0x00000000       0x24 ../experiment3_cpu2_bsp//libhal_bsp.a(alt_write.o)
 .comment       0x00000000       0x24 ../experiment3_cpu2_bsp//libhal_bsp.a(alt_sys_init.o)
 .comment       0x00000000       0x24 ../experiment3_cpu2_bsp//libhal_bsp.a(altera_avalon_mutex.o)
 .comment       0x00000000       0x24 ../experiment3_cpu2_bsp//libhal_bsp.a(altera_avalon_timer_sc.o)
 .comment       0x00000000       0x24 ../experiment3_cpu2_bsp//libhal_bsp.a(altera_up_avalon_character_lcd.o)
 .comment       0x00000000       0x24 ../experiment3_cpu2_bsp//libhal_bsp.a(alt_dcache_flush_all.o)
 .comment       0x00000000       0x24 ../experiment3_cpu2_bsp//libhal_bsp.a(alt_dev.o)
 .comment       0x00000000       0x24 ../experiment3_cpu2_bsp//libhal_bsp.a(alt_dev_llist_insert.o)
 .comment       0x00000000       0x24 ../experiment3_cpu2_bsp//libhal_bsp.a(alt_errno.o)
 .comment       0x00000000       0x24 ../experiment3_cpu2_bsp//libhal_bsp.a(alt_find_dev.o)
 .comment       0x00000000       0x24 ../experiment3_cpu2_bsp//libhal_bsp.a(alt_icache_flush_all.o)
 .comment       0x00000000       0x24 ../experiment3_cpu2_bsp//libhal_bsp.a(alt_iic.o)
 .comment       0x00000000       0x24 ../experiment3_cpu2_bsp//libhal_bsp.a(alt_iic_isr_register.o)
 .comment       0x00000000       0x24 ../experiment3_cpu2_bsp//libhal_bsp.a(alt_irq_handler.o)
 .comment       0x00000000       0x24 ../experiment3_cpu2_bsp//libhal_bsp.a(altera_nios2_qsys_irq.o)
 .comment       0x00000000       0x24 /tools/altera/12.0/nios2eds/bin/gnu/H-i686-pc-linux-gnu/bin/../lib/gcc/nios2-elf/4.1.2/../../../../nios2-elf/lib/mno-hw-mul/libsmallc.a(lib_a-memcmp.o)

.debug
 *(.debug)

.line
 *(.line)

.debug_srcinfo
 *(.debug_srcinfo)

.debug_sfnames
 *(.debug_sfnames)

.debug_aranges  0x00000000      0x3b8
 *(.debug_aranges)
 .debug_aranges
                0x00000000       0x28 ../experiment3_cpu2_bsp//obj/HAL/src/crt0.o
 .debug_aranges
                0x00000028       0x20 obj/default/experiment3_cpu2.o
 .debug_aranges
                0x00000048       0x20 /tools/altera/12.0/nios2eds/bin/gnu/H-i686-pc-linux-gnu/bin/../lib/gcc/nios2-elf/4.1.2/mno-hw-mul/libgcc.a(lib2-mul.o)
 .debug_aranges
                0x00000068       0x20 /tools/altera/12.0/nios2eds/bin/gnu/H-i686-pc-linux-gnu/bin/../lib/gcc/nios2-elf/4.1.2/../../../../nios2-elf/lib/mno-hw-mul/libsmallc.a(lib_a-puts.o)
 .debug_aranges
                0x00000088       0x20 /tools/altera/12.0/nios2eds/bin/gnu/H-i686-pc-linux-gnu/bin/../lib/gcc/nios2-elf/4.1.2/../../../../nios2-elf/lib/mno-hw-mul/libsmallc.a(lib_a-strlen.o)
 .debug_aranges
                0x000000a8       0x20 /tools/altera/12.0/nios2eds/bin/gnu/H-i686-pc-linux-gnu/bin/../lib/gcc/nios2-elf/4.1.2/../../../../nios2-elf/lib/mno-hw-mul/libsmallc.a(lib_a-fvwrite_small_dev.o)
 .debug_aranges
                0x000000c8       0x20 /tools/altera/12.0/nios2eds/bin/gnu/H-i686-pc-linux-gnu/bin/../lib/gcc/nios2-elf/4.1.2/../../../../nios2-elf/lib/mno-hw-mul/libsmallc.a(lib_a-writer.o)
 .debug_aranges
                0x000000e8       0x20 ../experiment3_cpu2_bsp//libhal_bsp.a(alt_irq_register.o)
 .debug_aranges
                0x00000108       0x20 ../experiment3_cpu2_bsp//libhal_bsp.a(alt_load.o)
 .debug_aranges
                0x00000128       0x20 ../experiment3_cpu2_bsp//libhal_bsp.a(alt_main.o)
 .debug_aranges
                0x00000148       0x20 ../experiment3_cpu2_bsp//libhal_bsp.a(alt_tick.o)
 .debug_aranges
                0x00000168       0x20 ../experiment3_cpu2_bsp//libhal_bsp.a(alt_write.o)
 .debug_aranges
                0x00000188       0x20 ../experiment3_cpu2_bsp//libhal_bsp.a(alt_sys_init.o)
 .debug_aranges
                0x000001a8       0x20 ../experiment3_cpu2_bsp//libhal_bsp.a(altera_avalon_mutex.o)
 .debug_aranges
                0x000001c8       0x20 ../experiment3_cpu2_bsp//libhal_bsp.a(altera_avalon_timer_sc.o)
 .debug_aranges
                0x000001e8       0x20 ../experiment3_cpu2_bsp//libhal_bsp.a(altera_up_avalon_character_lcd.o)
 .debug_aranges
                0x00000208       0x20 ../experiment3_cpu2_bsp//libhal_bsp.a(alt_dcache_flush_all.o)
 .debug_aranges
                0x00000228       0x20 ../experiment3_cpu2_bsp//libhal_bsp.a(alt_dev.o)
 .debug_aranges
                0x00000248       0x20 ../experiment3_cpu2_bsp//libhal_bsp.a(alt_dev_llist_insert.o)
 .debug_aranges
                0x00000268       0x20 ../experiment3_cpu2_bsp//libhal_bsp.a(alt_find_dev.o)
 .debug_aranges
                0x00000288       0x20 ../experiment3_cpu2_bsp//libhal_bsp.a(alt_icache_flush_all.o)
 .debug_aranges
                0x000002a8       0x20 ../experiment3_cpu2_bsp//libhal_bsp.a(alt_iic.o)
 .debug_aranges
                0x000002c8       0x20 ../experiment3_cpu2_bsp//libhal_bsp.a(alt_iic_isr_register.o)
 .debug_aranges
                0x000002e8       0x30 ../experiment3_cpu2_bsp//libhal_bsp.a(alt_irq_entry.o)
 .debug_aranges
                0x00000318       0x28 ../experiment3_cpu2_bsp//libhal_bsp.a(alt_irq_handler.o)
 .debug_aranges
                0x00000340       0x20 ../experiment3_cpu2_bsp//libhal_bsp.a(altera_nios2_qsys_irq.o)
 .debug_aranges
                0x00000360       0x38 ../experiment3_cpu2_bsp//libhal_bsp.a(alt_exception_entry.o)
 .debug_aranges
                0x00000398       0x20 /tools/altera/12.0/nios2eds/bin/gnu/H-i686-pc-linux-gnu/bin/../lib/gcc/nios2-elf/4.1.2/../../../../nios2-elf/lib/mno-hw-mul/libsmallc.a(lib_a-memcmp.o)

.debug_pubnames
                0x00000000      0x831
 *(.debug_pubnames)
 .debug_pubnames
                0x00000000       0x75 obj/default/experiment3_cpu2.o
 .debug_pubnames
                0x00000075       0x1f /tools/altera/12.0/nios2eds/bin/gnu/H-i686-pc-linux-gnu/bin/../lib/gcc/nios2-elf/4.1.2/mno-hw-mul/libgcc.a(lib2-mul.o)
 .debug_pubnames
                0x00000094       0x27 /tools/altera/12.0/nios2eds/bin/gnu/H-i686-pc-linux-gnu/bin/../lib/gcc/nios2-elf/4.1.2/../../../../nios2-elf/lib/mno-hw-mul/libsmallc.a(lib_a-puts.o)
 .debug_pubnames
                0x000000bb       0x1d /tools/altera/12.0/nios2eds/bin/gnu/H-i686-pc-linux-gnu/bin/../lib/gcc/nios2-elf/4.1.2/../../../../nios2-elf/lib/mno-hw-mul/libsmallc.a(lib_a-strlen.o)
 .debug_pubnames
                0x000000d8       0x2b /tools/altera/12.0/nios2eds/bin/gnu/H-i686-pc-linux-gnu/bin/../lib/gcc/nios2-elf/4.1.2/../../../../nios2-elf/lib/mno-hw-mul/libsmallc.a(lib_a-fvwrite_small_dev.o)
 .debug_pubnames
                0x00000103       0x39 /tools/altera/12.0/nios2eds/bin/gnu/H-i686-pc-linux-gnu/bin/../lib/gcc/nios2-elf/4.1.2/../../../../nios2-elf/lib/mno-hw-mul/libsmallc.a(lib_a-impure.o)
 .debug_pubnames
                0x0000013c       0x1f /tools/altera/12.0/nios2eds/bin/gnu/H-i686-pc-linux-gnu/bin/../lib/gcc/nios2-elf/4.1.2/../../../../nios2-elf/lib/mno-hw-mul/libsmallc.a(lib_a-writer.o)
 .debug_pubnames
                0x0000015b       0x1c /tools/altera/12.0/nios2eds/bin/gnu/H-i686-pc-linux-gnu/bin/../lib/gcc/nios2-elf/4.1.2/../../../../nios2-elf/lib/mno-hw-mul/libsmallc.a(lib_a-int_errno.o)
 .debug_pubnames
                0x00000177       0x27 ../experiment3_cpu2_bsp//libhal_bsp.a(alt_irq_register.o)
 .debug_pubnames
                0x0000019e       0x3b ../experiment3_cpu2_bsp//libhal_bsp.a(alt_irq_vars.o)
 .debug_pubnames
                0x000001d9       0x1f ../experiment3_cpu2_bsp//libhal_bsp.a(alt_load.o)
 .debug_pubnames
                0x000001f8       0x46 ../experiment3_cpu2_bsp//libhal_bsp.a(alt_main.o)
 .debug_pubnames
                0x0000023e       0x68 ../experiment3_cpu2_bsp//libhal_bsp.a(alt_tick.o)
 .debug_pubnames
                0x000002a6       0x1c ../experiment3_cpu2_bsp//libhal_bsp.a(alt_write.o)
 .debug_pubnames
                0x000002c2       0x34 ../experiment3_cpu2_bsp//libhal_bsp.a(alt_sys_init.o)
 .debug_pubnames
                0x000002f6       0xff ../experiment3_cpu2_bsp//libhal_bsp.a(altera_avalon_mutex.o)
 .debug_pubnames
                0x000003f5       0x2f ../experiment3_cpu2_bsp//libhal_bsp.a(altera_avalon_timer_sc.o)
 .debug_pubnames
                0x00000424      0x1cd ../experiment3_cpu2_bsp//libhal_bsp.a(altera_up_avalon_character_lcd.o)
 .debug_pubnames
                0x000005f1       0x2b ../experiment3_cpu2_bsp//libhal_bsp.a(alt_dcache_flush_all.o)
 .debug_pubnames
                0x0000061c       0x63 ../experiment3_cpu2_bsp//libhal_bsp.a(alt_dev.o)
 .debug_pubnames
                0x0000067f       0x2b ../experiment3_cpu2_bsp//libhal_bsp.a(alt_dev_llist_insert.o)
 .debug_pubnames
                0x000006aa       0x20 ../experiment3_cpu2_bsp//libhal_bsp.a(alt_errno.o)
 .debug_pubnames
                0x000006ca       0x23 ../experiment3_cpu2_bsp//libhal_bsp.a(alt_find_dev.o)
 .debug_pubnames
                0x000006ed       0x2b ../experiment3_cpu2_bsp//libhal_bsp.a(alt_icache_flush_all.o)
 .debug_pubnames
                0x00000718       0x6e ../experiment3_cpu2_bsp//libhal_bsp.a(alt_iic.o)
 .debug_pubnames
                0x00000786       0x2b ../experiment3_cpu2_bsp//libhal_bsp.a(alt_iic_isr_register.o)
 .debug_pubnames
                0x000007b1       0x32 ../experiment3_cpu2_bsp//libhal_bsp.a(alt_irq_handler.o)
 .debug_pubnames
                0x000007e3       0x31 ../experiment3_cpu2_bsp//libhal_bsp.a(altera_nios2_qsys_irq.o)
 .debug_pubnames
                0x00000814       0x1d /tools/altera/12.0/nios2eds/bin/gnu/H-i686-pc-linux-gnu/bin/../lib/gcc/nios2-elf/4.1.2/../../../../nios2-elf/lib/mno-hw-mul/libsmallc.a(lib_a-memcmp.o)

.debug_info     0x00000000     0x535d
 *(.debug_info .gnu.linkonce.wi.*)
 .debug_info    0x00000000       0xc7 ../experiment3_cpu2_bsp//obj/HAL/src/crt0.o
 .debug_info    0x000000c7      0x6af obj/default/experiment3_cpu2.o
 .debug_info    0x00000776       0xf3 /tools/altera/12.0/nios2eds/bin/gnu/H-i686-pc-linux-gnu/bin/../lib/gcc/nios2-elf/4.1.2/mno-hw-mul/libgcc.a(lib2-mul.o)
 .debug_info    0x00000869      0x685 /tools/altera/12.0/nios2eds/bin/gnu/H-i686-pc-linux-gnu/bin/../lib/gcc/nios2-elf/4.1.2/../../../../nios2-elf/lib/mno-hw-mul/libsmallc.a(lib_a-puts.o)
 .debug_info    0x00000eee       0xc2 /tools/altera/12.0/nios2eds/bin/gnu/H-i686-pc-linux-gnu/bin/../lib/gcc/nios2-elf/4.1.2/../../../../nios2-elf/lib/mno-hw-mul/libsmallc.a(lib_a-strlen.o)
 .debug_info    0x00000fb0      0x68e /tools/altera/12.0/nios2eds/bin/gnu/H-i686-pc-linux-gnu/bin/../lib/gcc/nios2-elf/4.1.2/../../../../nios2-elf/lib/mno-hw-mul/libsmallc.a(lib_a-fvwrite_small_dev.o)
 .debug_info    0x0000163e      0x636 /tools/altera/12.0/nios2eds/bin/gnu/H-i686-pc-linux-gnu/bin/../lib/gcc/nios2-elf/4.1.2/../../../../nios2-elf/lib/mno-hw-mul/libsmallc.a(lib_a-impure.o)
 .debug_info    0x00001c74      0x68c /tools/altera/12.0/nios2eds/bin/gnu/H-i686-pc-linux-gnu/bin/../lib/gcc/nios2-elf/4.1.2/../../../../nios2-elf/lib/mno-hw-mul/libsmallc.a(lib_a-writer.o)
 .debug_info    0x00002300       0x8c /tools/altera/12.0/nios2eds/bin/gnu/H-i686-pc-linux-gnu/bin/../lib/gcc/nios2-elf/4.1.2/../../../../nios2-elf/lib/mno-hw-mul/libsmallc.a(lib_a-int_errno.o)
 .debug_info    0x0000238c      0x2f4 ../experiment3_cpu2_bsp//libhal_bsp.a(alt_irq_register.o)
 .debug_info    0x00002680       0x92 ../experiment3_cpu2_bsp//libhal_bsp.a(alt_irq_vars.o)
 .debug_info    0x00002712      0x12e ../experiment3_cpu2_bsp//libhal_bsp.a(alt_load.o)
 .debug_info    0x00002840      0x125 ../experiment3_cpu2_bsp//libhal_bsp.a(alt_main.o)
 .debug_info    0x00002965      0x2a1 ../experiment3_cpu2_bsp//libhal_bsp.a(alt_tick.o)
 .debug_info    0x00002c06      0x166 ../experiment3_cpu2_bsp//libhal_bsp.a(alt_write.o)
 .debug_info    0x00002d6c      0x4b1 ../experiment3_cpu2_bsp//libhal_bsp.a(alt_sys_init.o)
 .debug_info    0x0000321d      0x399 ../experiment3_cpu2_bsp//libhal_bsp.a(altera_avalon_mutex.o)
 .debug_info    0x000035b6      0x221 ../experiment3_cpu2_bsp//libhal_bsp.a(altera_avalon_timer_sc.o)
 .debug_info    0x000037d7      0x64d ../experiment3_cpu2_bsp//libhal_bsp.a(altera_up_avalon_character_lcd.o)
 .debug_info    0x00003e24       0x8d ../experiment3_cpu2_bsp//libhal_bsp.a(alt_dcache_flush_all.o)
 .debug_info    0x00003eb1      0x4dd ../experiment3_cpu2_bsp//libhal_bsp.a(alt_dev.o)
 .debug_info    0x0000438e      0x1b7 ../experiment3_cpu2_bsp//libhal_bsp.a(alt_dev_llist_insert.o)
 .debug_info    0x00004545       0xab ../experiment3_cpu2_bsp//libhal_bsp.a(alt_errno.o)
 .debug_info    0x000045f0      0x310 ../experiment3_cpu2_bsp//libhal_bsp.a(alt_find_dev.o)
 .debug_info    0x00004900       0x8d ../experiment3_cpu2_bsp//libhal_bsp.a(alt_icache_flush_all.o)
 .debug_info    0x0000498d      0x341 ../experiment3_cpu2_bsp//libhal_bsp.a(alt_iic.o)
 .debug_info    0x00004cce      0x1f2 ../experiment3_cpu2_bsp//libhal_bsp.a(alt_iic_isr_register.o)
 .debug_info    0x00004ec0       0xd0 ../experiment3_cpu2_bsp//libhal_bsp.a(alt_irq_entry.o)
 .debug_info    0x00004f90      0x17b ../experiment3_cpu2_bsp//libhal_bsp.a(alt_irq_handler.o)
 .debug_info    0x0000510b       0x8d ../experiment3_cpu2_bsp//libhal_bsp.a(altera_nios2_qsys_irq.o)
 .debug_info    0x00005198       0xd6 ../experiment3_cpu2_bsp//libhal_bsp.a(alt_exception_entry.o)
 .debug_info    0x0000526e       0xef /tools/altera/12.0/nios2eds/bin/gnu/H-i686-pc-linux-gnu/bin/../lib/gcc/nios2-elf/4.1.2/../../../../nios2-elf/lib/mno-hw-mul/libsmallc.a(lib_a-memcmp.o)

.debug_abbrev   0x00000000     0x1c5f
 *(.debug_abbrev)
 .debug_abbrev  0x00000000       0x12 ../experiment3_cpu2_bsp//obj/HAL/src/crt0.o
 .debug_abbrev  0x00000012      0x1ba obj/default/experiment3_cpu2.o
 .debug_abbrev  0x000001cc       0x7b /tools/altera/12.0/nios2eds/bin/gnu/H-i686-pc-linux-gnu/bin/../lib/gcc/nios2-elf/4.1.2/mno-hw-mul/libgcc.a(lib2-mul.o)
 .debug_abbrev  0x00000247      0x180 /tools/altera/12.0/nios2eds/bin/gnu/H-i686-pc-linux-gnu/bin/../lib/gcc/nios2-elf/4.1.2/../../../../nios2-elf/lib/mno-hw-mul/libsmallc.a(lib_a-puts.o)
 .debug_abbrev  0x000003c7       0x7a /tools/altera/12.0/nios2eds/bin/gnu/H-i686-pc-linux-gnu/bin/../lib/gcc/nios2-elf/4.1.2/../../../../nios2-elf/lib/mno-hw-mul/libsmallc.a(lib_a-strlen.o)
 .debug_abbrev  0x00000441      0x179 /tools/altera/12.0/nios2eds/bin/gnu/H-i686-pc-linux-gnu/bin/../lib/gcc/nios2-elf/4.1.2/../../../../nios2-elf/lib/mno-hw-mul/libsmallc.a(lib_a-fvwrite_small_dev.o)
 .debug_abbrev  0x000005ba      0x13f /tools/altera/12.0/nios2eds/bin/gnu/H-i686-pc-linux-gnu/bin/../lib/gcc/nios2-elf/4.1.2/../../../../nios2-elf/lib/mno-hw-mul/libsmallc.a(lib_a-impure.o)
 .debug_abbrev  0x000006f9      0x16c /tools/altera/12.0/nios2eds/bin/gnu/H-i686-pc-linux-gnu/bin/../lib/gcc/nios2-elf/4.1.2/../../../../nios2-elf/lib/mno-hw-mul/libsmallc.a(lib_a-writer.o)
 .debug_abbrev  0x00000865       0x3b /tools/altera/12.0/nios2eds/bin/gnu/H-i686-pc-linux-gnu/bin/../lib/gcc/nios2-elf/4.1.2/../../../../nios2-elf/lib/mno-hw-mul/libsmallc.a(lib_a-int_errno.o)
 .debug_abbrev  0x000008a0      0x190 ../experiment3_cpu2_bsp//libhal_bsp.a(alt_irq_register.o)
 .debug_abbrev  0x00000a30       0x44 ../experiment3_cpu2_bsp//libhal_bsp.a(alt_irq_vars.o)
 .debug_abbrev  0x00000a74       0x97 ../experiment3_cpu2_bsp//libhal_bsp.a(alt_load.o)
 .debug_abbrev  0x00000b0b       0xa6 ../experiment3_cpu2_bsp//libhal_bsp.a(alt_main.o)
 .debug_abbrev  0x00000bb1      0x15f ../experiment3_cpu2_bsp//libhal_bsp.a(alt_tick.o)
 .debug_abbrev  0x00000d10       0xd4 ../experiment3_cpu2_bsp//libhal_bsp.a(alt_write.o)
 .debug_abbrev  0x00000de4      0x175 ../experiment3_cpu2_bsp//libhal_bsp.a(alt_sys_init.o)
 .debug_abbrev  0x00000f59      0x1a2 ../experiment3_cpu2_bsp//libhal_bsp.a(altera_avalon_mutex.o)
 .debug_abbrev  0x000010fb      0x158 ../experiment3_cpu2_bsp//libhal_bsp.a(altera_avalon_timer_sc.o)
 .debug_abbrev  0x00001253      0x182 ../experiment3_cpu2_bsp//libhal_bsp.a(altera_up_avalon_character_lcd.o)
 .debug_abbrev  0x000013d5       0x3f ../experiment3_cpu2_bsp//libhal_bsp.a(alt_dcache_flush_all.o)
 .debug_abbrev  0x00001414       0xd6 ../experiment3_cpu2_bsp//libhal_bsp.a(alt_dev.o)
 .debug_abbrev  0x000014ea      0x117 ../experiment3_cpu2_bsp//libhal_bsp.a(alt_dev_llist_insert.o)
 .debug_abbrev  0x00001601       0x5e ../experiment3_cpu2_bsp//libhal_bsp.a(alt_errno.o)
 .debug_abbrev  0x0000165f       0xed ../experiment3_cpu2_bsp//libhal_bsp.a(alt_find_dev.o)
 .debug_abbrev  0x0000174c       0x3f ../experiment3_cpu2_bsp//libhal_bsp.a(alt_icache_flush_all.o)
 .debug_abbrev  0x0000178b      0x160 ../experiment3_cpu2_bsp//libhal_bsp.a(alt_iic.o)
 .debug_abbrev  0x000018eb      0x17e ../experiment3_cpu2_bsp//libhal_bsp.a(alt_iic_isr_register.o)
 .debug_abbrev  0x00001a69       0x12 ../experiment3_cpu2_bsp//libhal_bsp.a(alt_irq_entry.o)
 .debug_abbrev  0x00001a7b      0x117 ../experiment3_cpu2_bsp//libhal_bsp.a(alt_irq_handler.o)
 .debug_abbrev  0x00001b92       0x3f ../experiment3_cpu2_bsp//libhal_bsp.a(altera_nios2_qsys_irq.o)
 .debug_abbrev  0x00001bd1       0x12 ../experiment3_cpu2_bsp//libhal_bsp.a(alt_exception_entry.o)
 .debug_abbrev  0x00001be3       0x7c /tools/altera/12.0/nios2eds/bin/gnu/H-i686-pc-linux-gnu/bin/../lib/gcc/nios2-elf/4.1.2/../../../../nios2-elf/lib/mno-hw-mul/libsmallc.a(lib_a-memcmp.o)

.debug_line     0x00000000     0x4980
 *(.debug_line)
 .debug_line    0x00000000       0x66 ../experiment3_cpu2_bsp//obj/HAL/src/crt0.o
 .debug_line    0x00000066      0x4ba obj/default/experiment3_cpu2.o
 .debug_line    0x00000520      0x18e /tools/altera/12.0/nios2eds/bin/gnu/H-i686-pc-linux-gnu/bin/../lib/gcc/nios2-elf/4.1.2/mno-hw-mul/libgcc.a(lib2-mul.o)
 .debug_line    0x000006ae      0x2ac /tools/altera/12.0/nios2eds/bin/gnu/H-i686-pc-linux-gnu/bin/../lib/gcc/nios2-elf/4.1.2/../../../../nios2-elf/lib/mno-hw-mul/libsmallc.a(lib_a-puts.o)
 .debug_line    0x0000095a      0x247 /tools/altera/12.0/nios2eds/bin/gnu/H-i686-pc-linux-gnu/bin/../lib/gcc/nios2-elf/4.1.2/../../../../nios2-elf/lib/mno-hw-mul/libsmallc.a(lib_a-strlen.o)
 .debug_line    0x00000ba1      0x2a3 /tools/altera/12.0/nios2eds/bin/gnu/H-i686-pc-linux-gnu/bin/../lib/gcc/nios2-elf/4.1.2/../../../../nios2-elf/lib/mno-hw-mul/libsmallc.a(lib_a-fvwrite_small_dev.o)
 .debug_line    0x00000e44      0x227 /tools/altera/12.0/nios2eds/bin/gnu/H-i686-pc-linux-gnu/bin/../lib/gcc/nios2-elf/4.1.2/../../../../nios2-elf/lib/mno-hw-mul/libsmallc.a(lib_a-impure.o)
 .debug_line    0x0000106b      0x294 /tools/altera/12.0/nios2eds/bin/gnu/H-i686-pc-linux-gnu/bin/../lib/gcc/nios2-elf/4.1.2/../../../../nios2-elf/lib/mno-hw-mul/libsmallc.a(lib_a-writer.o)
 .debug_line    0x000012ff      0x1dc /tools/altera/12.0/nios2eds/bin/gnu/H-i686-pc-linux-gnu/bin/../lib/gcc/nios2-elf/4.1.2/../../../../nios2-elf/lib/mno-hw-mul/libsmallc.a(lib_a-int_errno.o)
 .debug_line    0x000014db      0x29e ../experiment3_cpu2_bsp//libhal_bsp.a(alt_irq_register.o)
 .debug_line    0x00001779       0x72 ../experiment3_cpu2_bsp//libhal_bsp.a(alt_irq_vars.o)
 .debug_line    0x000017eb      0x223 ../experiment3_cpu2_bsp//libhal_bsp.a(alt_load.o)
 .debug_line    0x00001a0e      0x2ce ../experiment3_cpu2_bsp//libhal_bsp.a(alt_main.o)
 .debug_line    0x00001cdc      0x2fe ../experiment3_cpu2_bsp//libhal_bsp.a(alt_tick.o)
 .debug_line    0x00001fda      0x285 ../experiment3_cpu2_bsp//libhal_bsp.a(alt_write.o)
 .debug_line    0x0000225f      0x31d ../experiment3_cpu2_bsp//libhal_bsp.a(alt_sys_init.o)
 .debug_line    0x0000257c      0x38e ../experiment3_cpu2_bsp//libhal_bsp.a(altera_avalon_mutex.o)
 .debug_line    0x0000290a      0x2c5 ../experiment3_cpu2_bsp//libhal_bsp.a(altera_avalon_timer_sc.o)
 .debug_line    0x00002bcf      0x4fa ../experiment3_cpu2_bsp//libhal_bsp.a(altera_up_avalon_character_lcd.o)
 .debug_line    0x000030c9      0x1c1 ../experiment3_cpu2_bsp//libhal_bsp.a(alt_dcache_flush_all.o)
 .debug_line    0x0000328a      0x258 ../experiment3_cpu2_bsp//libhal_bsp.a(alt_dev.o)
 .debug_line    0x000034e2      0x268 ../experiment3_cpu2_bsp//libhal_bsp.a(alt_dev_llist_insert.o)
 .debug_line    0x0000374a      0x1b6 ../experiment3_cpu2_bsp//libhal_bsp.a(alt_errno.o)
 .debug_line    0x00003900      0x26d ../experiment3_cpu2_bsp//libhal_bsp.a(alt_find_dev.o)
 .debug_line    0x00003b6d      0x1c1 ../experiment3_cpu2_bsp//libhal_bsp.a(alt_icache_flush_all.o)
 .debug_line    0x00003d2e      0x28b ../experiment3_cpu2_bsp//libhal_bsp.a(alt_iic.o)
 .debug_line    0x00003fb9      0x245 ../experiment3_cpu2_bsp//libhal_bsp.a(alt_iic_isr_register.o)
 .debug_line    0x000041fe       0x6b ../experiment3_cpu2_bsp//libhal_bsp.a(alt_irq_entry.o)
 .debug_line    0x00004269      0x22b ../experiment3_cpu2_bsp//libhal_bsp.a(alt_irq_handler.o)
 .debug_line    0x00004494      0x1da ../experiment3_cpu2_bsp//libhal_bsp.a(altera_nios2_qsys_irq.o)
 .debug_line    0x0000466e       0xab ../experiment3_cpu2_bsp//libhal_bsp.a(alt_exception_entry.o)
 .debug_line    0x00004719      0x267 /tools/altera/12.0/nios2eds/bin/gnu/H-i686-pc-linux-gnu/bin/../lib/gcc/nios2-elf/4.1.2/../../../../nios2-elf/lib/mno-hw-mul/libsmallc.a(lib_a-memcmp.o)

.debug_frame    0x00000000      0x618
 *(.debug_frame)
 .debug_frame   0x00000000       0x90 obj/default/experiment3_cpu2.o
 .debug_frame   0x00000090       0x20 /tools/altera/12.0/nios2eds/bin/gnu/H-i686-pc-linux-gnu/bin/../lib/gcc/nios2-elf/4.1.2/mno-hw-mul/libgcc.a(lib2-mul.o)
 .debug_frame   0x000000b0       0x3c /tools/altera/12.0/nios2eds/bin/gnu/H-i686-pc-linux-gnu/bin/../lib/gcc/nios2-elf/4.1.2/../../../../nios2-elf/lib/mno-hw-mul/libsmallc.a(lib_a-puts.o)
 .debug_frame   0x000000ec       0x20 /tools/altera/12.0/nios2eds/bin/gnu/H-i686-pc-linux-gnu/bin/../lib/gcc/nios2-elf/4.1.2/../../../../nios2-elf/lib/mno-hw-mul/libsmallc.a(lib_a-strlen.o)
 .debug_frame   0x0000010c       0x30 /tools/altera/12.0/nios2eds/bin/gnu/H-i686-pc-linux-gnu/bin/../lib/gcc/nios2-elf/4.1.2/../../../../nios2-elf/lib/mno-hw-mul/libsmallc.a(lib_a-fvwrite_small_dev.o)
 .debug_frame   0x0000013c       0x2c /tools/altera/12.0/nios2eds/bin/gnu/H-i686-pc-linux-gnu/bin/../lib/gcc/nios2-elf/4.1.2/../../../../nios2-elf/lib/mno-hw-mul/libsmallc.a(lib_a-writer.o)
 .debug_frame   0x00000168       0x20 ../experiment3_cpu2_bsp//libhal_bsp.a(alt_irq_register.o)
 .debug_frame   0x00000188       0x38 ../experiment3_cpu2_bsp//libhal_bsp.a(alt_load.o)
 .debug_frame   0x000001c0       0x28 ../experiment3_cpu2_bsp//libhal_bsp.a(alt_main.o)
 .debug_frame   0x000001e8       0x3c ../experiment3_cpu2_bsp//libhal_bsp.a(alt_tick.o)
 .debug_frame   0x00000224       0x28 ../experiment3_cpu2_bsp//libhal_bsp.a(alt_write.o)
 .debug_frame   0x0000024c       0x40 ../experiment3_cpu2_bsp//libhal_bsp.a(alt_sys_init.o)
 .debug_frame   0x0000028c       0xa4 ../experiment3_cpu2_bsp//libhal_bsp.a(altera_avalon_mutex.o)
 .debug_frame   0x00000330       0x40 ../experiment3_cpu2_bsp//libhal_bsp.a(altera_avalon_timer_sc.o)
 .debug_frame   0x00000370      0x110 ../experiment3_cpu2_bsp//libhal_bsp.a(altera_up_avalon_character_lcd.o)
 .debug_frame   0x00000480       0x20 ../experiment3_cpu2_bsp//libhal_bsp.a(alt_dcache_flush_all.o)
 .debug_frame   0x000004a0       0x20 ../experiment3_cpu2_bsp//libhal_bsp.a(alt_dev.o)
 .debug_frame   0x000004c0       0x28 ../experiment3_cpu2_bsp//libhal_bsp.a(alt_dev_llist_insert.o)
 .debug_frame   0x000004e8       0x30 ../experiment3_cpu2_bsp//libhal_bsp.a(alt_find_dev.o)
 .debug_frame   0x00000518       0x20 ../experiment3_cpu2_bsp//libhal_bsp.a(alt_icache_flush_all.o)
 .debug_frame   0x00000538       0x50 ../experiment3_cpu2_bsp//libhal_bsp.a(alt_iic.o)
 .debug_frame   0x00000588       0x28 ../experiment3_cpu2_bsp//libhal_bsp.a(alt_iic_isr_register.o)
 .debug_frame   0x000005b0       0x28 ../experiment3_cpu2_bsp//libhal_bsp.a(alt_irq_handler.o)
 .debug_frame   0x000005d8       0x20 ../experiment3_cpu2_bsp//libhal_bsp.a(altera_nios2_qsys_irq.o)
 .debug_frame   0x000005f8       0x20 /tools/altera/12.0/nios2eds/bin/gnu/H-i686-pc-linux-gnu/bin/../lib/gcc/nios2-elf/4.1.2/../../../../nios2-elf/lib/mno-hw-mul/libsmallc.a(lib_a-memcmp.o)

.debug_str      0x00000000     0x153b
 *(.debug_str)
 .debug_str     0x00000000      0x30e obj/default/experiment3_cpu2.o
                                0x3ac (size before relaxing)
 .debug_str     0x0000030e       0xce /tools/altera/12.0/nios2eds/bin/gnu/H-i686-pc-linux-gnu/bin/../lib/gcc/nios2-elf/4.1.2/mno-hw-mul/libgcc.a(lib2-mul.o)
                                0x177 (size before relaxing)
 .debug_str     0x000003dc      0x389 /tools/altera/12.0/nios2eds/bin/gnu/H-i686-pc-linux-gnu/bin/../lib/gcc/nios2-elf/4.1.2/../../../../nios2-elf/lib/mno-hw-mul/libsmallc.a(lib_a-puts.o)
                                0x452 (size before relaxing)
 .debug_str     0x00000765       0xe4 /tools/altera/12.0/nios2eds/bin/gnu/H-i686-pc-linux-gnu/bin/../lib/gcc/nios2-elf/4.1.2/../../../../nios2-elf/lib/mno-hw-mul/libsmallc.a(lib_a-strlen.o)
                                0x186 (size before relaxing)
 .debug_str     0x00000849       0x70 /tools/altera/12.0/nios2eds/bin/gnu/H-i686-pc-linux-gnu/bin/../lib/gcc/nios2-elf/4.1.2/../../../../nios2-elf/lib/mno-hw-mul/libsmallc.a(lib_a-fvwrite_small_dev.o)
                                0x46c (size before relaxing)
 .debug_str     0x000008b9       0xfa /tools/altera/12.0/nios2eds/bin/gnu/H-i686-pc-linux-gnu/bin/../lib/gcc/nios2-elf/4.1.2/../../../../nios2-elf/lib/mno-hw-mul/libsmallc.a(lib_a-impure.o)
                                0x45f (size before relaxing)
 .debug_str     0x000009b3       0x4f /tools/altera/12.0/nios2eds/bin/gnu/H-i686-pc-linux-gnu/bin/../lib/gcc/nios2-elf/4.1.2/../../../../nios2-elf/lib/mno-hw-mul/libsmallc.a(lib_a-writer.o)
                                0x453 (size before relaxing)
 .debug_str     0x00000a02       0x40 /tools/altera/12.0/nios2eds/bin/gnu/H-i686-pc-linux-gnu/bin/../lib/gcc/nios2-elf/4.1.2/../../../../nios2-elf/lib/mno-hw-mul/libsmallc.a(lib_a-int_errno.o)
                                0x179 (size before relaxing)
 .debug_str     0x00000a42      0x165 ../experiment3_cpu2_bsp//libhal_bsp.a(alt_irq_register.o)
                                0x212 (size before relaxing)
 .debug_str     0x00000ba7       0x17 ../experiment3_cpu2_bsp//libhal_bsp.a(alt_irq_vars.o)
                                0x159 (size before relaxing)
 .debug_str     0x00000bbe       0xe9 ../experiment3_cpu2_bsp//libhal_bsp.a(alt_load.o)
                                0x21c (size before relaxing)
 .debug_str     0x00000ca7       0x44 ../experiment3_cpu2_bsp//libhal_bsp.a(alt_main.o)
                                0x1a0 (size before relaxing)
 .debug_str     0x00000ceb       0x7e ../experiment3_cpu2_bsp//libhal_bsp.a(alt_tick.o)
                                0x25c (size before relaxing)
 .debug_str     0x00000d69       0x22 ../experiment3_cpu2_bsp//libhal_bsp.a(alt_write.o)
                                0x1a0 (size before relaxing)
 .debug_str     0x00000d8b       0xd3 ../experiment3_cpu2_bsp//libhal_bsp.a(alt_sys_init.o)
                                0x332 (size before relaxing)
 .debug_str     0x00000e5e       0xfe ../experiment3_cpu2_bsp//libhal_bsp.a(altera_avalon_mutex.o)
                                0x2d4 (size before relaxing)
 .debug_str     0x00000f5c       0x7f ../experiment3_cpu2_bsp//libhal_bsp.a(altera_avalon_timer_sc.o)
                                0x24e (size before relaxing)
 .debug_str     0x00000fdb      0x1ea ../experiment3_cpu2_bsp//libhal_bsp.a(altera_up_avalon_character_lcd.o)
                                0x3fb (size before relaxing)
 .debug_str     0x000011c5       0x34 ../experiment3_cpu2_bsp//libhal_bsp.a(alt_dcache_flush_all.o)
                                0x15f (size before relaxing)
 .debug_str     0x000011f9      0x125 ../experiment3_cpu2_bsp//libhal_bsp.a(alt_dev.o)
                                0x30f (size before relaxing)
 .debug_str     0x0000131e       0x53 ../experiment3_cpu2_bsp//libhal_bsp.a(alt_dev_llist_insert.o)
                                0x1d6 (size before relaxing)
 .debug_str     0x00001371       0x14 ../experiment3_cpu2_bsp//libhal_bsp.a(alt_errno.o)
                                0x14f (size before relaxing)
 .debug_str     0x00001385       0x24 ../experiment3_cpu2_bsp//libhal_bsp.a(alt_find_dev.o)
                                0x1f6 (size before relaxing)
 .debug_str     0x000013a9       0x34 ../experiment3_cpu2_bsp//libhal_bsp.a(alt_icache_flush_all.o)
                                0x15f (size before relaxing)
 .debug_str     0x000013dd       0x70 ../experiment3_cpu2_bsp//libhal_bsp.a(alt_iic.o)
                                0x248 (size before relaxing)
 .debug_str     0x0000144d       0x34 ../experiment3_cpu2_bsp//libhal_bsp.a(alt_iic_isr_register.o)
                                0x1f2 (size before relaxing)
 .debug_str     0x00001481       0x3a ../experiment3_cpu2_bsp//libhal_bsp.a(alt_irq_handler.o)
                                0x1a1 (size before relaxing)
 .debug_str     0x000014bb       0x3b ../experiment3_cpu2_bsp//libhal_bsp.a(altera_nios2_qsys_irq.o)
                                0x166 (size before relaxing)
 .debug_str     0x000014f6       0x45 /tools/altera/12.0/nios2eds/bin/gnu/H-i686-pc-linux-gnu/bin/../lib/gcc/nios2-elf/4.1.2/../../../../nios2-elf/lib/mno-hw-mul/libsmallc.a(lib_a-memcmp.o)
                                0x180 (size before relaxing)

.debug_loc      0x00000000      0xf97
 *(.debug_loc)
 .debug_loc     0x00000000      0x1c8 obj/default/experiment3_cpu2.o
 .debug_loc     0x000001c8       0x4f /tools/altera/12.0/nios2eds/bin/gnu/H-i686-pc-linux-gnu/bin/../lib/gcc/nios2-elf/4.1.2/mno-hw-mul/libgcc.a(lib2-mul.o)
 .debug_loc     0x00000217       0xa2 /tools/altera/12.0/nios2eds/bin/gnu/H-i686-pc-linux-gnu/bin/../lib/gcc/nios2-elf/4.1.2/../../../../nios2-elf/lib/mno-hw-mul/libsmallc.a(lib_a-puts.o)
 .debug_loc     0x000002b9       0x1e /tools/altera/12.0/nios2eds/bin/gnu/H-i686-pc-linux-gnu/bin/../lib/gcc/nios2-elf/4.1.2/../../../../nios2-elf/lib/mno-hw-mul/libsmallc.a(lib_a-strlen.o)
 .debug_loc     0x000002d7      0x162 /tools/altera/12.0/nios2eds/bin/gnu/H-i686-pc-linux-gnu/bin/../lib/gcc/nios2-elf/4.1.2/../../../../nios2-elf/lib/mno-hw-mul/libsmallc.a(lib_a-fvwrite_small_dev.o)
 .debug_loc     0x00000439       0x97 /tools/altera/12.0/nios2eds/bin/gnu/H-i686-pc-linux-gnu/bin/../lib/gcc/nios2-elf/4.1.2/../../../../nios2-elf/lib/mno-hw-mul/libsmallc.a(lib_a-writer.o)
 .debug_loc     0x000004d0       0x52 ../experiment3_cpu2_bsp//libhal_bsp.a(alt_irq_register.o)
 .debug_loc     0x00000522       0x1f ../experiment3_cpu2_bsp//libhal_bsp.a(alt_load.o)
 .debug_loc     0x00000541       0x1f ../experiment3_cpu2_bsp//libhal_bsp.a(alt_main.o)
 .debug_loc     0x00000560       0x71 ../experiment3_cpu2_bsp//libhal_bsp.a(alt_tick.o)
 .debug_loc     0x000005d1       0x79 ../experiment3_cpu2_bsp//libhal_bsp.a(alt_write.o)
 .debug_loc     0x0000064a       0x51 ../experiment3_cpu2_bsp//libhal_bsp.a(alt_sys_init.o)
 .debug_loc     0x0000069b       0xd9 ../experiment3_cpu2_bsp//libhal_bsp.a(altera_avalon_mutex.o)
 .debug_loc     0x00000774       0xdc ../experiment3_cpu2_bsp//libhal_bsp.a(altera_avalon_timer_sc.o)
 .debug_loc     0x00000850      0x3cc ../experiment3_cpu2_bsp//libhal_bsp.a(altera_up_avalon_character_lcd.o)
 .debug_loc     0x00000c1c       0x5b ../experiment3_cpu2_bsp//libhal_bsp.a(alt_dev_llist_insert.o)
 .debug_loc     0x00000c77       0xef ../experiment3_cpu2_bsp//libhal_bsp.a(alt_find_dev.o)
 .debug_loc     0x00000d66       0x72 ../experiment3_cpu2_bsp//libhal_bsp.a(alt_iic.o)
 .debug_loc     0x00000dd8       0xf4 ../experiment3_cpu2_bsp//libhal_bsp.a(alt_iic_isr_register.o)
 .debug_loc     0x00000ecc       0x5b ../experiment3_cpu2_bsp//libhal_bsp.a(alt_irq_handler.o)
 .debug_loc     0x00000f27       0x70 /tools/altera/12.0/nios2eds/bin/gnu/H-i686-pc-linux-gnu/bin/../lib/gcc/nios2-elf/4.1.2/../../../../nios2-elf/lib/mno-hw-mul/libsmallc.a(lib_a-memcmp.o)

.debug_macinfo
 *(.debug_macinfo)

.debug_weaknames
 *(.debug_weaknames)

.debug_funcnames
 *(.debug_funcnames)

.debug_typenames
 *(.debug_typenames)

.debug_varnames
 *(.debug_varnames)

.debug_alt_sim_info
                0x00000000       0x10
 *(.debug_alt_sim_info)
 .debug_alt_sim_info
                0x00000000       0x10 ../experiment3_cpu2_bsp//obj/HAL/src/crt0.o
                0x00010000                __alt_data_end = 0x10000
                0x00010000                PROVIDE (__alt_stack_pointer, __alt_data_end)
                0x000095d8                PROVIDE (__alt_stack_limit, __alt_stack_base)
                0x000095d8                PROVIDE (__alt_heap_start, end)
                0x00010000                PROVIDE (__alt_heap_limit, 0x10000)
OUTPUT(experiment3_cpu2.elf elf32-littlenios2)

.debug_ranges   0x00000000       0xd8
 .debug_ranges  0x00000000       0x20 ../experiment3_cpu2_bsp//obj/HAL/src/crt0.o
 .debug_ranges  0x00000020       0x18 ../experiment3_cpu2_bsp//libhal_bsp.a(alt_sys_init.o)
 .debug_ranges  0x00000038       0x18 ../experiment3_cpu2_bsp//libhal_bsp.a(altera_avalon_timer_sc.o)
 .debug_ranges  0x00000050       0x18 ../experiment3_cpu2_bsp//libhal_bsp.a(alt_dev_llist_insert.o)
 .debug_ranges  0x00000068       0x28 ../experiment3_cpu2_bsp//libhal_bsp.a(alt_irq_entry.o)
 .debug_ranges  0x00000090       0x18 ../experiment3_cpu2_bsp//libhal_bsp.a(alt_irq_handler.o)
 .debug_ranges  0x000000a8       0x30 ../experiment3_cpu2_bsp//libhal_bsp.a(alt_exception_entry.o)
