Archive member included because of file (symbol)

/tools/altera/12.0/nios2eds/bin/gnu/H-i686-pc-linux-gnu/bin/../lib/gcc/nios2-elf/4.1.2/../../../../nios2-elf/lib/mno-hw-mul/libsmallc.a(lib_a-memset.o)
                              obj/default/experiment3a.o (memset)
/tools/altera/12.0/nios2eds/bin/gnu/H-i686-pc-linux-gnu/bin/../lib/gcc/nios2-elf/4.1.2/../../../../nios2-elf/lib/mno-hw-mul/libsmallc.a(lib_a-printf.o)
                              obj/default/experiment3a.o (printf)
/tools/altera/12.0/nios2eds/bin/gnu/H-i686-pc-linux-gnu/bin/../lib/gcc/nios2-elf/4.1.2/../../../../nios2-elf/lib/mno-hw-mul/libsmallc.a(lib_a-puts.o)
                              obj/default/experiment3a.o (puts)
/tools/altera/12.0/nios2eds/bin/gnu/H-i686-pc-linux-gnu/bin/../lib/gcc/nios2-elf/4.1.2/../../../../nios2-elf/lib/mno-hw-mul/libsmallc.a(lib_a-sprintf.o)
                              obj/default/experiment3a.o (sprintf)
/tools/altera/12.0/nios2eds/bin/gnu/H-i686-pc-linux-gnu/bin/../lib/gcc/nios2-elf/4.1.2/../../../../nios2-elf/lib/mno-hw-mul/libsmallc.a(lib_a-strlen.o)
                              /tools/altera/12.0/nios2eds/bin/gnu/H-i686-pc-linux-gnu/bin/../lib/gcc/nios2-elf/4.1.2/../../../../nios2-elf/lib/mno-hw-mul/libsmallc.a(lib_a-puts.o) (strlen)
/tools/altera/12.0/nios2eds/bin/gnu/H-i686-pc-linux-gnu/bin/../lib/gcc/nios2-elf/4.1.2/../../../../nios2-elf/lib/mno-hw-mul/libsmallc.a(lib_a-vfprintf.o)
                              /tools/altera/12.0/nios2eds/bin/gnu/H-i686-pc-linux-gnu/bin/../lib/gcc/nios2-elf/4.1.2/../../../../nios2-elf/lib/mno-hw-mul/libsmallc.a(lib_a-printf.o) (___vfprintf_internal_r)
/tools/altera/12.0/nios2eds/bin/gnu/H-i686-pc-linux-gnu/bin/../lib/gcc/nios2-elf/4.1.2/../../../../nios2-elf/lib/mno-hw-mul/libsmallc.a(lib_a-fvwrite_small_dev.o)
                              /tools/altera/12.0/nios2eds/bin/gnu/H-i686-pc-linux-gnu/bin/../lib/gcc/nios2-elf/4.1.2/../../../../nios2-elf/lib/mno-hw-mul/libsmallc.a(lib_a-printf.o) (__sfvwrite_small_dev)
/tools/altera/12.0/nios2eds/bin/gnu/H-i686-pc-linux-gnu/bin/../lib/gcc/nios2-elf/4.1.2/../../../../nios2-elf/lib/mno-hw-mul/libsmallc.a(lib_a-fvwrite_small_str.o)
                              /tools/altera/12.0/nios2eds/bin/gnu/H-i686-pc-linux-gnu/bin/../lib/gcc/nios2-elf/4.1.2/../../../../nios2-elf/lib/mno-hw-mul/libsmallc.a(lib_a-sprintf.o) (__sfvwrite_small_str)
/tools/altera/12.0/nios2eds/bin/gnu/H-i686-pc-linux-gnu/bin/../lib/gcc/nios2-elf/4.1.2/../../../../nios2-elf/lib/mno-hw-mul/libsmallc.a(lib_a-impure.o)
                              /tools/altera/12.0/nios2eds/bin/gnu/H-i686-pc-linux-gnu/bin/../lib/gcc/nios2-elf/4.1.2/../../../../nios2-elf/lib/mno-hw-mul/libsmallc.a(lib_a-printf.o) (_impure_ptr)
/tools/altera/12.0/nios2eds/bin/gnu/H-i686-pc-linux-gnu/bin/../lib/gcc/nios2-elf/4.1.2/../../../../nios2-elf/lib/mno-hw-mul/libsmallc.a(lib_a-memmove.o)
                              /tools/altera/12.0/nios2eds/bin/gnu/H-i686-pc-linux-gnu/bin/../lib/gcc/nios2-elf/4.1.2/../../../../nios2-elf/lib/mno-hw-mul/libsmallc.a(lib_a-fvwrite_small_str.o) (memmove)
/tools/altera/12.0/nios2eds/bin/gnu/H-i686-pc-linux-gnu/bin/../lib/gcc/nios2-elf/4.1.2/../../../../nios2-elf/lib/mno-hw-mul/libsmallc.a(lib_a-writer.o)
                              /tools/altera/12.0/nios2eds/bin/gnu/H-i686-pc-linux-gnu/bin/../lib/gcc/nios2-elf/4.1.2/../../../../nios2-elf/lib/mno-hw-mul/libsmallc.a(lib_a-fvwrite_small_dev.o) (_write_r)
/tools/altera/12.0/nios2eds/bin/gnu/H-i686-pc-linux-gnu/bin/../lib/gcc/nios2-elf/4.1.2/../../../../nios2-elf/lib/mno-hw-mul/libsmallc.a(lib_a-int_errno.o)
                              /tools/altera/12.0/nios2eds/bin/gnu/H-i686-pc-linux-gnu/bin/../lib/gcc/nios2-elf/4.1.2/../../../../nios2-elf/lib/mno-hw-mul/libsmallc.a(lib_a-writer.o) (errno)
/tools/altera/12.0/nios2eds/bin/gnu/H-i686-pc-linux-gnu/bin/../lib/gcc/nios2-elf/4.1.2/mno-hw-mul/libgcc.a(lib2-divmod.o)
                              /tools/altera/12.0/nios2eds/bin/gnu/H-i686-pc-linux-gnu/bin/../lib/gcc/nios2-elf/4.1.2/../../../../nios2-elf/lib/mno-hw-mul/libsmallc.a(lib_a-vfprintf.o) (__udivsi3)
/tools/altera/12.0/nios2eds/bin/gnu/H-i686-pc-linux-gnu/bin/../lib/gcc/nios2-elf/4.1.2/mno-hw-mul/libgcc.a(lib2-mul.o)
                              /tools/altera/12.0/nios2eds/bin/gnu/H-i686-pc-linux-gnu/bin/../lib/gcc/nios2-elf/4.1.2/../../../../nios2-elf/lib/mno-hw-mul/libsmallc.a(lib_a-vfprintf.o) (__mulsi3)
../experiment3a_bsp//libhal_bsp.a(alt_load.o)
                              ../experiment3a_bsp//obj/HAL/src/crt0.o (alt_load)
../experiment3a_bsp//libhal_bsp.a(alt_main.o)
                              ../experiment3a_bsp//obj/HAL/src/crt0.o (alt_main)
../experiment3a_bsp//libhal_bsp.a(alt_printf.o)
                              obj/default/experiment3a.o (alt_printf)
../experiment3a_bsp//libhal_bsp.a(alt_putchar.o)
                              ../experiment3a_bsp//libhal_bsp.a(alt_printf.o) (alt_putchar)
../experiment3a_bsp//libhal_bsp.a(alt_usleep.o)
                              obj/default/experiment3a.o (usleep)
../experiment3a_bsp//libhal_bsp.a(alt_write.o)
                              /tools/altera/12.0/nios2eds/bin/gnu/H-i686-pc-linux-gnu/bin/../lib/gcc/nios2-elf/4.1.2/../../../../nios2-elf/lib/mno-hw-mul/libsmallc.a(lib_a-writer.o) (write)
../experiment3a_bsp//libhal_bsp.a(alt_sys_init.o)
                              ../experiment3a_bsp//libhal_bsp.a(alt_main.o) (alt_sys_init)
../experiment3a_bsp//libhal_bsp.a(altera_avalon_jtag_uart_write.o)
                              ../experiment3a_bsp//libhal_bsp.a(alt_putchar.o) (altera_avalon_jtag_uart_write)
../experiment3a_bsp//libhal_bsp.a(altera_up_avalon_character_lcd.o)
                              obj/default/experiment3a.o (alt_up_character_lcd_string)
../experiment3a_bsp//libhal_bsp.a(alt_busy_sleep.o)
                              ../experiment3a_bsp//libhal_bsp.a(alt_usleep.o) (alt_busy_sleep)
../experiment3a_bsp//libhal_bsp.a(alt_dcache_flush_all.o)
                              ../experiment3a_bsp//libhal_bsp.a(alt_load.o) (alt_dcache_flush_all)
../experiment3a_bsp//libhal_bsp.a(alt_dev.o)
                              ../experiment3a_bsp//libhal_bsp.a(alt_sys_init.o) (alt_dev_list)
../experiment3a_bsp//libhal_bsp.a(alt_dev_llist_insert.o)
                              ../experiment3a_bsp//libhal_bsp.a(alt_sys_init.o) (alt_dev_llist_insert)
../experiment3a_bsp//libhal_bsp.a(alt_errno.o)
                              ../experiment3a_bsp//libhal_bsp.a(alt_write.o) (alt_errno)
../experiment3a_bsp//libhal_bsp.a(alt_find_dev.o)
                              ../experiment3a_bsp//libhal_bsp.a(altera_up_avalon_character_lcd.o) (alt_find_dev)
../experiment3a_bsp//libhal_bsp.a(alt_icache_flush_all.o)
                              ../experiment3a_bsp//libhal_bsp.a(alt_load.o) (alt_icache_flush_all)
../experiment3a_bsp//libhal_bsp.a(altera_nios2_qsys_irq.o)
                              ../experiment3a_bsp//libhal_bsp.a(alt_sys_init.o) (altera_nios2_qsys_irq_init)
/tools/altera/12.0/nios2eds/bin/gnu/H-i686-pc-linux-gnu/bin/../lib/gcc/nios2-elf/4.1.2/../../../../nios2-elf/lib/mno-hw-mul/libsmallc.a(lib_a-memcmp.o)
                              ../experiment3a_bsp//libhal_bsp.a(alt_find_dev.o) (memcmp)

Allocating common symbols
Common symbol       size              file

errno               0x4               /tools/altera/12.0/nios2eds/bin/gnu/H-i686-pc-linux-gnu/bin/../lib/gcc/nios2-elf/4.1.2/../../../../nios2-elf/lib/mno-hw-mul/libsmallc.a(lib_a-int_errno.o)

Memory Configuration

Name             Origin             Length             Attributes
reset            0x00004000         0x00000020
onchip_memory2_0 0x00004020         0x00003fe0
*default*        0x00000000         0xffffffff

Linker script and memory map

LOAD ../experiment3a_bsp//obj/HAL/src/crt0.o
                0x0000400c                exit = _exit
LOAD obj/default/experiment3a.o
LOAD /tools/altera/12.0/nios2eds/bin/gnu/H-i686-pc-linux-gnu/bin/../lib/gcc/nios2-elf/4.1.2/../../../../nios2-elf/lib/mno-hw-mul/libstdc++.a
LOAD /tools/altera/12.0/nios2eds/bin/gnu/H-i686-pc-linux-gnu/bin/../lib/gcc/nios2-elf/4.1.2/../../../../nios2-elf/lib/mno-hw-mul/libm.a
LOAD /tools/altera/12.0/nios2eds/bin/gnu/H-i686-pc-linux-gnu/bin/../lib/gcc/nios2-elf/4.1.2/mno-hw-mul/libgcc.a
START GROUP
LOAD /tools/altera/12.0/nios2eds/bin/gnu/H-i686-pc-linux-gnu/bin/../lib/gcc/nios2-elf/4.1.2/../../../../nios2-elf/lib/mno-hw-mul/libsmallc.a
LOAD /tools/altera/12.0/nios2eds/bin/gnu/H-i686-pc-linux-gnu/bin/../lib/gcc/nios2-elf/4.1.2/mno-hw-mul/libgcc.a
LOAD ../experiment3a_bsp//libhal_bsp.a
END GROUP
LOAD /tools/altera/12.0/nios2eds/bin/gnu/H-i686-pc-linux-gnu/bin/../lib/gcc/nios2-elf/4.1.2/mno-hw-mul/libgcc.a
                0x00004000                __alt_mem_onchip_memory2_0 = 0x4000

.entry          0x00004000       0x20
 *(.entry)
 .entry         0x00004000       0x20 ../experiment3a_bsp//obj/HAL/src/crt0.o
                0x00004000                __reset
                0x0000400c                _exit

.exceptions     0x00004020        0x0
                0x00004020                PROVIDE (__ram_exceptions_start, ABSOLUTE (.))
                0x00004020                . = ALIGN (0x20)
 *(.irq)
 *(.exceptions.entry.label)
 *(.exceptions.entry.user)
 *(.exceptions.entry)
 *(.exceptions.irqtest.user)
 *(.exceptions.irqtest)
 *(.exceptions.irqhandler.user)
 *(.exceptions.irqhandler)
 *(.exceptions.irqreturn.user)
 *(.exceptions.irqreturn)
 *(.exceptions.notirq.label)
 *(.exceptions.notirq.user)
 *(.exceptions.notirq)
 *(.exceptions.soft.user)
 *(.exceptions.soft)
 *(.exceptions.unknown.user)
 *(.exceptions.unknown)
 *(.exceptions.exit.label)
 *(.exceptions.exit.user)
 *(.exceptions.exit)
 *(.exceptions)
                0x00004020                PROVIDE (__ram_exceptions_end, ABSOLUTE (.))
                0x00004020                PROVIDE (__flash_exceptions_start, LOADADDR (.exceptions))

.text           0x00004020     0x183c
                0x00004020                PROVIDE (stext, ABSOLUTE (.))
 *(.interp)
 *(.hash)
 *(.dynsym)
 *(.dynstr)
 *(.gnu.version)
 *(.gnu.version_d)
 *(.gnu.version_r)
 *(.rel.init)
 *(.rela.init)
 *(.rel.text .rel.text.* .rel.gnu.linkonce.t.*)
 *(.rela.text .rela.text.* .rela.gnu.linkonce.t.*)
 *(.rel.fini)
 *(.rela.fini)
 *(.rel.rodata .rel.rodata.* .rel.gnu.linkonce.r.*)
 *(.rela.rodata .rela.rodata.* .rela.gnu.linkonce.r.*)
 *(.rel.data .rel.data.* .rel.gnu.linkonce.d.*)
 *(.rela.data .rela.data.* .rela.gnu.linkonce.d.*)
 *(.rel.tdata .rel.tdata.* .rel.gnu.linkonce.td.*)
 *(.rela.tdata .rela.tdata.* .rela.gnu.linkonce.td.*)
 *(.rel.tbss .rel.tbss.* .rel.gnu.linkonce.tb.*)
 *(.rela.tbss .rela.tbss.* .rela.gnu.linkonce.tb.*)
 *(.rel.ctors)
 *(.rela.ctors)
 *(.rel.dtors)
 *(.rela.dtors)
 *(.rel.got)
 *(.rela.got)
 *(.rel.sdata .rel.sdata.* .rel.gnu.linkonce.s.*)
 *(.rela.sdata .rela.sdata.* .rela.gnu.linkonce.s.*)
 *(.rel.sbss .rel.sbss.* .rel.gnu.linkonce.sb.*)
 *(.rela.sbss .rela.sbss.* .rela.gnu.linkonce.sb.*)
 *(.rel.sdata2 .rel.sdata2.* .rel.gnu.linkonce.s2.*)
 *(.rela.sdata2 .rela.sdata2.* .rela.gnu.linkonce.s2.*)
 *(.rel.sbss2 .rel.sbss2.* .rel.gnu.linkonce.sb2.*)
 *(.rela.sbss2 .rela.sbss2.* .rela.gnu.linkonce.sb2.*)
 *(.rel.bss .rel.bss.* .rel.gnu.linkonce.b.*)
 *(.rela.bss .rela.bss.* .rela.gnu.linkonce.b.*)
 *(.rel.plt)
 *(.rela.plt)
 *(.rel.dyn)
 *(.init)
 *(.plt)
 *(.text .stub .text.* .gnu.linkonce.t.*)
 .text          0x00004020       0x3c ../experiment3a_bsp//obj/HAL/src/crt0.o
                0x00004020                _start
 .text          0x0000405c      0x3b8 obj/default/experiment3a.o
                0x0000405c                main
 .text          0x00004414       0x20 /tools/altera/12.0/nios2eds/bin/gnu/H-i686-pc-linux-gnu/bin/../lib/gcc/nios2-elf/4.1.2/../../../../nios2-elf/lib/mno-hw-mul/libsmallc.a(lib_a-memset.o)
                0x00004414                memset
 .text          0x00004434       0x98 /tools/altera/12.0/nios2eds/bin/gnu/H-i686-pc-linux-gnu/bin/../lib/gcc/nios2-elf/4.1.2/../../../../nios2-elf/lib/mno-hw-mul/libsmallc.a(lib_a-printf.o)
                0x00004434                printf
                0x00004488                _printf_r
 .text          0x000044cc       0xa4 /tools/altera/12.0/nios2eds/bin/gnu/H-i686-pc-linux-gnu/bin/../lib/gcc/nios2-elf/4.1.2/../../../../nios2-elf/lib/mno-hw-mul/libsmallc.a(lib_a-puts.o)
                0x000044cc                _puts_r
                0x0000455c                puts
 .text          0x00004570       0xf4 /tools/altera/12.0/nios2eds/bin/gnu/H-i686-pc-linux-gnu/bin/../lib/gcc/nios2-elf/4.1.2/../../../../nios2-elf/lib/mno-hw-mul/libsmallc.a(lib_a-sprintf.o)
                0x00004570                sprintf
                0x000045f4                _sprintf_r
 .text          0x00004664       0x20 /tools/altera/12.0/nios2eds/bin/gnu/H-i686-pc-linux-gnu/bin/../lib/gcc/nios2-elf/4.1.2/../../../../nios2-elf/lib/mno-hw-mul/libsmallc.a(lib_a-strlen.o)
                0x00004664                strlen
 .text          0x00004684      0x6a4 /tools/altera/12.0/nios2eds/bin/gnu/H-i686-pc-linux-gnu/bin/../lib/gcc/nios2-elf/4.1.2/../../../../nios2-elf/lib/mno-hw-mul/libsmallc.a(lib_a-vfprintf.o)
                0x00004704                ___vfprintf_internal_r
                0x00004d04                __vfprintf_internal
 .text          0x00004d28       0xbc /tools/altera/12.0/nios2eds/bin/gnu/H-i686-pc-linux-gnu/bin/../lib/gcc/nios2-elf/4.1.2/../../../../nios2-elf/lib/mno-hw-mul/libsmallc.a(lib_a-fvwrite_small_dev.o)
                0x00004d28                __sfvwrite_small_dev
 .text          0x00004de4       0xb8 /tools/altera/12.0/nios2eds/bin/gnu/H-i686-pc-linux-gnu/bin/../lib/gcc/nios2-elf/4.1.2/../../../../nios2-elf/lib/mno-hw-mul/libsmallc.a(lib_a-fvwrite_small_str.o)
                0x00004de4                __sfvwrite_small_str
 .text          0x00004e9c        0x0 /tools/altera/12.0/nios2eds/bin/gnu/H-i686-pc-linux-gnu/bin/../lib/gcc/nios2-elf/4.1.2/../../../../nios2-elf/lib/mno-hw-mul/libsmallc.a(lib_a-impure.o)
 .text          0x00004e9c       0x60 /tools/altera/12.0/nios2eds/bin/gnu/H-i686-pc-linux-gnu/bin/../lib/gcc/nios2-elf/4.1.2/../../../../nios2-elf/lib/mno-hw-mul/libsmallc.a(lib_a-memmove.o)
                0x00004e9c                memmove
 .text          0x00004efc       0x78 /tools/altera/12.0/nios2eds/bin/gnu/H-i686-pc-linux-gnu/bin/../lib/gcc/nios2-elf/4.1.2/../../../../nios2-elf/lib/mno-hw-mul/libsmallc.a(lib_a-writer.o)
                0x00004efc                _write_r
 .text          0x00004f74        0x0 /tools/altera/12.0/nios2eds/bin/gnu/H-i686-pc-linux-gnu/bin/../lib/gcc/nios2-elf/4.1.2/../../../../nios2-elf/lib/mno-hw-mul/libsmallc.a(lib_a-int_errno.o)
 .text          0x00004f74      0x14c /tools/altera/12.0/nios2eds/bin/gnu/H-i686-pc-linux-gnu/bin/../lib/gcc/nios2-elf/4.1.2/mno-hw-mul/libgcc.a(lib2-divmod.o)
                0x00004ff0                __divsi3
                0x00005050                __modsi3
                0x000050b0                __udivsi3
                0x000050b8                __umodsi3
 .text          0x000050c0       0x38 /tools/altera/12.0/nios2eds/bin/gnu/H-i686-pc-linux-gnu/bin/../lib/gcc/nios2-elf/4.1.2/mno-hw-mul/libgcc.a(lib2-mul.o)
                0x000050c0                __mulsi3
 .text          0x000050f8       0x8c ../experiment3a_bsp//libhal_bsp.a(alt_load.o)
                0x00005118                alt_load
 .text          0x00005184       0x2c ../experiment3a_bsp//libhal_bsp.a(alt_main.o)
                0x00005184                alt_main
 .text          0x000051b0      0x144 ../experiment3a_bsp//libhal_bsp.a(alt_printf.o)
                0x000051b0                alt_printf
 .text          0x000052f4       0x50 ../experiment3a_bsp//libhal_bsp.a(alt_putchar.o)
                0x000052f4                alt_putchar
 .text          0x00005344        0x4 ../experiment3a_bsp//libhal_bsp.a(alt_usleep.o)
                0x00005344                usleep
 .text          0x00005348       0x78 ../experiment3a_bsp//libhal_bsp.a(alt_write.o)
                0x00005348                write
 .text          0x000053c0       0x58 ../experiment3a_bsp//libhal_bsp.a(alt_sys_init.o)
                0x000053c0                alt_sys_init
                0x000053f8                alt_irq_init
 .text          0x00005418       0x34 ../experiment3a_bsp//libhal_bsp.a(altera_avalon_jtag_uart_write.o)
                0x00005418                altera_avalon_jtag_uart_write
 .text          0x0000544c      0x250 ../experiment3a_bsp//libhal_bsp.a(altera_up_avalon_character_lcd.o)
                0x0000544c                get_DDRAM_addr
                0x00005464                alt_up_character_lcd_string
                0x00005480                alt_up_character_lcd_write
                0x000054a4                alt_up_character_lcd_write_fd
                0x000054c4                alt_up_character_lcd_init
                0x000054d4                alt_up_character_lcd_send_cmd
                0x000054e4                alt_up_character_lcd_cursor_blink_on
                0x000054ec                alt_up_character_lcd_cursor_off
                0x000054f4                alt_up_character_lcd_erase_pos
                0x00005558                alt_up_character_lcd_shift_display
                0x000055c8                alt_up_character_lcd_shift_cursor
                0x00005638                alt_up_character_lcd_set_cursor_pos
                0x00005690                alt_up_character_lcd_open_dev
 .text          0x0000569c       0x8c ../experiment3a_bsp//libhal_bsp.a(alt_busy_sleep.o)
                0x0000569c                alt_busy_sleep
 .text          0x00005728        0x4 ../experiment3a_bsp//libhal_bsp.a(alt_dcache_flush_all.o)
                0x00005728                alt_dcache_flush_all
 .text          0x0000572c        0x8 ../experiment3a_bsp//libhal_bsp.a(alt_dev.o)
 .text          0x00005734       0x70 ../experiment3a_bsp//libhal_bsp.a(alt_dev_llist_insert.o)
                0x00005734                alt_dev_llist_insert
 .text          0x000057a4        0x0 ../experiment3a_bsp//libhal_bsp.a(alt_errno.o)
 .text          0x000057a4       0x70 ../experiment3a_bsp//libhal_bsp.a(alt_find_dev.o)
                0x000057a4                alt_find_dev
 .text          0x00005814        0x4 ../experiment3a_bsp//libhal_bsp.a(alt_icache_flush_all.o)
                0x00005814                alt_icache_flush_all
 .text          0x00005818        0x8 ../experiment3a_bsp//libhal_bsp.a(altera_nios2_qsys_irq.o)
                0x00005818                altera_nios2_qsys_irq_init
 .text          0x00005820       0x3c /tools/altera/12.0/nios2eds/bin/gnu/H-i686-pc-linux-gnu/bin/../lib/gcc/nios2-elf/4.1.2/../../../../nios2-elf/lib/mno-hw-mul/libsmallc.a(lib_a-memcmp.o)
                0x00005820                memcmp
 *(.gnu.warning.*)
 *(.fini)
                0x0000585c                PROVIDE (__etext, ABSOLUTE (.))
                0x0000585c                PROVIDE (_etext, ABSOLUTE (.))
                0x0000585c                PROVIDE (etext, ABSOLUTE (.))
 *(.eh_frame_hdr)
                0x0000585c                . = ALIGN (0x4)
                0x0000585c                PROVIDE (__preinit_array_start, ABSOLUTE (.))
 *(.preinit_array)
                0x0000585c                PROVIDE (__preinit_array_end, ABSOLUTE (.))
                0x0000585c                PROVIDE (__init_array_start, ABSOLUTE (.))
 *(.init_array)
                0x0000585c                PROVIDE (__init_array_end, ABSOLUTE (.))
                0x0000585c                PROVIDE (__fini_array_start, ABSOLUTE (.))
 *(.fini_array)
                0x0000585c                PROVIDE (__fini_array_end, ABSOLUTE (.))
 *(.eh_frame)
 *(.gcc_except_table)
 *(.dynamic)
                0x0000585c                PROVIDE (__CTOR_LIST__, ABSOLUTE (.))
 *(.ctors)
 *(SORT(.ctors.*))
                0x0000585c                PROVIDE (__CTOR_END__, ABSOLUTE (.))
                0x0000585c                PROVIDE (__DTOR_LIST__, ABSOLUTE (.))
 *(.dtors)
 *(SORT(.dtors.*))
                0x0000585c                PROVIDE (__DTOR_END__, ABSOLUTE (.))
 *(.jcr)
                0x0000585c                . = ALIGN (0x4)

.rodata         0x0000585c      0x110
                0x0000585c                PROVIDE (__ram_rodata_start, ABSOLUTE (.))
                0x0000585c                . = ALIGN (0x4)
 *(.rodata .rodata.* .gnu.linkonce.r.*)
 .rodata.str1.4
                0x0000585c      0x101 obj/default/experiment3a.o
                                0x104 (size before relaxing)
 .rodata.str1.4
                0x00000000      0x101 /tools/altera/12.0/nios2eds/bin/gnu/H-i686-pc-linux-gnu/bin/../lib/gcc/nios2-elf/4.1.2/../../../../nios2-elf/lib/mno-hw-mul/libsmallc.a(lib_a-puts.o)
                                  0x4 (size before relaxing)
 .rodata.str1.4
                0x00000000       0x18 ../experiment3a_bsp//libhal_bsp.a(alt_sys_init.o)
 *fill*         0x0000595d        0x3 00
 .rodata.str1.4
                0x00005960        0xc ../experiment3a_bsp//libhal_bsp.a(alt_dev.o)
 *(.rodata1)
                0x0000596c                . = ALIGN (0x4)
                0x0000596c                PROVIDE (__ram_rodata_end, ABSOLUTE (.))
                0x0000585c                PROVIDE (__flash_rodata_start, LOADADDR (.rodata))

.rwdata         0x0000596c      0x188 load address 0x00005af4
                0x0000596c                PROVIDE (__ram_rwdata_start, ABSOLUTE (.))
                0x0000596c                . = ALIGN (0x4)
 *(.got.plt)
 *(.got)
 *(.data1)
 *(.data .data.* .gnu.linkonce.d.*)
 .data          0x0000596c        0x0 ../experiment3a_bsp//obj/HAL/src/crt0.o
 .data          0x0000596c        0x0 obj/default/experiment3a.o
 .data          0x0000596c        0x0 /tools/altera/12.0/nios2eds/bin/gnu/H-i686-pc-linux-gnu/bin/../lib/gcc/nios2-elf/4.1.2/../../../../nios2-elf/lib/mno-hw-mul/libsmallc.a(lib_a-memset.o)
 .data          0x0000596c        0x0 /tools/altera/12.0/nios2eds/bin/gnu/H-i686-pc-linux-gnu/bin/../lib/gcc/nios2-elf/4.1.2/../../../../nios2-elf/lib/mno-hw-mul/libsmallc.a(lib_a-printf.o)
 .data          0x0000596c        0x0 /tools/altera/12.0/nios2eds/bin/gnu/H-i686-pc-linux-gnu/bin/../lib/gcc/nios2-elf/4.1.2/../../../../nios2-elf/lib/mno-hw-mul/libsmallc.a(lib_a-puts.o)
 .data          0x0000596c        0x0 /tools/altera/12.0/nios2eds/bin/gnu/H-i686-pc-linux-gnu/bin/../lib/gcc/nios2-elf/4.1.2/../../../../nios2-elf/lib/mno-hw-mul/libsmallc.a(lib_a-sprintf.o)
 .data          0x0000596c        0x0 /tools/altera/12.0/nios2eds/bin/gnu/H-i686-pc-linux-gnu/bin/../lib/gcc/nios2-elf/4.1.2/../../../../nios2-elf/lib/mno-hw-mul/libsmallc.a(lib_a-strlen.o)
 .data          0x0000596c        0x0 /tools/altera/12.0/nios2eds/bin/gnu/H-i686-pc-linux-gnu/bin/../lib/gcc/nios2-elf/4.1.2/../../../../nios2-elf/lib/mno-hw-mul/libsmallc.a(lib_a-vfprintf.o)
 .data          0x0000596c        0x0 /tools/altera/12.0/nios2eds/bin/gnu/H-i686-pc-linux-gnu/bin/../lib/gcc/nios2-elf/4.1.2/../../../../nios2-elf/lib/mno-hw-mul/libsmallc.a(lib_a-fvwrite_small_dev.o)
 .data          0x0000596c        0x0 /tools/altera/12.0/nios2eds/bin/gnu/H-i686-pc-linux-gnu/bin/../lib/gcc/nios2-elf/4.1.2/../../../../nios2-elf/lib/mno-hw-mul/libsmallc.a(lib_a-fvwrite_small_str.o)
 .data          0x0000596c       0xe0 /tools/altera/12.0/nios2eds/bin/gnu/H-i686-pc-linux-gnu/bin/../lib/gcc/nios2-elf/4.1.2/../../../../nios2-elf/lib/mno-hw-mul/libsmallc.a(lib_a-impure.o)
 .data          0x00005a4c        0x0 /tools/altera/12.0/nios2eds/bin/gnu/H-i686-pc-linux-gnu/bin/../lib/gcc/nios2-elf/4.1.2/../../../../nios2-elf/lib/mno-hw-mul/libsmallc.a(lib_a-memmove.o)
 .data          0x00005a4c        0x0 /tools/altera/12.0/nios2eds/bin/gnu/H-i686-pc-linux-gnu/bin/../lib/gcc/nios2-elf/4.1.2/../../../../nios2-elf/lib/mno-hw-mul/libsmallc.a(lib_a-writer.o)
 .data          0x00005a4c        0x0 /tools/altera/12.0/nios2eds/bin/gnu/H-i686-pc-linux-gnu/bin/../lib/gcc/nios2-elf/4.1.2/../../../../nios2-elf/lib/mno-hw-mul/libsmallc.a(lib_a-int_errno.o)
 .data          0x00005a4c        0x0 /tools/altera/12.0/nios2eds/bin/gnu/H-i686-pc-linux-gnu/bin/../lib/gcc/nios2-elf/4.1.2/mno-hw-mul/libgcc.a(lib2-divmod.o)
 .data          0x00005a4c        0x0 /tools/altera/12.0/nios2eds/bin/gnu/H-i686-pc-linux-gnu/bin/../lib/gcc/nios2-elf/4.1.2/mno-hw-mul/libgcc.a(lib2-mul.o)
 .data          0x00005a4c        0x0 ../experiment3a_bsp//libhal_bsp.a(alt_load.o)
 .data          0x00005a4c        0x0 ../experiment3a_bsp//libhal_bsp.a(alt_main.o)
 .data          0x00005a4c        0x0 ../experiment3a_bsp//libhal_bsp.a(alt_printf.o)
 .data          0x00005a4c        0x0 ../experiment3a_bsp//libhal_bsp.a(alt_putchar.o)
 .data          0x00005a4c        0x0 ../experiment3a_bsp//libhal_bsp.a(alt_usleep.o)
 .data          0x00005a4c        0x0 ../experiment3a_bsp//libhal_bsp.a(alt_write.o)
 .data          0x00005a4c       0x2c ../experiment3a_bsp//libhal_bsp.a(alt_sys_init.o)
 .data          0x00005a78        0x0 ../experiment3a_bsp//libhal_bsp.a(altera_avalon_jtag_uart_write.o)
 .data          0x00005a78        0x0 ../experiment3a_bsp//libhal_bsp.a(altera_up_avalon_character_lcd.o)
 .data          0x00005a78        0x0 ../experiment3a_bsp//libhal_bsp.a(alt_busy_sleep.o)
 .data          0x00005a78        0x0 ../experiment3a_bsp//libhal_bsp.a(alt_dcache_flush_all.o)
 .data          0x00005a78       0x58 ../experiment3a_bsp//libhal_bsp.a(alt_dev.o)
                0x00005a78                alt_dev_null
                0x00005aa0                alt_fd_list
 .data          0x00005ad0        0x0 ../experiment3a_bsp//libhal_bsp.a(alt_dev_llist_insert.o)
 .data          0x00005ad0        0x0 ../experiment3a_bsp//libhal_bsp.a(alt_errno.o)
 .data          0x00005ad0        0x0 ../experiment3a_bsp//libhal_bsp.a(alt_find_dev.o)
 .data          0x00005ad0        0x0 ../experiment3a_bsp//libhal_bsp.a(alt_icache_flush_all.o)
 .data          0x00005ad0        0x0 ../experiment3a_bsp//libhal_bsp.a(altera_nios2_qsys_irq.o)
 .data          0x00005ad0        0x0 /tools/altera/12.0/nios2eds/bin/gnu/H-i686-pc-linux-gnu/bin/../lib/gcc/nios2-elf/4.1.2/../../../../nios2-elf/lib/mno-hw-mul/libsmallc.a(lib_a-memcmp.o)
                0x0000dad0                _gp = ABSOLUTE ((. + 0x8000))
                0x0000dad0                PROVIDE (gp, _gp)
 *(.rwdata .rwdata.*)
 *(.sdata .sdata.* .gnu.linkonce.s.*)
 .sdata         0x00005ad0        0x8 /tools/altera/12.0/nios2eds/bin/gnu/H-i686-pc-linux-gnu/bin/../lib/gcc/nios2-elf/4.1.2/../../../../nios2-elf/lib/mno-hw-mul/libsmallc.a(lib_a-impure.o)
                0x00005ad0                _impure_ptr
                0x00005ad4                _global_impure_ptr
 .sdata         0x00005ad8        0x4 ../experiment3a_bsp//libhal_bsp.a(alt_sys_init.o)
                0x00005ad8                jtag_uart_0
 .sdata         0x00005adc       0x14 ../experiment3a_bsp//libhal_bsp.a(alt_dev.o)
                0x00005adc                alt_fs_list
                0x00005ae4                alt_dev_list
                0x00005aec                alt_max_fd
 .sdata         0x00005af0        0x4 ../experiment3a_bsp//libhal_bsp.a(alt_errno.o)
                0x00005af0                alt_errno
 *(.sdata2 .sdata2.* .gnu.linkonce.s2.*)
                0x00005af4                . = ALIGN (0x4)
                0x00005af4                _edata = ABSOLUTE (.)
                0x00005af4                PROVIDE (edata, ABSOLUTE (.))
                0x00005af4                PROVIDE (__ram_rwdata_end, ABSOLUTE (.))
                0x00005af4                PROVIDE (__flash_rwdata_start, LOADADDR (.rwdata))

.bss            0x00005c7c       0x10
                0x00005c7c                __bss_start = ABSOLUTE (.)
                0x00005c7c                PROVIDE (__sbss_start, ABSOLUTE (.))
                0x00005c7c                PROVIDE (___sbss_start, ABSOLUTE (.))
 *(.dynsbss)
 *(.sbss .sbss.* .gnu.linkonce.sb.*)
 .sbss          0x00005c7c        0x4 /tools/altera/12.0/nios2eds/bin/gnu/H-i686-pc-linux-gnu/bin/../lib/gcc/nios2-elf/4.1.2/../../../../nios2-elf/lib/mno-hw-mul/libsmallc.a(lib_a-int_errno.o)
                0x00005c7c                errno
 .sbss          0x00005c80        0xc ../experiment3a_bsp//libhal_bsp.a(alt_main.o)
                0x00005c80                alt_argc
                0x00005c84                alt_argv
                0x00005c88                alt_envp
 *(.sbss2 .sbss2.* .gnu.linkonce.sb2.*)
 *(.scommon)
                0x00005c8c                PROVIDE (__sbss_end, ABSOLUTE (.))
                0x00005c8c                PROVIDE (___sbss_end, ABSOLUTE (.))
 *(.dynbss)
 *(.bss .bss.* .gnu.linkonce.b.*)
 .bss           0x00005c8c        0x0 ../experiment3a_bsp//obj/HAL/src/crt0.o
 .bss           0x00005c8c        0x0 obj/default/experiment3a.o
 .bss           0x00005c8c        0x0 /tools/altera/12.0/nios2eds/bin/gnu/H-i686-pc-linux-gnu/bin/../lib/gcc/nios2-elf/4.1.2/../../../../nios2-elf/lib/mno-hw-mul/libsmallc.a(lib_a-memset.o)
 .bss           0x00005c8c        0x0 /tools/altera/12.0/nios2eds/bin/gnu/H-i686-pc-linux-gnu/bin/../lib/gcc/nios2-elf/4.1.2/../../../../nios2-elf/lib/mno-hw-mul/libsmallc.a(lib_a-printf.o)
 .bss           0x00005c8c        0x0 /tools/altera/12.0/nios2eds/bin/gnu/H-i686-pc-linux-gnu/bin/../lib/gcc/nios2-elf/4.1.2/../../../../nios2-elf/lib/mno-hw-mul/libsmallc.a(lib_a-puts.o)
 .bss           0x00005c8c        0x0 /tools/altera/12.0/nios2eds/bin/gnu/H-i686-pc-linux-gnu/bin/../lib/gcc/nios2-elf/4.1.2/../../../../nios2-elf/lib/mno-hw-mul/libsmallc.a(lib_a-sprintf.o)
 .bss           0x00005c8c        0x0 /tools/altera/12.0/nios2eds/bin/gnu/H-i686-pc-linux-gnu/bin/../lib/gcc/nios2-elf/4.1.2/../../../../nios2-elf/lib/mno-hw-mul/libsmallc.a(lib_a-strlen.o)
 .bss           0x00005c8c        0x0 /tools/altera/12.0/nios2eds/bin/gnu/H-i686-pc-linux-gnu/bin/../lib/gcc/nios2-elf/4.1.2/../../../../nios2-elf/lib/mno-hw-mul/libsmallc.a(lib_a-vfprintf.o)
 .bss           0x00005c8c        0x0 /tools/altera/12.0/nios2eds/bin/gnu/H-i686-pc-linux-gnu/bin/../lib/gcc/nios2-elf/4.1.2/../../../../nios2-elf/lib/mno-hw-mul/libsmallc.a(lib_a-fvwrite_small_dev.o)
 .bss           0x00005c8c        0x0 /tools/altera/12.0/nios2eds/bin/gnu/H-i686-pc-linux-gnu/bin/../lib/gcc/nios2-elf/4.1.2/../../../../nios2-elf/lib/mno-hw-mul/libsmallc.a(lib_a-fvwrite_small_str.o)
 .bss           0x00005c8c        0x0 /tools/altera/12.0/nios2eds/bin/gnu/H-i686-pc-linux-gnu/bin/../lib/gcc/nios2-elf/4.1.2/../../../../nios2-elf/lib/mno-hw-mul/libsmallc.a(lib_a-impure.o)
 .bss           0x00005c8c        0x0 /tools/altera/12.0/nios2eds/bin/gnu/H-i686-pc-linux-gnu/bin/../lib/gcc/nios2-elf/4.1.2/../../../../nios2-elf/lib/mno-hw-mul/libsmallc.a(lib_a-memmove.o)
 .bss           0x00005c8c        0x0 /tools/altera/12.0/nios2eds/bin/gnu/H-i686-pc-linux-gnu/bin/../lib/gcc/nios2-elf/4.1.2/../../../../nios2-elf/lib/mno-hw-mul/libsmallc.a(lib_a-writer.o)
 .bss           0x00005c8c        0x0 /tools/altera/12.0/nios2eds/bin/gnu/H-i686-pc-linux-gnu/bin/../lib/gcc/nios2-elf/4.1.2/../../../../nios2-elf/lib/mno-hw-mul/libsmallc.a(lib_a-int_errno.o)
 .bss           0x00005c8c        0x0 /tools/altera/12.0/nios2eds/bin/gnu/H-i686-pc-linux-gnu/bin/../lib/gcc/nios2-elf/4.1.2/mno-hw-mul/libgcc.a(lib2-divmod.o)
 .bss           0x00005c8c        0x0 /tools/altera/12.0/nios2eds/bin/gnu/H-i686-pc-linux-gnu/bin/../lib/gcc/nios2-elf/4.1.2/mno-hw-mul/libgcc.a(lib2-mul.o)
 .bss           0x00005c8c        0x0 ../experiment3a_bsp//libhal_bsp.a(alt_load.o)
 .bss           0x00005c8c        0x0 ../experiment3a_bsp//libhal_bsp.a(alt_main.o)
 .bss           0x00005c8c        0x0 ../experiment3a_bsp//libhal_bsp.a(alt_printf.o)
 .bss           0x00005c8c        0x0 ../experiment3a_bsp//libhal_bsp.a(alt_putchar.o)
 .bss           0x00005c8c        0x0 ../experiment3a_bsp//libhal_bsp.a(alt_usleep.o)
 .bss           0x00005c8c        0x0 ../experiment3a_bsp//libhal_bsp.a(alt_write.o)
 .bss           0x00005c8c        0x0 ../experiment3a_bsp//libhal_bsp.a(alt_sys_init.o)
 .bss           0x00005c8c        0x0 ../experiment3a_bsp//libhal_bsp.a(altera_avalon_jtag_uart_write.o)
 .bss           0x00005c8c        0x0 ../experiment3a_bsp//libhal_bsp.a(altera_up_avalon_character_lcd.o)
 .bss           0x00005c8c        0x0 ../experiment3a_bsp//libhal_bsp.a(alt_busy_sleep.o)
 .bss           0x00005c8c        0x0 ../experiment3a_bsp//libhal_bsp.a(alt_dcache_flush_all.o)
 .bss           0x00005c8c        0x0 ../experiment3a_bsp//libhal_bsp.a(alt_dev.o)
 .bss           0x00005c8c        0x0 ../experiment3a_bsp//libhal_bsp.a(alt_dev_llist_insert.o)
 .bss           0x00005c8c        0x0 ../experiment3a_bsp//libhal_bsp.a(alt_errno.o)
 .bss           0x00005c8c        0x0 ../experiment3a_bsp//libhal_bsp.a(alt_find_dev.o)
 .bss           0x00005c8c        0x0 ../experiment3a_bsp//libhal_bsp.a(alt_icache_flush_all.o)
 .bss           0x00005c8c        0x0 ../experiment3a_bsp//libhal_bsp.a(altera_nios2_qsys_irq.o)
 .bss           0x00005c8c        0x0 /tools/altera/12.0/nios2eds/bin/gnu/H-i686-pc-linux-gnu/bin/../lib/gcc/nios2-elf/4.1.2/../../../../nios2-elf/lib/mno-hw-mul/libsmallc.a(lib_a-memcmp.o)
 *(COMMON)
                0x00005c8c                . = ALIGN (0x4)
                0x00005c8c                __bss_end = ABSOLUTE (.)

.onchip_memory2_0
                0x00005c8c        0x0
                0x00005c8c                PROVIDE (_alt_partition_onchip_memory2_0_start, ABSOLUTE (.))
 *(.onchip_memory2_0. onchip_memory2_0.*)
                0x00005c8c                . = ALIGN (0x4)
                0x00005c8c                PROVIDE (_alt_partition_onchip_memory2_0_end, ABSOLUTE (.))
                0x00005c8c                _end = ABSOLUTE (.)
                0x00005c8c                end = ABSOLUTE (.)
                0x00005c8c                __alt_stack_base = ABSOLUTE (.)
                0x00005c8c                PROVIDE (_alt_partition_onchip_memory2_0_load_addr, LOADADDR (.onchip_memory2_0))

.stab
 *(.stab)

.stabstr
 *(.stabstr)

.stab.excl
 *(.stab.excl)

.stab.exclstr
 *(.stab.exclstr)

.stab.index
 *(.stab.index)

.stab.indexstr
 *(.stab.indexstr)

.comment        0x00000000       0x23
 *(.comment)
 .comment       0x00000000       0x23 obj/default/experiment3a.o
                                 0x24 (size before relaxing)
 .comment       0x00000000       0x24 /tools/altera/12.0/nios2eds/bin/gnu/H-i686-pc-linux-gnu/bin/../lib/gcc/nios2-elf/4.1.2/../../../../nios2-elf/lib/mno-hw-mul/libsmallc.a(lib_a-memset.o)
 .comment       0x00000000       0x24 /tools/altera/12.0/nios2eds/bin/gnu/H-i686-pc-linux-gnu/bin/../lib/gcc/nios2-elf/4.1.2/../../../../nios2-elf/lib/mno-hw-mul/libsmallc.a(lib_a-printf.o)
 .comment       0x00000000       0x24 /tools/altera/12.0/nios2eds/bin/gnu/H-i686-pc-linux-gnu/bin/../lib/gcc/nios2-elf/4.1.2/../../../../nios2-elf/lib/mno-hw-mul/libsmallc.a(lib_a-puts.o)
 .comment       0x00000000       0x24 /tools/altera/12.0/nios2eds/bin/gnu/H-i686-pc-linux-gnu/bin/../lib/gcc/nios2-elf/4.1.2/../../../../nios2-elf/lib/mno-hw-mul/libsmallc.a(lib_a-sprintf.o)
 .comment       0x00000000       0x24 /tools/altera/12.0/nios2eds/bin/gnu/H-i686-pc-linux-gnu/bin/../lib/gcc/nios2-elf/4.1.2/../../../../nios2-elf/lib/mno-hw-mul/libsmallc.a(lib_a-strlen.o)
 .comment       0x00000000       0x24 /tools/altera/12.0/nios2eds/bin/gnu/H-i686-pc-linux-gnu/bin/../lib/gcc/nios2-elf/4.1.2/../../../../nios2-elf/lib/mno-hw-mul/libsmallc.a(lib_a-vfprintf.o)
 .comment       0x00000000       0x24 /tools/altera/12.0/nios2eds/bin/gnu/H-i686-pc-linux-gnu/bin/../lib/gcc/nios2-elf/4.1.2/../../../../nios2-elf/lib/mno-hw-mul/libsmallc.a(lib_a-fvwrite_small_dev.o)
 .comment       0x00000000       0x24 /tools/altera/12.0/nios2eds/bin/gnu/H-i686-pc-linux-gnu/bin/../lib/gcc/nios2-elf/4.1.2/../../../../nios2-elf/lib/mno-hw-mul/libsmallc.a(lib_a-fvwrite_small_str.o)
 .comment       0x00000000       0x24 /tools/altera/12.0/nios2eds/bin/gnu/H-i686-pc-linux-gnu/bin/../lib/gcc/nios2-elf/4.1.2/../../../../nios2-elf/lib/mno-hw-mul/libsmallc.a(lib_a-impure.o)
 .comment       0x00000000       0x24 /tools/altera/12.0/nios2eds/bin/gnu/H-i686-pc-linux-gnu/bin/../lib/gcc/nios2-elf/4.1.2/../../../../nios2-elf/lib/mno-hw-mul/libsmallc.a(lib_a-memmove.o)
 .comment       0x00000000       0x24 /tools/altera/12.0/nios2eds/bin/gnu/H-i686-pc-linux-gnu/bin/../lib/gcc/nios2-elf/4.1.2/../../../../nios2-elf/lib/mno-hw-mul/libsmallc.a(lib_a-writer.o)
 .comment       0x00000000       0x24 /tools/altera/12.0/nios2eds/bin/gnu/H-i686-pc-linux-gnu/bin/../lib/gcc/nios2-elf/4.1.2/../../../../nios2-elf/lib/mno-hw-mul/libsmallc.a(lib_a-int_errno.o)
 .comment       0x00000000       0x24 /tools/altera/12.0/nios2eds/bin/gnu/H-i686-pc-linux-gnu/bin/../lib/gcc/nios2-elf/4.1.2/mno-hw-mul/libgcc.a(lib2-divmod.o)
 .comment       0x00000000       0x24 /tools/altera/12.0/nios2eds/bin/gnu/H-i686-pc-linux-gnu/bin/../lib/gcc/nios2-elf/4.1.2/mno-hw-mul/libgcc.a(lib2-mul.o)
 .comment       0x00000000       0x24 ../experiment3a_bsp//libhal_bsp.a(alt_load.o)
 .comment       0x00000000       0x24 ../experiment3a_bsp//libhal_bsp.a(alt_main.o)
 .comment       0x00000000       0x24 ../experiment3a_bsp//libhal_bsp.a(alt_printf.o)
 .comment       0x00000000       0x24 ../experiment3a_bsp//libhal_bsp.a(alt_putchar.o)
 .comment       0x00000000       0x24 ../experiment3a_bsp//libhal_bsp.a(alt_usleep.o)
 .comment       0x00000000       0x24 ../experiment3a_bsp//libhal_bsp.a(alt_write.o)
 .comment       0x00000000       0x24 ../experiment3a_bsp//libhal_bsp.a(alt_sys_init.o)
 .comment       0x00000000       0x24 ../experiment3a_bsp//libhal_bsp.a(altera_avalon_jtag_uart_write.o)
 .comment       0x00000000       0x24 ../experiment3a_bsp//libhal_bsp.a(altera_up_avalon_character_lcd.o)
 .comment       0x00000000       0x24 ../experiment3a_bsp//libhal_bsp.a(alt_busy_sleep.o)
 .comment       0x00000000       0x24 ../experiment3a_bsp//libhal_bsp.a(alt_dcache_flush_all.o)
 .comment       0x00000000       0x24 ../experiment3a_bsp//libhal_bsp.a(alt_dev.o)
 .comment       0x00000000       0x24 ../experiment3a_bsp//libhal_bsp.a(alt_dev_llist_insert.o)
 .comment       0x00000000       0x24 ../experiment3a_bsp//libhal_bsp.a(alt_errno.o)
 .comment       0x00000000       0x24 ../experiment3a_bsp//libhal_bsp.a(alt_find_dev.o)
 .comment       0x00000000       0x24 ../experiment3a_bsp//libhal_bsp.a(alt_icache_flush_all.o)
 .comment       0x00000000       0x24 ../experiment3a_bsp//libhal_bsp.a(altera_nios2_qsys_irq.o)
 .comment       0x00000000       0x24 /tools/altera/12.0/nios2eds/bin/gnu/H-i686-pc-linux-gnu/bin/../lib/gcc/nios2-elf/4.1.2/../../../../nios2-elf/lib/mno-hw-mul/libsmallc.a(lib_a-memcmp.o)

.debug
 *(.debug)

.line
 *(.line)

.debug_srcinfo
 *(.debug_srcinfo)

.debug_sfnames
 *(.debug_sfnames)

.debug_aranges  0x00000000      0x3e8
 *(.debug_aranges)
 .debug_aranges
                0x00000000       0x28 ../experiment3a_bsp//obj/HAL/src/crt0.o
 .debug_aranges
                0x00000028       0x20 obj/default/experiment3a.o
 .debug_aranges
                0x00000048       0x20 /tools/altera/12.0/nios2eds/bin/gnu/H-i686-pc-linux-gnu/bin/../lib/gcc/nios2-elf/4.1.2/../../../../nios2-elf/lib/mno-hw-mul/libsmallc.a(lib_a-memset.o)
 .debug_aranges
                0x00000068       0x20 /tools/altera/12.0/nios2eds/bin/gnu/H-i686-pc-linux-gnu/bin/../lib/gcc/nios2-elf/4.1.2/../../../../nios2-elf/lib/mno-hw-mul/libsmallc.a(lib_a-printf.o)
 .debug_aranges
                0x00000088       0x20 /tools/altera/12.0/nios2eds/bin/gnu/H-i686-pc-linux-gnu/bin/../lib/gcc/nios2-elf/4.1.2/../../../../nios2-elf/lib/mno-hw-mul/libsmallc.a(lib_a-puts.o)
 .debug_aranges
                0x000000a8       0x20 /tools/altera/12.0/nios2eds/bin/gnu/H-i686-pc-linux-gnu/bin/../lib/gcc/nios2-elf/4.1.2/../../../../nios2-elf/lib/mno-hw-mul/libsmallc.a(lib_a-sprintf.o)
 .debug_aranges
                0x000000c8       0x20 /tools/altera/12.0/nios2eds/bin/gnu/H-i686-pc-linux-gnu/bin/../lib/gcc/nios2-elf/4.1.2/../../../../nios2-elf/lib/mno-hw-mul/libsmallc.a(lib_a-strlen.o)
 .debug_aranges
                0x000000e8       0x20 /tools/altera/12.0/nios2eds/bin/gnu/H-i686-pc-linux-gnu/bin/../lib/gcc/nios2-elf/4.1.2/../../../../nios2-elf/lib/mno-hw-mul/libsmallc.a(lib_a-vfprintf.o)
 .debug_aranges
                0x00000108       0x20 /tools/altera/12.0/nios2eds/bin/gnu/H-i686-pc-linux-gnu/bin/../lib/gcc/nios2-elf/4.1.2/../../../../nios2-elf/lib/mno-hw-mul/libsmallc.a(lib_a-fvwrite_small_dev.o)
 .debug_aranges
                0x00000128       0x20 /tools/altera/12.0/nios2eds/bin/gnu/H-i686-pc-linux-gnu/bin/../lib/gcc/nios2-elf/4.1.2/../../../../nios2-elf/lib/mno-hw-mul/libsmallc.a(lib_a-fvwrite_small_str.o)
 .debug_aranges
                0x00000148       0x20 /tools/altera/12.0/nios2eds/bin/gnu/H-i686-pc-linux-gnu/bin/../lib/gcc/nios2-elf/4.1.2/../../../../nios2-elf/lib/mno-hw-mul/libsmallc.a(lib_a-memmove.o)
 .debug_aranges
                0x00000168       0x20 /tools/altera/12.0/nios2eds/bin/gnu/H-i686-pc-linux-gnu/bin/../lib/gcc/nios2-elf/4.1.2/../../../../nios2-elf/lib/mno-hw-mul/libsmallc.a(lib_a-writer.o)
 .debug_aranges
                0x00000188       0x20 /tools/altera/12.0/nios2eds/bin/gnu/H-i686-pc-linux-gnu/bin/../lib/gcc/nios2-elf/4.1.2/mno-hw-mul/libgcc.a(lib2-divmod.o)
 .debug_aranges
                0x000001a8       0x20 /tools/altera/12.0/nios2eds/bin/gnu/H-i686-pc-linux-gnu/bin/../lib/gcc/nios2-elf/4.1.2/mno-hw-mul/libgcc.a(lib2-mul.o)
 .debug_aranges
                0x000001c8       0x20 ../experiment3a_bsp//libhal_bsp.a(alt_load.o)
 .debug_aranges
                0x000001e8       0x20 ../experiment3a_bsp//libhal_bsp.a(alt_main.o)
 .debug_aranges
                0x00000208       0x20 ../experiment3a_bsp//libhal_bsp.a(alt_printf.o)
 .debug_aranges
                0x00000228       0x20 ../experiment3a_bsp//libhal_bsp.a(alt_putchar.o)
 .debug_aranges
                0x00000248       0x20 ../experiment3a_bsp//libhal_bsp.a(alt_usleep.o)
 .debug_aranges
                0x00000268       0x20 ../experiment3a_bsp//libhal_bsp.a(alt_write.o)
 .debug_aranges
                0x00000288       0x20 ../experiment3a_bsp//libhal_bsp.a(alt_sys_init.o)
 .debug_aranges
                0x000002a8       0x20 ../experiment3a_bsp//libhal_bsp.a(altera_avalon_jtag_uart_write.o)
 .debug_aranges
                0x000002c8       0x20 ../experiment3a_bsp//libhal_bsp.a(altera_up_avalon_character_lcd.o)
 .debug_aranges
                0x000002e8       0x20 ../experiment3a_bsp//libhal_bsp.a(alt_busy_sleep.o)
 .debug_aranges
                0x00000308       0x20 ../experiment3a_bsp//libhal_bsp.a(alt_dcache_flush_all.o)
 .debug_aranges
                0x00000328       0x20 ../experiment3a_bsp//libhal_bsp.a(alt_dev.o)
 .debug_aranges
                0x00000348       0x20 ../experiment3a_bsp//libhal_bsp.a(alt_dev_llist_insert.o)
 .debug_aranges
                0x00000368       0x20 ../experiment3a_bsp//libhal_bsp.a(alt_find_dev.o)
 .debug_aranges
                0x00000388       0x20 ../experiment3a_bsp//libhal_bsp.a(alt_icache_flush_all.o)
 .debug_aranges
                0x000003a8       0x20 ../experiment3a_bsp//libhal_bsp.a(altera_nios2_qsys_irq.o)
 .debug_aranges
                0x000003c8       0x20 /tools/altera/12.0/nios2eds/bin/gnu/H-i686-pc-linux-gnu/bin/../lib/gcc/nios2-elf/4.1.2/../../../../nios2-elf/lib/mno-hw-mul/libsmallc.a(lib_a-memcmp.o)

.debug_pubnames
                0x00000000      0x728
 *(.debug_pubnames)
 .debug_pubnames
                0x00000000       0x1b obj/default/experiment3a.o
 .debug_pubnames
                0x0000001b       0x1d /tools/altera/12.0/nios2eds/bin/gnu/H-i686-pc-linux-gnu/bin/../lib/gcc/nios2-elf/4.1.2/../../../../nios2-elf/lib/mno-hw-mul/libsmallc.a(lib_a-memset.o)
 .debug_pubnames
                0x00000038       0x2b /tools/altera/12.0/nios2eds/bin/gnu/H-i686-pc-linux-gnu/bin/../lib/gcc/nios2-elf/4.1.2/../../../../nios2-elf/lib/mno-hw-mul/libsmallc.a(lib_a-printf.o)
 .debug_pubnames
                0x00000063       0x27 /tools/altera/12.0/nios2eds/bin/gnu/H-i686-pc-linux-gnu/bin/../lib/gcc/nios2-elf/4.1.2/../../../../nios2-elf/lib/mno-hw-mul/libsmallc.a(lib_a-puts.o)
 .debug_pubnames
                0x0000008a       0x2d /tools/altera/12.0/nios2eds/bin/gnu/H-i686-pc-linux-gnu/bin/../lib/gcc/nios2-elf/4.1.2/../../../../nios2-elf/lib/mno-hw-mul/libsmallc.a(lib_a-sprintf.o)
 .debug_pubnames
                0x000000b7       0x1d /tools/altera/12.0/nios2eds/bin/gnu/H-i686-pc-linux-gnu/bin/../lib/gcc/nios2-elf/4.1.2/../../../../nios2-elf/lib/mno-hw-mul/libsmallc.a(lib_a-strlen.o)
 .debug_pubnames
                0x000000d4       0x45 /tools/altera/12.0/nios2eds/bin/gnu/H-i686-pc-linux-gnu/bin/../lib/gcc/nios2-elf/4.1.2/../../../../nios2-elf/lib/mno-hw-mul/libsmallc.a(lib_a-vfprintf.o)
 .debug_pubnames
                0x00000119       0x2b /tools/altera/12.0/nios2eds/bin/gnu/H-i686-pc-linux-gnu/bin/../lib/gcc/nios2-elf/4.1.2/../../../../nios2-elf/lib/mno-hw-mul/libsmallc.a(lib_a-fvwrite_small_dev.o)
 .debug_pubnames
                0x00000144       0x2b /tools/altera/12.0/nios2eds/bin/gnu/H-i686-pc-linux-gnu/bin/../lib/gcc/nios2-elf/4.1.2/../../../../nios2-elf/lib/mno-hw-mul/libsmallc.a(lib_a-fvwrite_small_str.o)
 .debug_pubnames
                0x0000016f       0x39 /tools/altera/12.0/nios2eds/bin/gnu/H-i686-pc-linux-gnu/bin/../lib/gcc/nios2-elf/4.1.2/../../../../nios2-elf/lib/mno-hw-mul/libsmallc.a(lib_a-impure.o)
 .debug_pubnames
                0x000001a8       0x1e /tools/altera/12.0/nios2eds/bin/gnu/H-i686-pc-linux-gnu/bin/../lib/gcc/nios2-elf/4.1.2/../../../../nios2-elf/lib/mno-hw-mul/libsmallc.a(lib_a-memmove.o)
 .debug_pubnames
                0x000001c6       0x1f /tools/altera/12.0/nios2eds/bin/gnu/H-i686-pc-linux-gnu/bin/../lib/gcc/nios2-elf/4.1.2/../../../../nios2-elf/lib/mno-hw-mul/libsmallc.a(lib_a-writer.o)
 .debug_pubnames
                0x000001e5       0x1c /tools/altera/12.0/nios2eds/bin/gnu/H-i686-pc-linux-gnu/bin/../lib/gcc/nios2-elf/4.1.2/../../../../nios2-elf/lib/mno-hw-mul/libsmallc.a(lib_a-int_errno.o)
 .debug_pubnames
                0x00000201       0x48 /tools/altera/12.0/nios2eds/bin/gnu/H-i686-pc-linux-gnu/bin/../lib/gcc/nios2-elf/4.1.2/mno-hw-mul/libgcc.a(lib2-divmod.o)
 .debug_pubnames
                0x00000249       0x1f /tools/altera/12.0/nios2eds/bin/gnu/H-i686-pc-linux-gnu/bin/../lib/gcc/nios2-elf/4.1.2/mno-hw-mul/libgcc.a(lib2-mul.o)
 .debug_pubnames
                0x00000268       0x1f ../experiment3a_bsp//libhal_bsp.a(alt_load.o)
 .debug_pubnames
                0x00000287       0x46 ../experiment3a_bsp//libhal_bsp.a(alt_main.o)
 .debug_pubnames
                0x000002cd       0x21 ../experiment3a_bsp//libhal_bsp.a(alt_printf.o)
 .debug_pubnames
                0x000002ee       0x22 ../experiment3a_bsp//libhal_bsp.a(alt_putchar.o)
 .debug_pubnames
                0x00000310       0x1d ../experiment3a_bsp//libhal_bsp.a(alt_usleep.o)
 .debug_pubnames
                0x0000032d       0x1c ../experiment3a_bsp//libhal_bsp.a(alt_write.o)
 .debug_pubnames
                0x00000349       0x44 ../experiment3a_bsp//libhal_bsp.a(alt_sys_init.o)
 .debug_pubnames
                0x0000038d       0x34 ../experiment3a_bsp//libhal_bsp.a(altera_avalon_jtag_uart_write.o)
 .debug_pubnames
                0x000003c1      0x1cd ../experiment3a_bsp//libhal_bsp.a(altera_up_avalon_character_lcd.o)
 .debug_pubnames
                0x0000058e       0x25 ../experiment3a_bsp//libhal_bsp.a(alt_busy_sleep.o)
 .debug_pubnames
                0x000005b3       0x2b ../experiment3a_bsp//libhal_bsp.a(alt_dcache_flush_all.o)
 .debug_pubnames
                0x000005de       0x63 ../experiment3a_bsp//libhal_bsp.a(alt_dev.o)
 .debug_pubnames
                0x00000641       0x2b ../experiment3a_bsp//libhal_bsp.a(alt_dev_llist_insert.o)
 .debug_pubnames
                0x0000066c       0x20 ../experiment3a_bsp//libhal_bsp.a(alt_errno.o)
 .debug_pubnames
                0x0000068c       0x23 ../experiment3a_bsp//libhal_bsp.a(alt_find_dev.o)
 .debug_pubnames
                0x000006af       0x2b ../experiment3a_bsp//libhal_bsp.a(alt_icache_flush_all.o)
 .debug_pubnames
                0x000006da       0x31 ../experiment3a_bsp//libhal_bsp.a(altera_nios2_qsys_irq.o)
 .debug_pubnames
                0x0000070b       0x1d /tools/altera/12.0/nios2eds/bin/gnu/H-i686-pc-linux-gnu/bin/../lib/gcc/nios2-elf/4.1.2/../../../../nios2-elf/lib/mno-hw-mul/libsmallc.a(lib_a-memcmp.o)

.debug_info     0x00000000     0x6456
 *(.debug_info .gnu.linkonce.wi.*)
 .debug_info    0x00000000       0x89 ../experiment3a_bsp//obj/HAL/src/crt0.o
 .debug_info    0x00000089      0x49d obj/default/experiment3a.o
 .debug_info    0x00000526       0xd7 /tools/altera/12.0/nios2eds/bin/gnu/H-i686-pc-linux-gnu/bin/../lib/gcc/nios2-elf/4.1.2/../../../../nios2-elf/lib/mno-hw-mul/libsmallc.a(lib_a-memset.o)
 .debug_info    0x000005fd      0x6c8 /tools/altera/12.0/nios2eds/bin/gnu/H-i686-pc-linux-gnu/bin/../lib/gcc/nios2-elf/4.1.2/../../../../nios2-elf/lib/mno-hw-mul/libsmallc.a(lib_a-printf.o)
 .debug_info    0x00000cc5      0x685 /tools/altera/12.0/nios2eds/bin/gnu/H-i686-pc-linux-gnu/bin/../lib/gcc/nios2-elf/4.1.2/../../../../nios2-elf/lib/mno-hw-mul/libsmallc.a(lib_a-puts.o)
 .debug_info    0x0000134a      0x7e7 /tools/altera/12.0/nios2eds/bin/gnu/H-i686-pc-linux-gnu/bin/../lib/gcc/nios2-elf/4.1.2/../../../../nios2-elf/lib/mno-hw-mul/libsmallc.a(lib_a-sprintf.o)
 .debug_info    0x00001b31       0xc2 /tools/altera/12.0/nios2eds/bin/gnu/H-i686-pc-linux-gnu/bin/../lib/gcc/nios2-elf/4.1.2/../../../../nios2-elf/lib/mno-hw-mul/libsmallc.a(lib_a-strlen.o)
 .debug_info    0x00001bf3      0x94c /tools/altera/12.0/nios2eds/bin/gnu/H-i686-pc-linux-gnu/bin/../lib/gcc/nios2-elf/4.1.2/../../../../nios2-elf/lib/mno-hw-mul/libsmallc.a(lib_a-vfprintf.o)
 .debug_info    0x0000253f      0x68e /tools/altera/12.0/nios2eds/bin/gnu/H-i686-pc-linux-gnu/bin/../lib/gcc/nios2-elf/4.1.2/../../../../nios2-elf/lib/mno-hw-mul/libsmallc.a(lib_a-fvwrite_small_dev.o)
 .debug_info    0x00002bcd      0x75f /tools/altera/12.0/nios2eds/bin/gnu/H-i686-pc-linux-gnu/bin/../lib/gcc/nios2-elf/4.1.2/../../../../nios2-elf/lib/mno-hw-mul/libsmallc.a(lib_a-fvwrite_small_str.o)
 .debug_info    0x0000332c      0x636 /tools/altera/12.0/nios2eds/bin/gnu/H-i686-pc-linux-gnu/bin/../lib/gcc/nios2-elf/4.1.2/../../../../nios2-elf/lib/mno-hw-mul/libsmallc.a(lib_a-impure.o)
 .debug_info    0x00003962      0x102 /tools/altera/12.0/nios2eds/bin/gnu/H-i686-pc-linux-gnu/bin/../lib/gcc/nios2-elf/4.1.2/../../../../nios2-elf/lib/mno-hw-mul/libsmallc.a(lib_a-memmove.o)
 .debug_info    0x00003a64      0x68c /tools/altera/12.0/nios2eds/bin/gnu/H-i686-pc-linux-gnu/bin/../lib/gcc/nios2-elf/4.1.2/../../../../nios2-elf/lib/mno-hw-mul/libsmallc.a(lib_a-writer.o)
 .debug_info    0x000040f0       0x8c /tools/altera/12.0/nios2eds/bin/gnu/H-i686-pc-linux-gnu/bin/../lib/gcc/nios2-elf/4.1.2/../../../../nios2-elf/lib/mno-hw-mul/libsmallc.a(lib_a-int_errno.o)
 .debug_info    0x0000417c      0x21c /tools/altera/12.0/nios2eds/bin/gnu/H-i686-pc-linux-gnu/bin/../lib/gcc/nios2-elf/4.1.2/mno-hw-mul/libgcc.a(lib2-divmod.o)
 .debug_info    0x00004398       0xf3 /tools/altera/12.0/nios2eds/bin/gnu/H-i686-pc-linux-gnu/bin/../lib/gcc/nios2-elf/4.1.2/mno-hw-mul/libgcc.a(lib2-mul.o)
 .debug_info    0x0000448b      0x12e ../experiment3a_bsp//libhal_bsp.a(alt_load.o)
 .debug_info    0x000045b9      0x125 ../experiment3a_bsp//libhal_bsp.a(alt_main.o)
 .debug_info    0x000046de      0x11d ../experiment3a_bsp//libhal_bsp.a(alt_printf.o)
 .debug_info    0x000047fb       0xc5 ../experiment3a_bsp//libhal_bsp.a(alt_putchar.o)
 .debug_info    0x000048c0       0xab ../experiment3a_bsp//libhal_bsp.a(alt_usleep.o)
 .debug_info    0x0000496b      0x179 ../experiment3a_bsp//libhal_bsp.a(alt_write.o)
 .debug_info    0x00004ae4      0x3e1 ../experiment3a_bsp//libhal_bsp.a(alt_sys_init.o)
 .debug_info    0x00004ec5      0x18f ../experiment3a_bsp//libhal_bsp.a(altera_avalon_jtag_uart_write.o)
 .debug_info    0x00005054      0x64d ../experiment3a_bsp//libhal_bsp.a(altera_up_avalon_character_lcd.o)
 .debug_info    0x000056a1       0xd0 ../experiment3a_bsp//libhal_bsp.a(alt_busy_sleep.o)
 .debug_info    0x00005771       0x8d ../experiment3a_bsp//libhal_bsp.a(alt_dcache_flush_all.o)
 .debug_info    0x000057fe      0x4dd ../experiment3a_bsp//libhal_bsp.a(alt_dev.o)
 .debug_info    0x00005cdb      0x1b7 ../experiment3a_bsp//libhal_bsp.a(alt_dev_llist_insert.o)
 .debug_info    0x00005e92       0xab ../experiment3a_bsp//libhal_bsp.a(alt_errno.o)
 .debug_info    0x00005f3d      0x310 ../experiment3a_bsp//libhal_bsp.a(alt_find_dev.o)
 .debug_info    0x0000624d       0x8d ../experiment3a_bsp//libhal_bsp.a(alt_icache_flush_all.o)
 .debug_info    0x000062da       0x8d ../experiment3a_bsp//libhal_bsp.a(altera_nios2_qsys_irq.o)
 .debug_info    0x00006367       0xef /tools/altera/12.0/nios2eds/bin/gnu/H-i686-pc-linux-gnu/bin/../lib/gcc/nios2-elf/4.1.2/../../../../nios2-elf/lib/mno-hw-mul/libsmallc.a(lib_a-memcmp.o)

.debug_abbrev   0x00000000     0x1d41
 *(.debug_abbrev)
 .debug_abbrev  0x00000000       0x12 ../experiment3a_bsp//obj/HAL/src/crt0.o
 .debug_abbrev  0x00000012      0x12d obj/default/experiment3a.o
 .debug_abbrev  0x0000013f       0x8b /tools/altera/12.0/nios2eds/bin/gnu/H-i686-pc-linux-gnu/bin/../lib/gcc/nios2-elf/4.1.2/../../../../nios2-elf/lib/mno-hw-mul/libsmallc.a(lib_a-memset.o)
 .debug_abbrev  0x000001ca      0x179 /tools/altera/12.0/nios2eds/bin/gnu/H-i686-pc-linux-gnu/bin/../lib/gcc/nios2-elf/4.1.2/../../../../nios2-elf/lib/mno-hw-mul/libsmallc.a(lib_a-printf.o)
 .debug_abbrev  0x00000343      0x180 /tools/altera/12.0/nios2eds/bin/gnu/H-i686-pc-linux-gnu/bin/../lib/gcc/nios2-elf/4.1.2/../../../../nios2-elf/lib/mno-hw-mul/libsmallc.a(lib_a-puts.o)
 .debug_abbrev  0x000004c3      0x179 /tools/altera/12.0/nios2eds/bin/gnu/H-i686-pc-linux-gnu/bin/../lib/gcc/nios2-elf/4.1.2/../../../../nios2-elf/lib/mno-hw-mul/libsmallc.a(lib_a-sprintf.o)
 .debug_abbrev  0x0000063c       0x7a /tools/altera/12.0/nios2eds/bin/gnu/H-i686-pc-linux-gnu/bin/../lib/gcc/nios2-elf/4.1.2/../../../../nios2-elf/lib/mno-hw-mul/libsmallc.a(lib_a-strlen.o)
 .debug_abbrev  0x000006b6      0x247 /tools/altera/12.0/nios2eds/bin/gnu/H-i686-pc-linux-gnu/bin/../lib/gcc/nios2-elf/4.1.2/../../../../nios2-elf/lib/mno-hw-mul/libsmallc.a(lib_a-vfprintf.o)
 .debug_abbrev  0x000008fd      0x179 /tools/altera/12.0/nios2eds/bin/gnu/H-i686-pc-linux-gnu/bin/../lib/gcc/nios2-elf/4.1.2/../../../../nios2-elf/lib/mno-hw-mul/libsmallc.a(lib_a-fvwrite_small_dev.o)
 .debug_abbrev  0x00000a76      0x184 /tools/altera/12.0/nios2eds/bin/gnu/H-i686-pc-linux-gnu/bin/../lib/gcc/nios2-elf/4.1.2/../../../../nios2-elf/lib/mno-hw-mul/libsmallc.a(lib_a-fvwrite_small_str.o)
 .debug_abbrev  0x00000bfa      0x13f /tools/altera/12.0/nios2eds/bin/gnu/H-i686-pc-linux-gnu/bin/../lib/gcc/nios2-elf/4.1.2/../../../../nios2-elf/lib/mno-hw-mul/libsmallc.a(lib_a-impure.o)
 .debug_abbrev  0x00000d39       0xa8 /tools/altera/12.0/nios2eds/bin/gnu/H-i686-pc-linux-gnu/bin/../lib/gcc/nios2-elf/4.1.2/../../../../nios2-elf/lib/mno-hw-mul/libsmallc.a(lib_a-memmove.o)
 .debug_abbrev  0x00000de1      0x16c /tools/altera/12.0/nios2eds/bin/gnu/H-i686-pc-linux-gnu/bin/../lib/gcc/nios2-elf/4.1.2/../../../../nios2-elf/lib/mno-hw-mul/libsmallc.a(lib_a-writer.o)
 .debug_abbrev  0x00000f4d       0x3b /tools/altera/12.0/nios2eds/bin/gnu/H-i686-pc-linux-gnu/bin/../lib/gcc/nios2-elf/4.1.2/../../../../nios2-elf/lib/mno-hw-mul/libsmallc.a(lib_a-int_errno.o)
 .debug_abbrev  0x00000f88       0xe0 /tools/altera/12.0/nios2eds/bin/gnu/H-i686-pc-linux-gnu/bin/../lib/gcc/nios2-elf/4.1.2/mno-hw-mul/libgcc.a(lib2-divmod.o)
 .debug_abbrev  0x00001068       0x7b /tools/altera/12.0/nios2eds/bin/gnu/H-i686-pc-linux-gnu/bin/../lib/gcc/nios2-elf/4.1.2/mno-hw-mul/libgcc.a(lib2-mul.o)
 .debug_abbrev  0x000010e3       0x97 ../experiment3a_bsp//libhal_bsp.a(alt_load.o)
 .debug_abbrev  0x0000117a       0xa6 ../experiment3a_bsp//libhal_bsp.a(alt_main.o)
 .debug_abbrev  0x00001220       0xc7 ../experiment3a_bsp//libhal_bsp.a(alt_printf.o)
 .debug_abbrev  0x000012e7       0x7b ../experiment3a_bsp//libhal_bsp.a(alt_putchar.o)
 .debug_abbrev  0x00001362       0x5d ../experiment3a_bsp//libhal_bsp.a(alt_usleep.o)
 .debug_abbrev  0x000013bf       0xdd ../experiment3a_bsp//libhal_bsp.a(alt_write.o)
 .debug_abbrev  0x0000149c      0x149 ../experiment3a_bsp//libhal_bsp.a(alt_sys_init.o)
 .debug_abbrev  0x000015e5       0xf0 ../experiment3a_bsp//libhal_bsp.a(altera_avalon_jtag_uart_write.o)
 .debug_abbrev  0x000016d5      0x182 ../experiment3a_bsp//libhal_bsp.a(altera_up_avalon_character_lcd.o)
 .debug_abbrev  0x00001857       0x79 ../experiment3a_bsp//libhal_bsp.a(alt_busy_sleep.o)
 .debug_abbrev  0x000018d0       0x3f ../experiment3a_bsp//libhal_bsp.a(alt_dcache_flush_all.o)
 .debug_abbrev  0x0000190f       0xd6 ../experiment3a_bsp//libhal_bsp.a(alt_dev.o)
 .debug_abbrev  0x000019e5      0x117 ../experiment3a_bsp//libhal_bsp.a(alt_dev_llist_insert.o)
 .debug_abbrev  0x00001afc       0x5e ../experiment3a_bsp//libhal_bsp.a(alt_errno.o)
 .debug_abbrev  0x00001b5a       0xed ../experiment3a_bsp//libhal_bsp.a(alt_find_dev.o)
 .debug_abbrev  0x00001c47       0x3f ../experiment3a_bsp//libhal_bsp.a(alt_icache_flush_all.o)
 .debug_abbrev  0x00001c86       0x3f ../experiment3a_bsp//libhal_bsp.a(altera_nios2_qsys_irq.o)
 .debug_abbrev  0x00001cc5       0x7c /tools/altera/12.0/nios2eds/bin/gnu/H-i686-pc-linux-gnu/bin/../lib/gcc/nios2-elf/4.1.2/../../../../nios2-elf/lib/mno-hw-mul/libsmallc.a(lib_a-memcmp.o)

.debug_line     0x00000000     0x5713
 *(.debug_line)
 .debug_line    0x00000000       0x66 ../experiment3a_bsp//obj/HAL/src/crt0.o
 .debug_line    0x00000066      0x4de obj/default/experiment3a.o
 .debug_line    0x00000544      0x24f /tools/altera/12.0/nios2eds/bin/gnu/H-i686-pc-linux-gnu/bin/../lib/gcc/nios2-elf/4.1.2/../../../../nios2-elf/lib/mno-hw-mul/libsmallc.a(lib_a-memset.o)
 .debug_line    0x00000793      0x2b8 /tools/altera/12.0/nios2eds/bin/gnu/H-i686-pc-linux-gnu/bin/../lib/gcc/nios2-elf/4.1.2/../../../../nios2-elf/lib/mno-hw-mul/libsmallc.a(lib_a-printf.o)
 .debug_line    0x00000a4b      0x2ac /tools/altera/12.0/nios2eds/bin/gnu/H-i686-pc-linux-gnu/bin/../lib/gcc/nios2-elf/4.1.2/../../../../nios2-elf/lib/mno-hw-mul/libsmallc.a(lib_a-puts.o)
 .debug_line    0x00000cf7      0x35f /tools/altera/12.0/nios2eds/bin/gnu/H-i686-pc-linux-gnu/bin/../lib/gcc/nios2-elf/4.1.2/../../../../nios2-elf/lib/mno-hw-mul/libsmallc.a(lib_a-sprintf.o)
 .debug_line    0x00001056      0x247 /tools/altera/12.0/nios2eds/bin/gnu/H-i686-pc-linux-gnu/bin/../lib/gcc/nios2-elf/4.1.2/../../../../nios2-elf/lib/mno-hw-mul/libsmallc.a(lib_a-strlen.o)
 .debug_line    0x0000129d      0x5ed /tools/altera/12.0/nios2eds/bin/gnu/H-i686-pc-linux-gnu/bin/../lib/gcc/nios2-elf/4.1.2/../../../../nios2-elf/lib/mno-hw-mul/libsmallc.a(lib_a-vfprintf.o)
 .debug_line    0x0000188a      0x2a3 /tools/altera/12.0/nios2eds/bin/gnu/H-i686-pc-linux-gnu/bin/../lib/gcc/nios2-elf/4.1.2/../../../../nios2-elf/lib/mno-hw-mul/libsmallc.a(lib_a-fvwrite_small_dev.o)
 .debug_line    0x00001b2d      0x2c9 /tools/altera/12.0/nios2eds/bin/gnu/H-i686-pc-linux-gnu/bin/../lib/gcc/nios2-elf/4.1.2/../../../../nios2-elf/lib/mno-hw-mul/libsmallc.a(lib_a-fvwrite_small_str.o)
 .debug_line    0x00001df6      0x227 /tools/altera/12.0/nios2eds/bin/gnu/H-i686-pc-linux-gnu/bin/../lib/gcc/nios2-elf/4.1.2/../../../../nios2-elf/lib/mno-hw-mul/libsmallc.a(lib_a-impure.o)
 .debug_line    0x0000201d      0x28b /tools/altera/12.0/nios2eds/bin/gnu/H-i686-pc-linux-gnu/bin/../lib/gcc/nios2-elf/4.1.2/../../../../nios2-elf/lib/mno-hw-mul/libsmallc.a(lib_a-memmove.o)
 .debug_line    0x000022a8      0x294 /tools/altera/12.0/nios2eds/bin/gnu/H-i686-pc-linux-gnu/bin/../lib/gcc/nios2-elf/4.1.2/../../../../nios2-elf/lib/mno-hw-mul/libsmallc.a(lib_a-writer.o)
 .debug_line    0x0000253c      0x1dc /tools/altera/12.0/nios2eds/bin/gnu/H-i686-pc-linux-gnu/bin/../lib/gcc/nios2-elf/4.1.2/../../../../nios2-elf/lib/mno-hw-mul/libsmallc.a(lib_a-int_errno.o)
 .debug_line    0x00002718      0x2c3 /tools/altera/12.0/nios2eds/bin/gnu/H-i686-pc-linux-gnu/bin/../lib/gcc/nios2-elf/4.1.2/mno-hw-mul/libgcc.a(lib2-divmod.o)
 .debug_line    0x000029db      0x18e /tools/altera/12.0/nios2eds/bin/gnu/H-i686-pc-linux-gnu/bin/../lib/gcc/nios2-elf/4.1.2/mno-hw-mul/libgcc.a(lib2-mul.o)
 .debug_line    0x00002b69      0x223 ../experiment3a_bsp//libhal_bsp.a(alt_load.o)
 .debug_line    0x00002d8c      0x2ce ../experiment3a_bsp//libhal_bsp.a(alt_main.o)
 .debug_line    0x0000305a      0x1f8 ../experiment3a_bsp//libhal_bsp.a(alt_printf.o)
 .debug_line    0x00003252      0x1fe ../experiment3a_bsp//libhal_bsp.a(alt_putchar.o)
 .debug_line    0x00003450      0x214 ../experiment3a_bsp//libhal_bsp.a(alt_usleep.o)
 .debug_line    0x00003664      0x2b7 ../experiment3a_bsp//libhal_bsp.a(alt_write.o)
 .debug_line    0x0000391b      0x2e8 ../experiment3a_bsp//libhal_bsp.a(alt_sys_init.o)
 .debug_line    0x00003c03      0x300 ../experiment3a_bsp//libhal_bsp.a(altera_avalon_jtag_uart_write.o)
 .debug_line    0x00003f03      0x4fa ../experiment3a_bsp//libhal_bsp.a(altera_up_avalon_character_lcd.o)
 .debug_line    0x000043fd      0x270 ../experiment3a_bsp//libhal_bsp.a(alt_busy_sleep.o)
 .debug_line    0x0000466d      0x1c1 ../experiment3a_bsp//libhal_bsp.a(alt_dcache_flush_all.o)
 .debug_line    0x0000482e      0x258 ../experiment3a_bsp//libhal_bsp.a(alt_dev.o)
 .debug_line    0x00004a86      0x268 ../experiment3a_bsp//libhal_bsp.a(alt_dev_llist_insert.o)
 .debug_line    0x00004cee      0x1b6 ../experiment3a_bsp//libhal_bsp.a(alt_errno.o)
 .debug_line    0x00004ea4      0x26d ../experiment3a_bsp//libhal_bsp.a(alt_find_dev.o)
 .debug_line    0x00005111      0x1c1 ../experiment3a_bsp//libhal_bsp.a(alt_icache_flush_all.o)
 .debug_line    0x000052d2      0x1da ../experiment3a_bsp//libhal_bsp.a(altera_nios2_qsys_irq.o)
 .debug_line    0x000054ac      0x267 /tools/altera/12.0/nios2eds/bin/gnu/H-i686-pc-linux-gnu/bin/../lib/gcc/nios2-elf/4.1.2/../../../../nios2-elf/lib/mno-hw-mul/libsmallc.a(lib_a-memcmp.o)

.debug_frame    0x00000000      0x664
 *(.debug_frame)
 .debug_frame   0x00000000       0x38 obj/default/experiment3a.o
 .debug_frame   0x00000038       0x20 /tools/altera/12.0/nios2eds/bin/gnu/H-i686-pc-linux-gnu/bin/../lib/gcc/nios2-elf/4.1.2/../../../../nios2-elf/lib/mno-hw-mul/libsmallc.a(lib_a-memset.o)
 .debug_frame   0x00000058       0x40 /tools/altera/12.0/nios2eds/bin/gnu/H-i686-pc-linux-gnu/bin/../lib/gcc/nios2-elf/4.1.2/../../../../nios2-elf/lib/mno-hw-mul/libsmallc.a(lib_a-printf.o)
 .debug_frame   0x00000098       0x3c /tools/altera/12.0/nios2eds/bin/gnu/H-i686-pc-linux-gnu/bin/../lib/gcc/nios2-elf/4.1.2/../../../../nios2-elf/lib/mno-hw-mul/libsmallc.a(lib_a-puts.o)
 .debug_frame   0x000000d4       0x40 /tools/altera/12.0/nios2eds/bin/gnu/H-i686-pc-linux-gnu/bin/../lib/gcc/nios2-elf/4.1.2/../../../../nios2-elf/lib/mno-hw-mul/libsmallc.a(lib_a-sprintf.o)
 .debug_frame   0x00000114       0x20 /tools/altera/12.0/nios2eds/bin/gnu/H-i686-pc-linux-gnu/bin/../lib/gcc/nios2-elf/4.1.2/../../../../nios2-elf/lib/mno-hw-mul/libsmallc.a(lib_a-strlen.o)
 .debug_frame   0x00000134       0x64 /tools/altera/12.0/nios2eds/bin/gnu/H-i686-pc-linux-gnu/bin/../lib/gcc/nios2-elf/4.1.2/../../../../nios2-elf/lib/mno-hw-mul/libsmallc.a(lib_a-vfprintf.o)
 .debug_frame   0x00000198       0x30 /tools/altera/12.0/nios2eds/bin/gnu/H-i686-pc-linux-gnu/bin/../lib/gcc/nios2-elf/4.1.2/../../../../nios2-elf/lib/mno-hw-mul/libsmallc.a(lib_a-fvwrite_small_dev.o)
 .debug_frame   0x000001c8       0x2c /tools/altera/12.0/nios2eds/bin/gnu/H-i686-pc-linux-gnu/bin/../lib/gcc/nios2-elf/4.1.2/../../../../nios2-elf/lib/mno-hw-mul/libsmallc.a(lib_a-fvwrite_small_str.o)
 .debug_frame   0x000001f4       0x20 /tools/altera/12.0/nios2eds/bin/gnu/H-i686-pc-linux-gnu/bin/../lib/gcc/nios2-elf/4.1.2/../../../../nios2-elf/lib/mno-hw-mul/libsmallc.a(lib_a-memmove.o)
 .debug_frame   0x00000214       0x2c /tools/altera/12.0/nios2eds/bin/gnu/H-i686-pc-linux-gnu/bin/../lib/gcc/nios2-elf/4.1.2/../../../../nios2-elf/lib/mno-hw-mul/libsmallc.a(lib_a-writer.o)
 .debug_frame   0x00000240       0x70 /tools/altera/12.0/nios2eds/bin/gnu/H-i686-pc-linux-gnu/bin/../lib/gcc/nios2-elf/4.1.2/mno-hw-mul/libgcc.a(lib2-divmod.o)
 .debug_frame   0x000002b0       0x20 /tools/altera/12.0/nios2eds/bin/gnu/H-i686-pc-linux-gnu/bin/../lib/gcc/nios2-elf/4.1.2/mno-hw-mul/libgcc.a(lib2-mul.o)
 .debug_frame   0x000002d0       0x38 ../experiment3a_bsp//libhal_bsp.a(alt_load.o)
 .debug_frame   0x00000308       0x28 ../experiment3a_bsp//libhal_bsp.a(alt_main.o)
 .debug_frame   0x00000330       0x2c ../experiment3a_bsp//libhal_bsp.a(alt_printf.o)
 .debug_frame   0x0000035c       0x2c ../experiment3a_bsp//libhal_bsp.a(alt_putchar.o)
 .debug_frame   0x00000388       0x20 ../experiment3a_bsp//libhal_bsp.a(alt_usleep.o)
 .debug_frame   0x000003a8       0x28 ../experiment3a_bsp//libhal_bsp.a(alt_write.o)
 .debug_frame   0x000003d0       0x44 ../experiment3a_bsp//libhal_bsp.a(alt_sys_init.o)
 .debug_frame   0x00000414       0x20 ../experiment3a_bsp//libhal_bsp.a(altera_avalon_jtag_uart_write.o)
 .debug_frame   0x00000434      0x110 ../experiment3a_bsp//libhal_bsp.a(altera_up_avalon_character_lcd.o)
 .debug_frame   0x00000544       0x28 ../experiment3a_bsp//libhal_bsp.a(alt_busy_sleep.o)
 .debug_frame   0x0000056c       0x20 ../experiment3a_bsp//libhal_bsp.a(alt_dcache_flush_all.o)
 .debug_frame   0x0000058c       0x20 ../experiment3a_bsp//libhal_bsp.a(alt_dev.o)
 .debug_frame   0x000005ac       0x28 ../experiment3a_bsp//libhal_bsp.a(alt_dev_llist_insert.o)
 .debug_frame   0x000005d4       0x30 ../experiment3a_bsp//libhal_bsp.a(alt_find_dev.o)
 .debug_frame   0x00000604       0x20 ../experiment3a_bsp//libhal_bsp.a(alt_icache_flush_all.o)
 .debug_frame   0x00000624       0x20 ../experiment3a_bsp//libhal_bsp.a(altera_nios2_qsys_irq.o)
 .debug_frame   0x00000644       0x20 /tools/altera/12.0/nios2eds/bin/gnu/H-i686-pc-linux-gnu/bin/../lib/gcc/nios2-elf/4.1.2/../../../../nios2-elf/lib/mno-hw-mul/libsmallc.a(lib_a-memcmp.o)

.debug_str      0x00000000     0x14c8
 *(.debug_str)
 .debug_str     0x00000000      0x250 obj/default/experiment3a.o
                                0x2d3 (size before relaxing)
 .debug_str     0x00000250       0xe4 /tools/altera/12.0/nios2eds/bin/gnu/H-i686-pc-linux-gnu/bin/../lib/gcc/nios2-elf/4.1.2/../../../../nios2-elf/lib/mno-hw-mul/libsmallc.a(lib_a-memset.o)
                                0x180 (size before relaxing)
 .debug_str     0x00000334      0x397 /tools/altera/12.0/nios2eds/bin/gnu/H-i686-pc-linux-gnu/bin/../lib/gcc/nios2-elf/4.1.2/../../../../nios2-elf/lib/mno-hw-mul/libsmallc.a(lib_a-printf.o)
                                0x468 (size before relaxing)
 .debug_str     0x000006cb       0x48 /tools/altera/12.0/nios2eds/bin/gnu/H-i686-pc-linux-gnu/bin/../lib/gcc/nios2-elf/4.1.2/../../../../nios2-elf/lib/mno-hw-mul/libsmallc.a(lib_a-puts.o)
                                0x452 (size before relaxing)
 .debug_str     0x00000713       0x7b /tools/altera/12.0/nios2eds/bin/gnu/H-i686-pc-linux-gnu/bin/../lib/gcc/nios2-elf/4.1.2/../../../../nios2-elf/lib/mno-hw-mul/libsmallc.a(lib_a-sprintf.o)
                                0x49b (size before relaxing)
 .debug_str     0x0000078e       0x45 /tools/altera/12.0/nios2eds/bin/gnu/H-i686-pc-linux-gnu/bin/../lib/gcc/nios2-elf/4.1.2/../../../../nios2-elf/lib/mno-hw-mul/libsmallc.a(lib_a-strlen.o)
                                0x186 (size before relaxing)
 .debug_str     0x000007d3      0x115 /tools/altera/12.0/nios2eds/bin/gnu/H-i686-pc-linux-gnu/bin/../lib/gcc/nios2-elf/4.1.2/../../../../nios2-elf/lib/mno-hw-mul/libsmallc.a(lib_a-vfprintf.o)
                                0x564 (size before relaxing)
 .debug_str     0x000008e8       0x70 /tools/altera/12.0/nios2eds/bin/gnu/H-i686-pc-linux-gnu/bin/../lib/gcc/nios2-elf/4.1.2/../../../../nios2-elf/lib/mno-hw-mul/libsmallc.a(lib_a-fvwrite_small_dev.o)
                                0x46c (size before relaxing)
 .debug_str     0x00000958       0x5d /tools/altera/12.0/nios2eds/bin/gnu/H-i686-pc-linux-gnu/bin/../lib/gcc/nios2-elf/4.1.2/../../../../nios2-elf/lib/mno-hw-mul/libsmallc.a(lib_a-fvwrite_small_str.o)
                                0x489 (size before relaxing)
 .debug_str     0x000009b5       0xfa /tools/altera/12.0/nios2eds/bin/gnu/H-i686-pc-linux-gnu/bin/../lib/gcc/nios2-elf/4.1.2/../../../../nios2-elf/lib/mno-hw-mul/libsmallc.a(lib_a-impure.o)
                                0x45f (size before relaxing)
 .debug_str     0x00000aaf       0x59 /tools/altera/12.0/nios2eds/bin/gnu/H-i686-pc-linux-gnu/bin/../lib/gcc/nios2-elf/4.1.2/../../../../nios2-elf/lib/mno-hw-mul/libsmallc.a(lib_a-memmove.o)
                                0x19b (size before relaxing)
 .debug_str     0x00000b08       0x4f /tools/altera/12.0/nios2eds/bin/gnu/H-i686-pc-linux-gnu/bin/../lib/gcc/nios2-elf/4.1.2/../../../../nios2-elf/lib/mno-hw-mul/libsmallc.a(lib_a-writer.o)
                                0x453 (size before relaxing)
 .debug_str     0x00000b57       0x40 /tools/altera/12.0/nios2eds/bin/gnu/H-i686-pc-linux-gnu/bin/../lib/gcc/nios2-elf/4.1.2/../../../../nios2-elf/lib/mno-hw-mul/libsmallc.a(lib_a-int_errno.o)
                                0x179 (size before relaxing)
 .debug_str     0x00000b97      0x10d /tools/altera/12.0/nios2eds/bin/gnu/H-i686-pc-linux-gnu/bin/../lib/gcc/nios2-elf/4.1.2/mno-hw-mul/libgcc.a(lib2-divmod.o)
                                0x1b6 (size before relaxing)
 .debug_str     0x00000ca4       0x37 /tools/altera/12.0/nios2eds/bin/gnu/H-i686-pc-linux-gnu/bin/../lib/gcc/nios2-elf/4.1.2/mno-hw-mul/libgcc.a(lib2-mul.o)
                                0x177 (size before relaxing)
 .debug_str     0x00000cdb      0x141 ../experiment3a_bsp//libhal_bsp.a(alt_load.o)
                                0x1de (size before relaxing)
 .debug_str     0x00000e1c       0x44 ../experiment3a_bsp//libhal_bsp.a(alt_main.o)
                                0x162 (size before relaxing)
 .debug_str     0x00000e60       0x32 ../experiment3a_bsp//libhal_bsp.a(alt_printf.o)
                                 0xc9 (size before relaxing)
 .debug_str     0x00000e92       0x4e ../experiment3a_bsp//libhal_bsp.a(alt_putchar.o)
                                0x13b (size before relaxing)
 .debug_str     0x00000ee0       0x27 ../experiment3a_bsp//libhal_bsp.a(alt_usleep.o)
                                0x114 (size before relaxing)
 .debug_str     0x00000f07       0x2c ../experiment3a_bsp//libhal_bsp.a(alt_write.o)
                                0x18e (size before relaxing)
 .debug_str     0x00000f33       0x81 ../experiment3a_bsp//libhal_bsp.a(alt_sys_init.o)
                                0x27b (size before relaxing)
 .debug_str     0x00000fb4       0x4a ../experiment3a_bsp//libhal_bsp.a(altera_avalon_jtag_uart_write.o)
                                0x1da (size before relaxing)
 .debug_str     0x00000ffe      0x1ea ../experiment3a_bsp//libhal_bsp.a(altera_up_avalon_character_lcd.o)
                                0x3bd (size before relaxing)
 .debug_str     0x000011e8       0x42 ../experiment3a_bsp//libhal_bsp.a(alt_busy_sleep.o)
                                0x137 (size before relaxing)
 .debug_str     0x0000122a       0x34 ../experiment3a_bsp//libhal_bsp.a(alt_dcache_flush_all.o)
                                0x121 (size before relaxing)
 .debug_str     0x0000125e      0x125 ../experiment3a_bsp//libhal_bsp.a(alt_dev.o)
                                0x2d1 (size before relaxing)
 .debug_str     0x00001383       0x59 ../experiment3a_bsp//libhal_bsp.a(alt_dev_llist_insert.o)
                                0x198 (size before relaxing)
 .debug_str     0x000013dc       0x14 ../experiment3a_bsp//libhal_bsp.a(alt_errno.o)
                                0x111 (size before relaxing)
 .debug_str     0x000013f0       0x24 ../experiment3a_bsp//libhal_bsp.a(alt_find_dev.o)
                                0x1b8 (size before relaxing)
 .debug_str     0x00001414       0x34 ../experiment3a_bsp//libhal_bsp.a(alt_icache_flush_all.o)
                                0x121 (size before relaxing)
 .debug_str     0x00001448       0x3b ../experiment3a_bsp//libhal_bsp.a(altera_nios2_qsys_irq.o)
                                0x128 (size before relaxing)
 .debug_str     0x00001483       0x45 /tools/altera/12.0/nios2eds/bin/gnu/H-i686-pc-linux-gnu/bin/../lib/gcc/nios2-elf/4.1.2/../../../../nios2-elf/lib/mno-hw-mul/libsmallc.a(lib_a-memcmp.o)
                                0x180 (size before relaxing)

.debug_loc      0x00000000     0x19ae
 *(.debug_loc)
 .debug_loc     0x00000000      0x27a obj/default/experiment3a.o
 .debug_loc     0x0000027a       0x4f /tools/altera/12.0/nios2eds/bin/gnu/H-i686-pc-linux-gnu/bin/../lib/gcc/nios2-elf/4.1.2/../../../../nios2-elf/lib/mno-hw-mul/libsmallc.a(lib_a-memset.o)
 .debug_loc     0x000002c9       0x8d /tools/altera/12.0/nios2eds/bin/gnu/H-i686-pc-linux-gnu/bin/../lib/gcc/nios2-elf/4.1.2/../../../../nios2-elf/lib/mno-hw-mul/libsmallc.a(lib_a-printf.o)
 .debug_loc     0x00000356       0xa2 /tools/altera/12.0/nios2eds/bin/gnu/H-i686-pc-linux-gnu/bin/../lib/gcc/nios2-elf/4.1.2/../../../../nios2-elf/lib/mno-hw-mul/libsmallc.a(lib_a-puts.o)
 .debug_loc     0x000003f8       0xbe /tools/altera/12.0/nios2eds/bin/gnu/H-i686-pc-linux-gnu/bin/../lib/gcc/nios2-elf/4.1.2/../../../../nios2-elf/lib/mno-hw-mul/libsmallc.a(lib_a-sprintf.o)
 .debug_loc     0x000004b6       0x1e /tools/altera/12.0/nios2eds/bin/gnu/H-i686-pc-linux-gnu/bin/../lib/gcc/nios2-elf/4.1.2/../../../../nios2-elf/lib/mno-hw-mul/libsmallc.a(lib_a-strlen.o)
 .debug_loc     0x000004d4      0x6a6 /tools/altera/12.0/nios2eds/bin/gnu/H-i686-pc-linux-gnu/bin/../lib/gcc/nios2-elf/4.1.2/../../../../nios2-elf/lib/mno-hw-mul/libsmallc.a(lib_a-vfprintf.o)
 .debug_loc     0x00000b7a      0x162 /tools/altera/12.0/nios2eds/bin/gnu/H-i686-pc-linux-gnu/bin/../lib/gcc/nios2-elf/4.1.2/../../../../nios2-elf/lib/mno-hw-mul/libsmallc.a(lib_a-fvwrite_small_dev.o)
 .debug_loc     0x00000cdc       0xe1 /tools/altera/12.0/nios2eds/bin/gnu/H-i686-pc-linux-gnu/bin/../lib/gcc/nios2-elf/4.1.2/../../../../nios2-elf/lib/mno-hw-mul/libsmallc.a(lib_a-fvwrite_small_str.o)
 .debug_loc     0x00000dbd       0x4f /tools/altera/12.0/nios2eds/bin/gnu/H-i686-pc-linux-gnu/bin/../lib/gcc/nios2-elf/4.1.2/../../../../nios2-elf/lib/mno-hw-mul/libsmallc.a(lib_a-memmove.o)
 .debug_loc     0x00000e0c       0x97 /tools/altera/12.0/nios2eds/bin/gnu/H-i686-pc-linux-gnu/bin/../lib/gcc/nios2-elf/4.1.2/../../../../nios2-elf/lib/mno-hw-mul/libsmallc.a(lib_a-writer.o)
 .debug_loc     0x00000ea3      0x1d2 /tools/altera/12.0/nios2eds/bin/gnu/H-i686-pc-linux-gnu/bin/../lib/gcc/nios2-elf/4.1.2/mno-hw-mul/libgcc.a(lib2-divmod.o)
 .debug_loc     0x00001075       0x4f /tools/altera/12.0/nios2eds/bin/gnu/H-i686-pc-linux-gnu/bin/../lib/gcc/nios2-elf/4.1.2/mno-hw-mul/libgcc.a(lib2-mul.o)
 .debug_loc     0x000010c4       0x1f ../experiment3a_bsp//libhal_bsp.a(alt_load.o)
 .debug_loc     0x000010e3       0x1f ../experiment3a_bsp//libhal_bsp.a(alt_main.o)
 .debug_loc     0x00001102      0x175 ../experiment3a_bsp//libhal_bsp.a(alt_printf.o)
 .debug_loc     0x00001277       0x3d ../experiment3a_bsp//libhal_bsp.a(alt_putchar.o)
 .debug_loc     0x000012b4       0x13 ../experiment3a_bsp//libhal_bsp.a(alt_usleep.o)
 .debug_loc     0x000012c7       0x9a ../experiment3a_bsp//libhal_bsp.a(alt_write.o)
 .debug_loc     0x00001361       0x51 ../experiment3a_bsp//libhal_bsp.a(alt_sys_init.o)
 .debug_loc     0x000013b2       0x26 ../experiment3a_bsp//libhal_bsp.a(altera_avalon_jtag_uart_write.o)
 .debug_loc     0x000013d8      0x3cc ../experiment3a_bsp//libhal_bsp.a(altera_up_avalon_character_lcd.o)
 .debug_loc     0x000017a4       0x50 ../experiment3a_bsp//libhal_bsp.a(alt_busy_sleep.o)
 .debug_loc     0x000017f4       0x5b ../experiment3a_bsp//libhal_bsp.a(alt_dev_llist_insert.o)
 .debug_loc     0x0000184f       0xef ../experiment3a_bsp//libhal_bsp.a(alt_find_dev.o)
 .debug_loc     0x0000193e       0x70 /tools/altera/12.0/nios2eds/bin/gnu/H-i686-pc-linux-gnu/bin/../lib/gcc/nios2-elf/4.1.2/../../../../nios2-elf/lib/mno-hw-mul/libsmallc.a(lib_a-memcmp.o)

.debug_macinfo
 *(.debug_macinfo)

.debug_weaknames
 *(.debug_weaknames)

.debug_funcnames
 *(.debug_funcnames)

.debug_typenames
 *(.debug_typenames)

.debug_varnames
 *(.debug_varnames)

.debug_alt_sim_info
                0x00000000       0x40
 *(.debug_alt_sim_info)
 .debug_alt_sim_info
                0x00000000       0x10 ../experiment3a_bsp//obj/HAL/src/crt0.o
 .debug_alt_sim_info
                0x00000010       0x30 ../experiment3a_bsp//libhal_bsp.a(alt_busy_sleep.o)
                0x00008000                __alt_data_end = 0x8000
                0x00008000                PROVIDE (__alt_stack_pointer, __alt_data_end)
                0x00005c8c                PROVIDE (__alt_stack_limit, __alt_stack_base)
                0x00005c8c                PROVIDE (__alt_heap_start, end)
                0x00008000                PROVIDE (__alt_heap_limit, 0x8000)
OUTPUT(experiment3a.elf elf32-littlenios2)

.debug_ranges   0x00000000      0x110
 .debug_ranges  0x00000000       0x20 ../experiment3a_bsp//obj/HAL/src/crt0.o
 .debug_ranges  0x00000020       0xa8 /tools/altera/12.0/nios2eds/bin/gnu/H-i686-pc-linux-gnu/bin/../lib/gcc/nios2-elf/4.1.2/../../../../nios2-elf/lib/mno-hw-mul/libsmallc.a(lib_a-vfprintf.o)
 .debug_ranges  0x000000c8       0x18 /tools/altera/12.0/nios2eds/bin/gnu/H-i686-pc-linux-gnu/bin/../lib/gcc/nios2-elf/4.1.2/../../../../nios2-elf/lib/mno-hw-mul/libsmallc.a(lib_a-fvwrite_small_str.o)
 .debug_ranges  0x000000e0       0x18 ../experiment3a_bsp//libhal_bsp.a(alt_sys_init.o)
 .debug_ranges  0x000000f8       0x18 ../experiment3a_bsp//libhal_bsp.a(alt_dev_llist_insert.o)
