Archive member included because of file (symbol)

../experiment2_bsp//libhal_bsp.a(alt_load.o)
                              ../experiment2_bsp//obj/HAL/src/crt0.o (alt_load)
../experiment2_bsp//libhal_bsp.a(alt_main.o)
                              ../experiment2_bsp//obj/HAL/src/crt0.o (alt_main)
../experiment2_bsp//libhal_bsp.a(alt_putstr.o)
                              obj/default/experiment2.o (alt_putstr)
../experiment2_bsp//libhal_bsp.a(alt_usleep.o)
                              obj/default/experiment2.o (usleep)
../experiment2_bsp//libhal_bsp.a(alt_sys_init.o)
                              ../experiment2_bsp//libhal_bsp.a(alt_main.o) (alt_sys_init)
../experiment2_bsp//libhal_bsp.a(altera_avalon_jtag_uart_write.o)
                              ../experiment2_bsp//libhal_bsp.a(alt_putstr.o) (altera_avalon_jtag_uart_write)
../experiment2_bsp//libhal_bsp.a(alt_busy_sleep.o)
                              ../experiment2_bsp//libhal_bsp.a(alt_usleep.o) (alt_busy_sleep)
../experiment2_bsp//libhal_bsp.a(alt_dcache_flush_all.o)
                              ../experiment2_bsp//libhal_bsp.a(alt_load.o) (alt_dcache_flush_all)
../experiment2_bsp//libhal_bsp.a(alt_icache_flush_all.o)
                              ../experiment2_bsp//libhal_bsp.a(alt_load.o) (alt_icache_flush_all)
../experiment2_bsp//libhal_bsp.a(altera_nios2_qsys_irq.o)
                              ../experiment2_bsp//libhal_bsp.a(alt_sys_init.o) (altera_nios2_qsys_irq_init)
/tools/altera/12.0/nios2eds/bin/gnu/H-i686-pc-linux-gnu/bin/../lib/gcc/nios2-elf/4.1.2/../../../../nios2-elf/lib/mno-hw-mul/libsmallc.a(lib_a-strlen.o)
                              ../experiment2_bsp//libhal_bsp.a(alt_putstr.o) (strlen)
/tools/altera/12.0/nios2eds/bin/gnu/H-i686-pc-linux-gnu/bin/../lib/gcc/nios2-elf/4.1.2/mno-hw-mul/libgcc.a(lib2-divmod.o)
                              ../experiment2_bsp//libhal_bsp.a(alt_busy_sleep.o) (__udivsi3)
/tools/altera/12.0/nios2eds/bin/gnu/H-i686-pc-linux-gnu/bin/../lib/gcc/nios2-elf/4.1.2/mno-hw-mul/libgcc.a(lib2-mul.o)
                              ../experiment2_bsp//libhal_bsp.a(alt_busy_sleep.o) (__mulsi3)

Memory Configuration

Name             Origin             Length             Attributes
reset            0x00001000         0x00000020
onchip_memory2_0 0x00001020         0x00000fe0
*default*        0x00000000         0xffffffff

Linker script and memory map

LOAD ../experiment2_bsp//obj/HAL/src/crt0.o
                0x0000100c                exit = _exit
LOAD obj/default/experiment2.o
LOAD /tools/altera/12.0/nios2eds/bin/gnu/H-i686-pc-linux-gnu/bin/../lib/gcc/nios2-elf/4.1.2/../../../../nios2-elf/lib/mno-hw-mul/libstdc++.a
LOAD /tools/altera/12.0/nios2eds/bin/gnu/H-i686-pc-linux-gnu/bin/../lib/gcc/nios2-elf/4.1.2/../../../../nios2-elf/lib/mno-hw-mul/libm.a
LOAD /tools/altera/12.0/nios2eds/bin/gnu/H-i686-pc-linux-gnu/bin/../lib/gcc/nios2-elf/4.1.2/mno-hw-mul/libgcc.a
START GROUP
LOAD /tools/altera/12.0/nios2eds/bin/gnu/H-i686-pc-linux-gnu/bin/../lib/gcc/nios2-elf/4.1.2/../../../../nios2-elf/lib/mno-hw-mul/libsmallc.a
LOAD /tools/altera/12.0/nios2eds/bin/gnu/H-i686-pc-linux-gnu/bin/../lib/gcc/nios2-elf/4.1.2/mno-hw-mul/libgcc.a
LOAD ../experiment2_bsp//libhal_bsp.a
END GROUP
LOAD /tools/altera/12.0/nios2eds/bin/gnu/H-i686-pc-linux-gnu/bin/../lib/gcc/nios2-elf/4.1.2/mno-hw-mul/libgcc.a
                0x00001000                __alt_mem_onchip_memory2_0 = 0x1000

.entry          0x00001000       0x20
 *(.entry)
 .entry         0x00001000       0x20 ../experiment2_bsp//obj/HAL/src/crt0.o
                0x00001000                __reset
                0x0000100c                _exit

.exceptions     0x00001020        0x0
                0x00001020                PROVIDE (__ram_exceptions_start, ABSOLUTE (.))
                0x00001020                . = ALIGN (0x20)
 *(.irq)
 *(.exceptions.entry.label)
 *(.exceptions.entry.user)
 *(.exceptions.entry)
 *(.exceptions.irqtest.user)
 *(.exceptions.irqtest)
 *(.exceptions.irqhandler.user)
 *(.exceptions.irqhandler)
 *(.exceptions.irqreturn.user)
 *(.exceptions.irqreturn)
 *(.exceptions.notirq.label)
 *(.exceptions.notirq.user)
 *(.exceptions.notirq)
 *(.exceptions.soft.user)
 *(.exceptions.soft)
 *(.exceptions.unknown.user)
 *(.exceptions.unknown)
 *(.exceptions.exit.label)
 *(.exceptions.exit.user)
 *(.exceptions.exit)
 *(.exceptions)
                0x00001020                PROVIDE (__ram_exceptions_end, ABSOLUTE (.))
                0x00001020                PROVIDE (__flash_exceptions_start, LOADADDR (.exceptions))

.text           0x00001020      0xd10
                0x00001020                PROVIDE (stext, ABSOLUTE (.))
 *(.interp)
 *(.hash)
 *(.dynsym)
 *(.dynstr)
 *(.gnu.version)
 *(.gnu.version_d)
 *(.gnu.version_r)
 *(.rel.init)
 *(.rela.init)
 *(.rel.text .rel.text.* .rel.gnu.linkonce.t.*)
 *(.rela.text .rela.text.* .rela.gnu.linkonce.t.*)
 *(.rel.fini)
 *(.rela.fini)
 *(.rel.rodata .rel.rodata.* .rel.gnu.linkonce.r.*)
 *(.rela.rodata .rela.rodata.* .rela.gnu.linkonce.r.*)
 *(.rel.data .rel.data.* .rel.gnu.linkonce.d.*)
 *(.rela.data .rela.data.* .rela.gnu.linkonce.d.*)
 *(.rel.tdata .rel.tdata.* .rel.gnu.linkonce.td.*)
 *(.rela.tdata .rela.tdata.* .rela.gnu.linkonce.td.*)
 *(.rel.tbss .rel.tbss.* .rel.gnu.linkonce.tb.*)
 *(.rela.tbss .rela.tbss.* .rela.gnu.linkonce.tb.*)
 *(.rel.ctors)
 *(.rela.ctors)
 *(.rel.dtors)
 *(.rela.dtors)
 *(.rel.got)
 *(.rela.got)
 *(.rel.sdata .rel.sdata.* .rel.gnu.linkonce.s.*)
 *(.rela.sdata .rela.sdata.* .rela.gnu.linkonce.s.*)
 *(.rel.sbss .rel.sbss.* .rel.gnu.linkonce.sb.*)
 *(.rela.sbss .rela.sbss.* .rela.gnu.linkonce.sb.*)
 *(.rel.sdata2 .rel.sdata2.* .rel.gnu.linkonce.s2.*)
 *(.rela.sdata2 .rela.sdata2.* .rela.gnu.linkonce.s2.*)
 *(.rel.sbss2 .rel.sbss2.* .rel.gnu.linkonce.sb2.*)
 *(.rela.sbss2 .rela.sbss2.* .rela.gnu.linkonce.sb2.*)
 *(.rel.bss .rel.bss.* .rel.gnu.linkonce.b.*)
 *(.rela.bss .rela.bss.* .rela.gnu.linkonce.b.*)
 *(.rel.plt)
 *(.rela.plt)
 *(.rel.dyn)
 *(.init)
 *(.plt)
 *(.text .stub .text.* .gnu.linkonce.t.*)
 .text          0x00001020       0x3c ../experiment2_bsp//obj/HAL/src/crt0.o
                0x00001020                _start
 .text          0x0000105c      0x948 obj/default/experiment2.o
                0x0000105c                disp_seven_seg
                0x0000114c                main
 .text          0x000019a4       0x8c ../experiment2_bsp//libhal_bsp.a(alt_load.o)
                0x000019c4                alt_load
 .text          0x00001a30       0x2c ../experiment2_bsp//libhal_bsp.a(alt_main.o)
                0x00001a30                alt_main
 .text          0x00001a5c       0x38 ../experiment2_bsp//libhal_bsp.a(alt_putstr.o)
                0x00001a5c                alt_putstr
 .text          0x00001a94        0x4 ../experiment2_bsp//libhal_bsp.a(alt_usleep.o)
                0x00001a94                usleep
 .text          0x00001a98       0x24 ../experiment2_bsp//libhal_bsp.a(alt_sys_init.o)
                0x00001a98                alt_sys_init
                0x00001a9c                alt_irq_init
 .text          0x00001abc       0x34 ../experiment2_bsp//libhal_bsp.a(altera_avalon_jtag_uart_write.o)
                0x00001abc                altera_avalon_jtag_uart_write
 .text          0x00001af0       0x8c ../experiment2_bsp//libhal_bsp.a(alt_busy_sleep.o)
                0x00001af0                alt_busy_sleep
 .text          0x00001b7c        0x4 ../experiment2_bsp//libhal_bsp.a(alt_dcache_flush_all.o)
                0x00001b7c                alt_dcache_flush_all
 .text          0x00001b80        0x4 ../experiment2_bsp//libhal_bsp.a(alt_icache_flush_all.o)
                0x00001b80                alt_icache_flush_all
 .text          0x00001b84        0x8 ../experiment2_bsp//libhal_bsp.a(altera_nios2_qsys_irq.o)
                0x00001b84                altera_nios2_qsys_irq_init
 .text          0x00001b8c       0x20 /tools/altera/12.0/nios2eds/bin/gnu/H-i686-pc-linux-gnu/bin/../lib/gcc/nios2-elf/4.1.2/../../../../nios2-elf/lib/mno-hw-mul/libsmallc.a(lib_a-strlen.o)
                0x00001b8c                strlen
 .text          0x00001bac      0x14c /tools/altera/12.0/nios2eds/bin/gnu/H-i686-pc-linux-gnu/bin/../lib/gcc/nios2-elf/4.1.2/mno-hw-mul/libgcc.a(lib2-divmod.o)
                0x00001c28                __divsi3
                0x00001c88                __modsi3
                0x00001ce8                __udivsi3
                0x00001cf0                __umodsi3
 .text          0x00001cf8       0x38 /tools/altera/12.0/nios2eds/bin/gnu/H-i686-pc-linux-gnu/bin/../lib/gcc/nios2-elf/4.1.2/mno-hw-mul/libgcc.a(lib2-mul.o)
                0x00001cf8                __mulsi3
 *(.gnu.warning.*)
 *(.fini)
                0x00001d30                PROVIDE (__etext, ABSOLUTE (.))
                0x00001d30                PROVIDE (_etext, ABSOLUTE (.))
                0x00001d30                PROVIDE (etext, ABSOLUTE (.))
 *(.eh_frame_hdr)
                0x00001d30                . = ALIGN (0x4)
                0x00001d30                PROVIDE (__preinit_array_start, ABSOLUTE (.))
 *(.preinit_array)
                0x00001d30                PROVIDE (__preinit_array_end, ABSOLUTE (.))
                0x00001d30                PROVIDE (__init_array_start, ABSOLUTE (.))
 *(.init_array)
                0x00001d30                PROVIDE (__init_array_end, ABSOLUTE (.))
                0x00001d30                PROVIDE (__fini_array_start, ABSOLUTE (.))
 *(.fini_array)
                0x00001d30                PROVIDE (__fini_array_end, ABSOLUTE (.))
 *(.eh_frame)
 *(.gcc_except_table)
 *(.dynamic)
                0x00001d30                PROVIDE (__CTOR_LIST__, ABSOLUTE (.))
 *(.ctors)
 *(SORT(.ctors.*))
                0x00001d30                PROVIDE (__CTOR_END__, ABSOLUTE (.))
                0x00001d30                PROVIDE (__DTOR_LIST__, ABSOLUTE (.))
 *(.dtors)
 *(SORT(.dtors.*))
                0x00001d30                PROVIDE (__DTOR_END__, ABSOLUTE (.))
 *(.jcr)
                0x00001d30                . = ALIGN (0x4)

.rodata         0x00001d30       0x10
                0x00001d30                PROVIDE (__ram_rodata_start, ABSOLUTE (.))
                0x00001d30                . = ALIGN (0x4)
 *(.rodata .rodata.* .gnu.linkonce.r.*)
 .rodata.str1.4
                0x00001d30       0x10 obj/default/experiment2.o
 *(.rodata1)
                0x00001d40                . = ALIGN (0x4)
                0x00001d40                PROVIDE (__ram_rodata_end, ABSOLUTE (.))
                0x00001d30                PROVIDE (__flash_rodata_start, LOADADDR (.rodata))

.rwdata         0x00001d40        0x4 load address 0x00001d44
                0x00001d40                PROVIDE (__ram_rwdata_start, ABSOLUTE (.))
                0x00001d40                . = ALIGN (0x4)
 *(.got.plt)
 *(.got)
 *(.data1)
 *(.data .data.* .gnu.linkonce.d.*)
 .data          0x00001d40        0x0 ../experiment2_bsp//obj/HAL/src/crt0.o
 .data          0x00001d40        0x0 obj/default/experiment2.o
 .data          0x00001d40        0x0 ../experiment2_bsp//libhal_bsp.a(alt_load.o)
 .data          0x00001d40        0x0 ../experiment2_bsp//libhal_bsp.a(alt_main.o)
 .data          0x00001d40        0x0 ../experiment2_bsp//libhal_bsp.a(alt_putstr.o)
 .data          0x00001d40        0x0 ../experiment2_bsp//libhal_bsp.a(alt_usleep.o)
 .data          0x00001d40        0x0 ../experiment2_bsp//libhal_bsp.a(alt_sys_init.o)
 .data          0x00001d40        0x0 ../experiment2_bsp//libhal_bsp.a(altera_avalon_jtag_uart_write.o)
 .data          0x00001d40        0x0 ../experiment2_bsp//libhal_bsp.a(alt_busy_sleep.o)
 .data          0x00001d40        0x0 ../experiment2_bsp//libhal_bsp.a(alt_dcache_flush_all.o)
 .data          0x00001d40        0x0 ../experiment2_bsp//libhal_bsp.a(alt_icache_flush_all.o)
 .data          0x00001d40        0x0 ../experiment2_bsp//libhal_bsp.a(altera_nios2_qsys_irq.o)
 .data          0x00001d40        0x0 /tools/altera/12.0/nios2eds/bin/gnu/H-i686-pc-linux-gnu/bin/../lib/gcc/nios2-elf/4.1.2/../../../../nios2-elf/lib/mno-hw-mul/libsmallc.a(lib_a-strlen.o)
 .data          0x00001d40        0x0 /tools/altera/12.0/nios2eds/bin/gnu/H-i686-pc-linux-gnu/bin/../lib/gcc/nios2-elf/4.1.2/mno-hw-mul/libgcc.a(lib2-divmod.o)
 .data          0x00001d40        0x0 /tools/altera/12.0/nios2eds/bin/gnu/H-i686-pc-linux-gnu/bin/../lib/gcc/nios2-elf/4.1.2/mno-hw-mul/libgcc.a(lib2-mul.o)
                0x00009d40                _gp = ABSOLUTE ((. + 0x8000))
                0x00009d40                PROVIDE (gp, _gp)
 *(.rwdata .rwdata.*)
 *(.sdata .sdata.* .gnu.linkonce.s.*)
 .sdata         0x00001d40        0x4 ../experiment2_bsp//libhal_bsp.a(alt_sys_init.o)
                0x00001d40                jtag_uart_0
 *(.sdata2 .sdata2.* .gnu.linkonce.s2.*)
                0x00001d44                . = ALIGN (0x4)
                0x00001d44                _edata = ABSOLUTE (.)
                0x00001d44                PROVIDE (edata, ABSOLUTE (.))
                0x00001d44                PROVIDE (__ram_rwdata_end, ABSOLUTE (.))
                0x00001d44                PROVIDE (__flash_rwdata_start, LOADADDR (.rwdata))

.bss            0x00001d48        0xc
                0x00001d48                __bss_start = ABSOLUTE (.)
                0x00001d48                PROVIDE (__sbss_start, ABSOLUTE (.))
                0x00001d48                PROVIDE (___sbss_start, ABSOLUTE (.))
 *(.dynsbss)
 *(.sbss .sbss.* .gnu.linkonce.sb.*)
 .sbss          0x00001d48        0xc ../experiment2_bsp//libhal_bsp.a(alt_main.o)
                0x00001d48                alt_argc
                0x00001d4c                alt_argv
                0x00001d50                alt_envp
 *(.sbss2 .sbss2.* .gnu.linkonce.sb2.*)
 *(.scommon)
                0x00001d54                PROVIDE (__sbss_end, ABSOLUTE (.))
                0x00001d54                PROVIDE (___sbss_end, ABSOLUTE (.))
 *(.dynbss)
 *(.bss .bss.* .gnu.linkonce.b.*)
 .bss           0x00001d54        0x0 ../experiment2_bsp//obj/HAL/src/crt0.o
 .bss           0x00001d54        0x0 obj/default/experiment2.o
 .bss           0x00001d54        0x0 ../experiment2_bsp//libhal_bsp.a(alt_load.o)
 .bss           0x00001d54        0x0 ../experiment2_bsp//libhal_bsp.a(alt_main.o)
 .bss           0x00001d54        0x0 ../experiment2_bsp//libhal_bsp.a(alt_putstr.o)
 .bss           0x00001d54        0x0 ../experiment2_bsp//libhal_bsp.a(alt_usleep.o)
 .bss           0x00001d54        0x0 ../experiment2_bsp//libhal_bsp.a(alt_sys_init.o)
 .bss           0x00001d54        0x0 ../experiment2_bsp//libhal_bsp.a(altera_avalon_jtag_uart_write.o)
 .bss           0x00001d54        0x0 ../experiment2_bsp//libhal_bsp.a(alt_busy_sleep.o)
 .bss           0x00001d54        0x0 ../experiment2_bsp//libhal_bsp.a(alt_dcache_flush_all.o)
 .bss           0x00001d54        0x0 ../experiment2_bsp//libhal_bsp.a(alt_icache_flush_all.o)
 .bss           0x00001d54        0x0 ../experiment2_bsp//libhal_bsp.a(altera_nios2_qsys_irq.o)
 .bss           0x00001d54        0x0 /tools/altera/12.0/nios2eds/bin/gnu/H-i686-pc-linux-gnu/bin/../lib/gcc/nios2-elf/4.1.2/../../../../nios2-elf/lib/mno-hw-mul/libsmallc.a(lib_a-strlen.o)
 .bss           0x00001d54        0x0 /tools/altera/12.0/nios2eds/bin/gnu/H-i686-pc-linux-gnu/bin/../lib/gcc/nios2-elf/4.1.2/mno-hw-mul/libgcc.a(lib2-divmod.o)
 .bss           0x00001d54        0x0 /tools/altera/12.0/nios2eds/bin/gnu/H-i686-pc-linux-gnu/bin/../lib/gcc/nios2-elf/4.1.2/mno-hw-mul/libgcc.a(lib2-mul.o)
 *(COMMON)
                0x00001d54                . = ALIGN (0x4)
                0x00001d54                __bss_end = ABSOLUTE (.)

.onchip_memory2_0
                0x00001d54        0x0
                0x00001d54                PROVIDE (_alt_partition_onchip_memory2_0_start, ABSOLUTE (.))
 *(.onchip_memory2_0. onchip_memory2_0.*)
                0x00001d54                . = ALIGN (0x4)
                0x00001d54                PROVIDE (_alt_partition_onchip_memory2_0_end, ABSOLUTE (.))
                0x00001d54                _end = ABSOLUTE (.)
                0x00001d54                end = ABSOLUTE (.)
                0x00001d54                __alt_stack_base = ABSOLUTE (.)
                0x00001d54                PROVIDE (_alt_partition_onchip_memory2_0_load_addr, LOADADDR (.onchip_memory2_0))

.stab
 *(.stab)

.stabstr
 *(.stabstr)

.stab.excl
 *(.stab.excl)

.stab.exclstr
 *(.stab.exclstr)

.stab.index
 *(.stab.index)

.stab.indexstr
 *(.stab.indexstr)

.comment        0x00000000       0x23
 *(.comment)
 .comment       0x00000000       0x23 obj/default/experiment2.o
                                 0x24 (size before relaxing)
 .comment       0x00000000       0x24 ../experiment2_bsp//libhal_bsp.a(alt_load.o)
 .comment       0x00000000       0x24 ../experiment2_bsp//libhal_bsp.a(alt_main.o)
 .comment       0x00000000       0x24 ../experiment2_bsp//libhal_bsp.a(alt_putstr.o)
 .comment       0x00000000       0x24 ../experiment2_bsp//libhal_bsp.a(alt_usleep.o)
 .comment       0x00000000       0x24 ../experiment2_bsp//libhal_bsp.a(alt_sys_init.o)
 .comment       0x00000000       0x24 ../experiment2_bsp//libhal_bsp.a(altera_avalon_jtag_uart_write.o)
 .comment       0x00000000       0x24 ../experiment2_bsp//libhal_bsp.a(alt_busy_sleep.o)
 .comment       0x00000000       0x24 ../experiment2_bsp//libhal_bsp.a(alt_dcache_flush_all.o)
 .comment       0x00000000       0x24 ../experiment2_bsp//libhal_bsp.a(alt_icache_flush_all.o)
 .comment       0x00000000       0x24 ../experiment2_bsp//libhal_bsp.a(altera_nios2_qsys_irq.o)
 .comment       0x00000000       0x24 /tools/altera/12.0/nios2eds/bin/gnu/H-i686-pc-linux-gnu/bin/../lib/gcc/nios2-elf/4.1.2/../../../../nios2-elf/lib/mno-hw-mul/libsmallc.a(lib_a-strlen.o)
 .comment       0x00000000       0x24 /tools/altera/12.0/nios2eds/bin/gnu/H-i686-pc-linux-gnu/bin/../lib/gcc/nios2-elf/4.1.2/mno-hw-mul/libgcc.a(lib2-divmod.o)
 .comment       0x00000000       0x24 /tools/altera/12.0/nios2eds/bin/gnu/H-i686-pc-linux-gnu/bin/../lib/gcc/nios2-elf/4.1.2/mno-hw-mul/libgcc.a(lib2-mul.o)

.debug
 *(.debug)

.line
 *(.line)

.debug_srcinfo
 *(.debug_srcinfo)

.debug_sfnames
 *(.debug_sfnames)

.debug_aranges  0x00000000      0x1e8
 *(.debug_aranges)
 .debug_aranges
                0x00000000       0x28 ../experiment2_bsp//obj/HAL/src/crt0.o
 .debug_aranges
                0x00000028       0x20 obj/default/experiment2.o
 .debug_aranges
                0x00000048       0x20 ../experiment2_bsp//libhal_bsp.a(alt_load.o)
 .debug_aranges
                0x00000068       0x20 ../experiment2_bsp//libhal_bsp.a(alt_main.o)
 .debug_aranges
                0x00000088       0x20 ../experiment2_bsp//libhal_bsp.a(alt_putstr.o)
 .debug_aranges
                0x000000a8       0x20 ../experiment2_bsp//libhal_bsp.a(alt_usleep.o)
 .debug_aranges
                0x000000c8       0x20 ../experiment2_bsp//libhal_bsp.a(alt_sys_init.o)
 .debug_aranges
                0x000000e8       0x20 ../experiment2_bsp//libhal_bsp.a(altera_avalon_jtag_uart_write.o)
 .debug_aranges
                0x00000108       0x20 ../experiment2_bsp//libhal_bsp.a(alt_busy_sleep.o)
 .debug_aranges
                0x00000128       0x20 ../experiment2_bsp//libhal_bsp.a(alt_dcache_flush_all.o)
 .debug_aranges
                0x00000148       0x20 ../experiment2_bsp//libhal_bsp.a(alt_icache_flush_all.o)
 .debug_aranges
                0x00000168       0x20 ../experiment2_bsp//libhal_bsp.a(altera_nios2_qsys_irq.o)
 .debug_aranges
                0x00000188       0x20 /tools/altera/12.0/nios2eds/bin/gnu/H-i686-pc-linux-gnu/bin/../lib/gcc/nios2-elf/4.1.2/../../../../nios2-elf/lib/mno-hw-mul/libsmallc.a(lib_a-strlen.o)
 .debug_aranges
                0x000001a8       0x20 /tools/altera/12.0/nios2eds/bin/gnu/H-i686-pc-linux-gnu/bin/../lib/gcc/nios2-elf/4.1.2/mno-hw-mul/libgcc.a(lib2-divmod.o)
 .debug_aranges
                0x000001c8       0x20 /tools/altera/12.0/nios2eds/bin/gnu/H-i686-pc-linux-gnu/bin/../lib/gcc/nios2-elf/4.1.2/mno-hw-mul/libgcc.a(lib2-mul.o)

.debug_pubnames
                0x00000000      0x279
 *(.debug_pubnames)
 .debug_pubnames
                0x00000000       0x2e obj/default/experiment2.o
 .debug_pubnames
                0x0000002e       0x1f ../experiment2_bsp//libhal_bsp.a(alt_load.o)
 .debug_pubnames
                0x0000004d       0x46 ../experiment2_bsp//libhal_bsp.a(alt_main.o)
 .debug_pubnames
                0x00000093       0x21 ../experiment2_bsp//libhal_bsp.a(alt_putstr.o)
 .debug_pubnames
                0x000000b4       0x1d ../experiment2_bsp//libhal_bsp.a(alt_usleep.o)
 .debug_pubnames
                0x000000d1       0x44 ../experiment2_bsp//libhal_bsp.a(alt_sys_init.o)
 .debug_pubnames
                0x00000115       0x34 ../experiment2_bsp//libhal_bsp.a(altera_avalon_jtag_uart_write.o)
 .debug_pubnames
                0x00000149       0x25 ../experiment2_bsp//libhal_bsp.a(alt_busy_sleep.o)
 .debug_pubnames
                0x0000016e       0x2b ../experiment2_bsp//libhal_bsp.a(alt_dcache_flush_all.o)
 .debug_pubnames
                0x00000199       0x2b ../experiment2_bsp//libhal_bsp.a(alt_icache_flush_all.o)
 .debug_pubnames
                0x000001c4       0x31 ../experiment2_bsp//libhal_bsp.a(altera_nios2_qsys_irq.o)
 .debug_pubnames
                0x000001f5       0x1d /tools/altera/12.0/nios2eds/bin/gnu/H-i686-pc-linux-gnu/bin/../lib/gcc/nios2-elf/4.1.2/../../../../nios2-elf/lib/mno-hw-mul/libsmallc.a(lib_a-strlen.o)
 .debug_pubnames
                0x00000212       0x48 /tools/altera/12.0/nios2eds/bin/gnu/H-i686-pc-linux-gnu/bin/../lib/gcc/nios2-elf/4.1.2/mno-hw-mul/libgcc.a(lib2-divmod.o)
 .debug_pubnames
                0x0000025a       0x1f /tools/altera/12.0/nios2eds/bin/gnu/H-i686-pc-linux-gnu/bin/../lib/gcc/nios2-elf/4.1.2/mno-hw-mul/libgcc.a(lib2-mul.o)

.debug_info     0x00000000     0x10dc
 *(.debug_info .gnu.linkonce.wi.*)
 .debug_info    0x00000000       0x82 ../experiment2_bsp//obj/HAL/src/crt0.o
 .debug_info    0x00000082      0x343 obj/default/experiment2.o
 .debug_info    0x000003c5      0x12e ../experiment2_bsp//libhal_bsp.a(alt_load.o)
 .debug_info    0x000004f3      0x125 ../experiment2_bsp//libhal_bsp.a(alt_main.o)
 .debug_info    0x00000618       0xc5 ../experiment2_bsp//libhal_bsp.a(alt_putstr.o)
 .debug_info    0x000006dd       0xab ../experiment2_bsp//libhal_bsp.a(alt_usleep.o)
 .debug_info    0x00000788      0x17d ../experiment2_bsp//libhal_bsp.a(alt_sys_init.o)
 .debug_info    0x00000905      0x18f ../experiment2_bsp//libhal_bsp.a(altera_avalon_jtag_uart_write.o)
 .debug_info    0x00000a94       0xd0 ../experiment2_bsp//libhal_bsp.a(alt_busy_sleep.o)
 .debug_info    0x00000b64       0x8d ../experiment2_bsp//libhal_bsp.a(alt_dcache_flush_all.o)
 .debug_info    0x00000bf1       0x8d ../experiment2_bsp//libhal_bsp.a(alt_icache_flush_all.o)
 .debug_info    0x00000c7e       0x8d ../experiment2_bsp//libhal_bsp.a(altera_nios2_qsys_irq.o)
 .debug_info    0x00000d0b       0xc2 /tools/altera/12.0/nios2eds/bin/gnu/H-i686-pc-linux-gnu/bin/../lib/gcc/nios2-elf/4.1.2/../../../../nios2-elf/lib/mno-hw-mul/libsmallc.a(lib_a-strlen.o)
 .debug_info    0x00000dcd      0x21c /tools/altera/12.0/nios2eds/bin/gnu/H-i686-pc-linux-gnu/bin/../lib/gcc/nios2-elf/4.1.2/mno-hw-mul/libgcc.a(lib2-divmod.o)
 .debug_info    0x00000fe9       0xf3 /tools/altera/12.0/nios2eds/bin/gnu/H-i686-pc-linux-gnu/bin/../lib/gcc/nios2-elf/4.1.2/mno-hw-mul/libgcc.a(lib2-mul.o)

.debug_abbrev   0x00000000      0x7c3
 *(.debug_abbrev)
 .debug_abbrev  0x00000000       0x12 ../experiment2_bsp//obj/HAL/src/crt0.o
 .debug_abbrev  0x00000012       0xbd obj/default/experiment2.o
 .debug_abbrev  0x000000cf       0x97 ../experiment2_bsp//libhal_bsp.a(alt_load.o)
 .debug_abbrev  0x00000166       0xa6 ../experiment2_bsp//libhal_bsp.a(alt_main.o)
 .debug_abbrev  0x0000020c       0x7c ../experiment2_bsp//libhal_bsp.a(alt_putstr.o)
 .debug_abbrev  0x00000288       0x5d ../experiment2_bsp//libhal_bsp.a(alt_usleep.o)
 .debug_abbrev  0x000002e5       0xe3 ../experiment2_bsp//libhal_bsp.a(alt_sys_init.o)
 .debug_abbrev  0x000003c8       0xf0 ../experiment2_bsp//libhal_bsp.a(altera_avalon_jtag_uart_write.o)
 .debug_abbrev  0x000004b8       0x79 ../experiment2_bsp//libhal_bsp.a(alt_busy_sleep.o)
 .debug_abbrev  0x00000531       0x3f ../experiment2_bsp//libhal_bsp.a(alt_dcache_flush_all.o)
 .debug_abbrev  0x00000570       0x3f ../experiment2_bsp//libhal_bsp.a(alt_icache_flush_all.o)
 .debug_abbrev  0x000005af       0x3f ../experiment2_bsp//libhal_bsp.a(altera_nios2_qsys_irq.o)
 .debug_abbrev  0x000005ee       0x7a /tools/altera/12.0/nios2eds/bin/gnu/H-i686-pc-linux-gnu/bin/../lib/gcc/nios2-elf/4.1.2/../../../../nios2-elf/lib/mno-hw-mul/libsmallc.a(lib_a-strlen.o)
 .debug_abbrev  0x00000668       0xe0 /tools/altera/12.0/nios2eds/bin/gnu/H-i686-pc-linux-gnu/bin/../lib/gcc/nios2-elf/4.1.2/mno-hw-mul/libgcc.a(lib2-divmod.o)
 .debug_abbrev  0x00000748       0x7b /tools/altera/12.0/nios2eds/bin/gnu/H-i686-pc-linux-gnu/bin/../lib/gcc/nios2-elf/4.1.2/mno-hw-mul/libgcc.a(lib2-mul.o)

.debug_line     0x00000000     0x2551
 *(.debug_line)
 .debug_line    0x00000000       0x66 ../experiment2_bsp//obj/HAL/src/crt0.o
 .debug_line    0x00000066      0x80b obj/default/experiment2.o
 .debug_line    0x00000871      0x223 ../experiment2_bsp//libhal_bsp.a(alt_load.o)
 .debug_line    0x00000a94      0x2ce ../experiment2_bsp//libhal_bsp.a(alt_main.o)
 .debug_line    0x00000d62      0x1e5 ../experiment2_bsp//libhal_bsp.a(alt_putstr.o)
 .debug_line    0x00000f47      0x214 ../experiment2_bsp//libhal_bsp.a(alt_usleep.o)
 .debug_line    0x0000115b      0x292 ../experiment2_bsp//libhal_bsp.a(alt_sys_init.o)
 .debug_line    0x000013ed      0x300 ../experiment2_bsp//libhal_bsp.a(altera_avalon_jtag_uart_write.o)
 .debug_line    0x000016ed      0x270 ../experiment2_bsp//libhal_bsp.a(alt_busy_sleep.o)
 .debug_line    0x0000195d      0x1c1 ../experiment2_bsp//libhal_bsp.a(alt_dcache_flush_all.o)
 .debug_line    0x00001b1e      0x1c1 ../experiment2_bsp//libhal_bsp.a(alt_icache_flush_all.o)
 .debug_line    0x00001cdf      0x1da ../experiment2_bsp//libhal_bsp.a(altera_nios2_qsys_irq.o)
 .debug_line    0x00001eb9      0x247 /tools/altera/12.0/nios2eds/bin/gnu/H-i686-pc-linux-gnu/bin/../lib/gcc/nios2-elf/4.1.2/../../../../nios2-elf/lib/mno-hw-mul/libsmallc.a(lib_a-strlen.o)
 .debug_line    0x00002100      0x2c3 /tools/altera/12.0/nios2eds/bin/gnu/H-i686-pc-linux-gnu/bin/../lib/gcc/nios2-elf/4.1.2/mno-hw-mul/libgcc.a(lib2-divmod.o)
 .debug_line    0x000023c3      0x18e /tools/altera/12.0/nios2eds/bin/gnu/H-i686-pc-linux-gnu/bin/../lib/gcc/nios2-elf/4.1.2/mno-hw-mul/libgcc.a(lib2-mul.o)

.debug_frame    0x00000000      0x280
 *(.debug_frame)
 .debug_frame   0x00000000       0x48 obj/default/experiment2.o
 .debug_frame   0x00000048       0x38 ../experiment2_bsp//libhal_bsp.a(alt_load.o)
 .debug_frame   0x00000080       0x28 ../experiment2_bsp//libhal_bsp.a(alt_main.o)
 .debug_frame   0x000000a8       0x28 ../experiment2_bsp//libhal_bsp.a(alt_putstr.o)
 .debug_frame   0x000000d0       0x20 ../experiment2_bsp//libhal_bsp.a(alt_usleep.o)
 .debug_frame   0x000000f0       0x38 ../experiment2_bsp//libhal_bsp.a(alt_sys_init.o)
 .debug_frame   0x00000128       0x20 ../experiment2_bsp//libhal_bsp.a(altera_avalon_jtag_uart_write.o)
 .debug_frame   0x00000148       0x28 ../experiment2_bsp//libhal_bsp.a(alt_busy_sleep.o)
 .debug_frame   0x00000170       0x20 ../experiment2_bsp//libhal_bsp.a(alt_dcache_flush_all.o)
 .debug_frame   0x00000190       0x20 ../experiment2_bsp//libhal_bsp.a(alt_icache_flush_all.o)
 .debug_frame   0x000001b0       0x20 ../experiment2_bsp//libhal_bsp.a(altera_nios2_qsys_irq.o)
 .debug_frame   0x000001d0       0x20 /tools/altera/12.0/nios2eds/bin/gnu/H-i686-pc-linux-gnu/bin/../lib/gcc/nios2-elf/4.1.2/../../../../nios2-elf/lib/mno-hw-mul/libsmallc.a(lib_a-strlen.o)
 .debug_frame   0x000001f0       0x70 /tools/altera/12.0/nios2eds/bin/gnu/H-i686-pc-linux-gnu/bin/../lib/gcc/nios2-elf/4.1.2/mno-hw-mul/libgcc.a(lib2-divmod.o)
 .debug_frame   0x00000260       0x20 /tools/altera/12.0/nios2eds/bin/gnu/H-i686-pc-linux-gnu/bin/../lib/gcc/nios2-elf/4.1.2/mno-hw-mul/libgcc.a(lib2-mul.o)

.debug_str      0x00000000      0x88d
 *(.debug_str)
 .debug_str     0x00000000      0x27c obj/default/experiment2.o
                                0x2a8 (size before relaxing)
 .debug_str     0x0000027c      0x13a ../experiment2_bsp//libhal_bsp.a(alt_load.o)
                                0x1d7 (size before relaxing)
 .debug_str     0x000003b6       0x75 ../experiment2_bsp//libhal_bsp.a(alt_main.o)
                                0x15b (size before relaxing)
 .debug_str     0x0000042b       0x4c ../experiment2_bsp//libhal_bsp.a(alt_putstr.o)
                                0x132 (size before relaxing)
 .debug_str     0x00000477       0x27 ../experiment2_bsp//libhal_bsp.a(alt_usleep.o)
                                0x10d (size before relaxing)
 .debug_str     0x0000049e       0x85 ../experiment2_bsp//libhal_bsp.a(alt_sys_init.o)
                                0x1d0 (size before relaxing)
 .debug_str     0x00000523       0x56 ../experiment2_bsp//libhal_bsp.a(altera_avalon_jtag_uart_write.o)
                                0x1d3 (size before relaxing)
 .debug_str     0x00000579       0x42 ../experiment2_bsp//libhal_bsp.a(alt_busy_sleep.o)
                                0x130 (size before relaxing)
 .debug_str     0x000005bb       0x34 ../experiment2_bsp//libhal_bsp.a(alt_dcache_flush_all.o)
                                0x11a (size before relaxing)
 .debug_str     0x000005ef       0x34 ../experiment2_bsp//libhal_bsp.a(alt_icache_flush_all.o)
                                0x11a (size before relaxing)
 .debug_str     0x00000623       0x3b ../experiment2_bsp//libhal_bsp.a(altera_nios2_qsys_irq.o)
                                0x121 (size before relaxing)
 .debug_str     0x0000065e       0xeb /tools/altera/12.0/nios2eds/bin/gnu/H-i686-pc-linux-gnu/bin/../lib/gcc/nios2-elf/4.1.2/../../../../nios2-elf/lib/mno-hw-mul/libsmallc.a(lib_a-strlen.o)
                                0x186 (size before relaxing)
 .debug_str     0x00000749      0x10d /tools/altera/12.0/nios2eds/bin/gnu/H-i686-pc-linux-gnu/bin/../lib/gcc/nios2-elf/4.1.2/mno-hw-mul/libgcc.a(lib2-divmod.o)
                                0x1b6 (size before relaxing)
 .debug_str     0x00000856       0x37 /tools/altera/12.0/nios2eds/bin/gnu/H-i686-pc-linux-gnu/bin/../lib/gcc/nios2-elf/4.1.2/mno-hw-mul/libgcc.a(lib2-mul.o)
                                0x177 (size before relaxing)

.debug_loc      0x00000000      0x661
 *(.debug_loc)
 .debug_loc     0x00000000      0x2e1 obj/default/experiment2.o
 .debug_loc     0x000002e1       0x1f ../experiment2_bsp//libhal_bsp.a(alt_load.o)
 .debug_loc     0x00000300       0x1f ../experiment2_bsp//libhal_bsp.a(alt_main.o)
 .debug_loc     0x0000031f       0x48 ../experiment2_bsp//libhal_bsp.a(alt_putstr.o)
 .debug_loc     0x00000367       0x13 ../experiment2_bsp//libhal_bsp.a(alt_usleep.o)
 .debug_loc     0x0000037a       0x32 ../experiment2_bsp//libhal_bsp.a(alt_sys_init.o)
 .debug_loc     0x000003ac       0x26 ../experiment2_bsp//libhal_bsp.a(altera_avalon_jtag_uart_write.o)
 .debug_loc     0x000003d2       0x50 ../experiment2_bsp//libhal_bsp.a(alt_busy_sleep.o)
 .debug_loc     0x00000422       0x1e /tools/altera/12.0/nios2eds/bin/gnu/H-i686-pc-linux-gnu/bin/../lib/gcc/nios2-elf/4.1.2/../../../../nios2-elf/lib/mno-hw-mul/libsmallc.a(lib_a-strlen.o)
 .debug_loc     0x00000440      0x1d2 /tools/altera/12.0/nios2eds/bin/gnu/H-i686-pc-linux-gnu/bin/../lib/gcc/nios2-elf/4.1.2/mno-hw-mul/libgcc.a(lib2-divmod.o)
 .debug_loc     0x00000612       0x4f /tools/altera/12.0/nios2eds/bin/gnu/H-i686-pc-linux-gnu/bin/../lib/gcc/nios2-elf/4.1.2/mno-hw-mul/libgcc.a(lib2-mul.o)

.debug_macinfo
 *(.debug_macinfo)

.debug_weaknames
 *(.debug_weaknames)

.debug_funcnames
 *(.debug_funcnames)

.debug_typenames
 *(.debug_typenames)

.debug_varnames
 *(.debug_varnames)

.debug_alt_sim_info
                0x00000000       0x40
 *(.debug_alt_sim_info)
 .debug_alt_sim_info
                0x00000000       0x10 ../experiment2_bsp//obj/HAL/src/crt0.o
 .debug_alt_sim_info
                0x00000010       0x30 ../experiment2_bsp//libhal_bsp.a(alt_busy_sleep.o)
                0x00002000                __alt_data_end = 0x2000
                0x00002000                PROVIDE (__alt_stack_pointer, __alt_data_end)
                0x00001d54                PROVIDE (__alt_stack_limit, __alt_stack_base)
                0x00001d54                PROVIDE (__alt_heap_start, end)
                0x00002000                PROVIDE (__alt_heap_limit, 0x2000)
OUTPUT(experiment2.elf elf32-littlenios2)

.debug_ranges   0x00000000       0x20
 .debug_ranges  0x00000000       0x20 ../experiment2_bsp//obj/HAL/src/crt0.o
