Archive member included because of file (symbol)

/tools/altera/12.0/nios2eds/bin/gnu/H-i686-pc-linux-gnu/bin/../lib/gcc/nios2-elf/4.1.2/mno-hw-mul/libgcc.a(lib2-divmod.o)
                              obj/default/SD_card_controller.o (__divsi3)
/tools/altera/12.0/nios2eds/bin/gnu/H-i686-pc-linux-gnu/bin/../lib/gcc/nios2-elf/4.1.2/mno-hw-mul/libgcc.a(lib2-mul.o)
                              obj/default/PB_button.o (__mulsi3)
/tools/altera/12.0/nios2eds/bin/gnu/H-i686-pc-linux-gnu/bin/../lib/gcc/nios2-elf/4.1.2/../../../../nios2-elf/lib/mno-hw-mul/libc.a(lib_a-fprintf.o)
                              obj/default/alt_ucosii_simple_error_check.o (fprintf)
/tools/altera/12.0/nios2eds/bin/gnu/H-i686-pc-linux-gnu/bin/../lib/gcc/nios2-elf/4.1.2/../../../../nios2-elf/lib/mno-hw-mul/libc.a(lib_a-fwrite.o)
                              obj/default/alt_ucosii_simple_error_check.o (fwrite)
/tools/altera/12.0/nios2eds/bin/gnu/H-i686-pc-linux-gnu/bin/../lib/gcc/nios2-elf/4.1.2/../../../../nios2-elf/lib/mno-hw-mul/libc.a(lib_a-impure.o)
                              obj/default/alt_ucosii_simple_error_check.o (_impure_ptr)
/tools/altera/12.0/nios2eds/bin/gnu/H-i686-pc-linux-gnu/bin/../lib/gcc/nios2-elf/4.1.2/../../../../nios2-elf/lib/mno-hw-mul/libc.a(lib_a-printf.o)
                              obj/default/tasks.o (printf)
/tools/altera/12.0/nios2eds/bin/gnu/H-i686-pc-linux-gnu/bin/../lib/gcc/nios2-elf/4.1.2/../../../../nios2-elf/lib/mno-hw-mul/libc.a(lib_a-putchar.o)
                              obj/default/tasks.o (putchar)
/tools/altera/12.0/nios2eds/bin/gnu/H-i686-pc-linux-gnu/bin/../lib/gcc/nios2-elf/4.1.2/../../../../nios2-elf/lib/mno-hw-mul/libc.a(lib_a-puts.o)
                              obj/default/SD_card_controller.o (puts)
/tools/altera/12.0/nios2eds/bin/gnu/H-i686-pc-linux-gnu/bin/../lib/gcc/nios2-elf/4.1.2/../../../../nios2-elf/lib/mno-hw-mul/libc.a(lib_a-sprintf.o)
                              obj/default/tasks.o (sprintf)
/tools/altera/12.0/nios2eds/bin/gnu/H-i686-pc-linux-gnu/bin/../lib/gcc/nios2-elf/4.1.2/../../../../nios2-elf/lib/mno-hw-mul/libc.a(lib_a-strlen.o)
                              obj/default/SD_card_controller.o (strlen)
/tools/altera/12.0/nios2eds/bin/gnu/H-i686-pc-linux-gnu/bin/../lib/gcc/nios2-elf/4.1.2/../../../../nios2-elf/lib/mno-hw-mul/libc.a(lib_a-vfprintf.o)
                              /tools/altera/12.0/nios2eds/bin/gnu/H-i686-pc-linux-gnu/bin/../lib/gcc/nios2-elf/4.1.2/../../../../nios2-elf/lib/mno-hw-mul/libc.a(lib_a-printf.o) (___vfprintf_internal_r)
/tools/altera/12.0/nios2eds/bin/gnu/H-i686-pc-linux-gnu/bin/../lib/gcc/nios2-elf/4.1.2/../../../../nios2-elf/lib/mno-hw-mul/libc.a(lib_a-wsetup.o)
                              /tools/altera/12.0/nios2eds/bin/gnu/H-i686-pc-linux-gnu/bin/../lib/gcc/nios2-elf/4.1.2/../../../../nios2-elf/lib/mno-hw-mul/libc.a(lib_a-vfprintf.o) (__swsetup_r)
/tools/altera/12.0/nios2eds/bin/gnu/H-i686-pc-linux-gnu/bin/../lib/gcc/nios2-elf/4.1.2/../../../../nios2-elf/lib/mno-hw-mul/libc.a(lib_a-dtoa.o)
                              /tools/altera/12.0/nios2eds/bin/gnu/H-i686-pc-linux-gnu/bin/../lib/gcc/nios2-elf/4.1.2/../../../../nios2-elf/lib/mno-hw-mul/libc.a(lib_a-vfprintf.o) (_dtoa_r)
/tools/altera/12.0/nios2eds/bin/gnu/H-i686-pc-linux-gnu/bin/../lib/gcc/nios2-elf/4.1.2/../../../../nios2-elf/lib/mno-hw-mul/libc.a(lib_a-fflush.o)
                              /tools/altera/12.0/nios2eds/bin/gnu/H-i686-pc-linux-gnu/bin/../lib/gcc/nios2-elf/4.1.2/../../../../nios2-elf/lib/mno-hw-mul/libc.a(lib_a-vfprintf.o) (_fflush_r)
/tools/altera/12.0/nios2eds/bin/gnu/H-i686-pc-linux-gnu/bin/../lib/gcc/nios2-elf/4.1.2/../../../../nios2-elf/lib/mno-hw-mul/libc.a(lib_a-findfp.o)
                              /tools/altera/12.0/nios2eds/bin/gnu/H-i686-pc-linux-gnu/bin/../lib/gcc/nios2-elf/4.1.2/../../../../nios2-elf/lib/mno-hw-mul/libc.a(lib_a-fwrite.o) (__sinit)
/tools/altera/12.0/nios2eds/bin/gnu/H-i686-pc-linux-gnu/bin/../lib/gcc/nios2-elf/4.1.2/../../../../nios2-elf/lib/mno-hw-mul/libc.a(lib_a-freer.o)
                              /tools/altera/12.0/nios2eds/bin/gnu/H-i686-pc-linux-gnu/bin/../lib/gcc/nios2-elf/4.1.2/../../../../nios2-elf/lib/mno-hw-mul/libc.a(lib_a-wsetup.o) (_free_r)
/tools/altera/12.0/nios2eds/bin/gnu/H-i686-pc-linux-gnu/bin/../lib/gcc/nios2-elf/4.1.2/../../../../nios2-elf/lib/mno-hw-mul/libc.a(lib_a-fvwrite.o)
                              /tools/altera/12.0/nios2eds/bin/gnu/H-i686-pc-linux-gnu/bin/../lib/gcc/nios2-elf/4.1.2/../../../../nios2-elf/lib/mno-hw-mul/libc.a(lib_a-fwrite.o) (__sfvwrite_r)
/tools/altera/12.0/nios2eds/bin/gnu/H-i686-pc-linux-gnu/bin/../lib/gcc/nios2-elf/4.1.2/../../../../nios2-elf/lib/mno-hw-mul/libc.a(lib_a-fwalk.o)
                              /tools/altera/12.0/nios2eds/bin/gnu/H-i686-pc-linux-gnu/bin/../lib/gcc/nios2-elf/4.1.2/../../../../nios2-elf/lib/mno-hw-mul/libc.a(lib_a-fflush.o) (_fwalk_reent)
[...]
Memory Configuration

Name             Origin             Length             Attributes
reset            0x00080000         0x00000020
sram_0           0x00080020         0x0007ffe0
*default*        0x00000000         0xffffffff

Linker script and memory map

LOAD ../experiment2_bsp//obj/HAL/src/crt0.o
LOAD obj/default/PB_button.o
LOAD obj/default/SD_card_controller.o
LOAD obj/default/alt_ucosii_simple_error_check.o
LOAD obj/default/experiment2.o
LOAD obj/default/tasks.o
LOAD /tools/altera/12.0/nios2eds/bin/gnu/H-i686-pc-linux-gnu/bin/../lib/gcc/nios2-elf/4.1.2/../../../../nios2-elf/lib/mno-hw-mul/libstdc++.a
LOAD /tools/altera/12.0/nios2eds/bin/gnu/H-i686-pc-linux-gnu/bin/../lib/gcc/nios2-elf/4.1.2/../../../../nios2-elf/lib/mno-hw-mul/libm.a
LOAD /tools/altera/12.0/nios2eds/bin/gnu/H-i686-pc-linux-gnu/bin/../lib/gcc/nios2-elf/4.1.2/mno-hw-mul/libgcc.a
START GROUP
LOAD /tools/altera/12.0/nios2eds/bin/gnu/H-i686-pc-linux-gnu/bin/../lib/gcc/nios2-elf/4.1.2/../../../../nios2-elf/lib/mno-hw-mul/libc.a
LOAD /tools/altera/12.0/nios2eds/bin/gnu/H-i686-pc-linux-gnu/bin/../lib/gcc/nios2-elf/4.1.2/mno-hw-mul/libgcc.a
LOAD ../experiment2_bsp//libucosii_bsp.a
END GROUP
LOAD /tools/altera/12.0/nios2eds/bin/gnu/H-i686-pc-linux-gnu/bin/../lib/gcc/nios2-elf/4.1.2/mno-hw-mul/libgcc.a
                0x00080000                __alt_mem_sram_0 = 0x80000

.entry          0x00080000       0x20
 *(.entry)
 .entry         0x00080000       0x20 ../experiment2_bsp//obj/HAL/src/crt0.o
                0x00080000                __reset

.exceptions     0x00080020      0x19c
                0x00080020                PROVIDE (__ram_exceptions_start, ABSOLUTE (.))
                0x00080020                . = ALIGN (0x20)
 *(.irq)
 *(.exceptions.entry.label)
 .exceptions.entry.label
                0x00080020        0x0 ../experiment2_bsp//libucosii_bsp.a(alt_irq_entry.o)
                0x00080020                alt_irq_entry
 .exceptions.entry.label
                0x00080020        0x0 ../experiment2_bsp//libucosii_bsp.a(alt_exception_entry.o)
                0x00080020                alt_exception
 *(.exceptions.entry.user)
 *(.exceptions.entry)
 .exceptions.entry
                0x00080020       0x54 ../experiment2_bsp//libucosii_bsp.a(alt_exception_entry.o)
 *(.exceptions.irqtest.user)
 *(.exceptions.irqtest)
 .exceptions.irqtest
                0x00080074       0x10 ../experiment2_bsp//libucosii_bsp.a(alt_irq_entry.o)
 *(.exceptions.irqhandler.user)
 *(.exceptions.irqhandler)
 .exceptions.irqhandler
                0x00080084        0x4 ../experiment2_bsp//libucosii_bsp.a(alt_irq_entry.o)
 *(.exceptions.irqreturn.user)
 *(.exceptions.irqreturn)
 .exceptions.irqreturn
                0x00080088        0x4 ../experiment2_bsp//libucosii_bsp.a(alt_irq_entry.o)
 *(.exceptions.notirq.label)
 .exceptions.notirq.label
                0x0008008c        0x0 ../experiment2_bsp//libucosii_bsp.a(alt_irq_entry.o)
 *(.exceptions.notirq.user)
 *(.exceptions.notirq)
 .exceptions.notirq
                0x0008008c        0x8 ../experiment2_bsp//libucosii_bsp.a(alt_exception_entry.o)
 *(.exceptions.soft.user)
 *(.exceptions.soft)
 *(.exceptions.unknown.user)
 *(.exceptions.unknown)
 .exceptions.unknown
                0x00080094        0x4 ../experiment2_bsp//libucosii_bsp.a(alt_exception_entry.o)
 *(.exceptions.exit.label)
 .exceptions.exit.label
                0x00080098        0x0 ../experiment2_bsp//libucosii_bsp.a(alt_irq_entry.o)
 .exceptions.exit.label
                0x00080098        0x0 ../experiment2_bsp//libucosii_bsp.a(alt_exception_entry.o)
 *(.exceptions.exit.user)
 *(.exceptions.exit)
 .exceptions.exit
                0x00080098       0x54 ../experiment2_bsp//libucosii_bsp.a(alt_exception_entry.o)
 *(.exceptions)
 .exceptions    0x000800ec       0xd0 ../experiment2_bsp//libucosii_bsp.a(alt_irq_handler.o)
                0x000800ec                alt_irq_handler
                0x000801bc                PROVIDE (__ram_exceptions_end, ABSOLUTE (.))
                0x00080020                PROVIDE (__flash_exceptions_start, LOADADDR (.exceptions))

.text           0x000801bc    0x1fe10
                0x000801bc                PROVIDE (stext, ABSOLUTE (.))
 *(.interp)
 *(.hash)
 *(.dynsym)
 *(.dynstr)
 *(.gnu.version)
 *(.gnu.version_d)
 *(.gnu.version_r)
 *(.rel.init)
 *(.rela.init)
 *(.rel.text .rel.text.* .rel.gnu.linkonce.t.*)
 *(.rela.text .rela.text.* .rela.gnu.linkonce.t.*)
 *(.rel.fini)
 *(.rela.fini)
 *(.rel.rodata .rel.rodata.* .rel.gnu.linkonce.r.*)
 *(.rela.rodata .rela.rodata.* .rela.gnu.linkonce.r.*)
 *(.rel.data .rel.data.* .rel.gnu.linkonce.d.*)
 *(.rela.data .rela.data.* .rela.gnu.linkonce.d.*)
 *(.rel.tdata .rel.tdata.* .rel.gnu.linkonce.td.*)
 *(.rela.tdata .rela.tdata.* .rela.gnu.linkonce.td.*)
 *(.rel.tbss .rel.tbss.* .rel.gnu.linkonce.tb.*)
 *(.rela.tbss .rela.tbss.* .rela.gnu.linkonce.tb.*)
 *(.rel.ctors)
 *(.rela.ctors)
 *(.rel.dtors)
 *(.rela.dtors)
 *(.rel.got)
 *(.rela.got)
 *(.rel.sdata .rel.sdata.* .rel.gnu.linkonce.s.*)
 *(.rela.sdata .rela.sdata.* .rela.gnu.linkonce.s.*)
 *(.rel.sbss .rel.sbss.* .rel.gnu.linkonce.sb.*)
 *(.rela.sbss .rela.sbss.* .rela.gnu.linkonce.sb.*)
 *(.rel.sdata2 .rel.sdata2.* .rel.gnu.linkonce.s2.*)
 *(.rela.sdata2 .rela.sdata2.* .rela.gnu.linkonce.s2.*)
 *(.rel.sbss2 .rel.sbss2.* .rel.gnu.linkonce.sb2.*)
 *(.rela.sbss2 .rela.sbss2.* .rela.gnu.linkonce.sb2.*)
 *(.rel.bss .rel.bss.* .rel.gnu.linkonce.b.*)
 *(.rela.bss .rela.bss.* .rela.gnu.linkonce.b.*)
 *(.rel.plt)
 *(.rela.plt)
 *(.rel.dyn)
 *(.init)
 *(.plt)
 *(.text .stub .text.* .gnu.linkonce.t.*)
 .text          0x000801bc       0x3c ../experiment2_bsp//obj/HAL/src/crt0.o
                0x000801bc                _start
 .text          0x000801f8      0x238 obj/default/PB_button.o
                0x000801f8                KEY0_Pressed
                0x0008023c                KEY1_Pressed
                0x00080280                KEY2_Pressed
                0x000802c4                KEY3_Pressed
                0x00080308                handle_button_interrupts
                0x000803dc                init_button_irq
 .text          0x00080430     0x4014 obj/default/SD_card_controller.o
                0x00080430                Write_Sector_Data
                0x000804ec                Save_Modified_Sector
                0x0008053c                Read_Sector_Data
                0x0008062c                get_cluster_flag
                0x000806d0                mark_cluster
                0x000807a8                Check_for_Master_Boot_Record
                0x00080900                Read_File_Record_At_Offset
                0x00080ac8                Write_File_Record_At_Offset
                0x00080cc0                Check_for_DOS_FAT
                0x00081214                Look_for_FAT16
                0x00081338                filename_to_upper_case
                0x00081408                check_file_name_for_FAT16_compliance
                0x00081698                get_dir_divider_location
                0x00081758                match_file_record_to_name_ext
                0x00081a44                get_home_directory_cluster_for_file
                0x00081f58                find_file_in_directory
                0x000823bc                find_first_empty_cluster
                0x00082550                find_first_empty_record_in_a_subdirectory
                0x0008278c                find_first_empty_record_in_root_directory
                0x000828a8                convert_filename_to_name_extension
                0x00082a60                create_file
                0x00082d4c                copy_file_record_name_to_string
                0x00082ea0                sd_card_open_dev
                0x00082ef8                sd_card_is_Present
                0x00082f44                sd_card_is_FAT16
                0x00082fd0                sd_card_find_first
                0x000830a4                sd_card_find_next
                0x0008344c                sd_card_fopen
                0x000837f4                sd_card_set_attributes
                0x00083884                sd_card_get_attributes
                0x00083910                sd_card_read
                0x00083c80                sd_card_write
                0x00084270                sd_card_fclose
 .text          0x00084444      0x528 obj/default/alt_ucosii_simple_error_check.o
                0x00084444                alt_ucosii_check_return_code
                0x00084488                alt_ucosii_simple_error_handler
 .text          0x0008496c      0x410 obj/default/experiment2.o
                0x0008496c                initialize_task
                0x000849a8                main
                0x00084aa0                init_OS_data_structs
                0x00084cf8                init_create_tasks
 .text          0x00084d7c     0x37e8 obj/default/tasks.o
                0x00084d7c                SD_presence_detect_task
                0x00084f00                SD_read_task
                0x00086af4                SD_write_task
                0x000876bc                compute_Y_task
                0x00088020                process_Y_task
                0x00088320                task_launcher
 .text          0x00088564      0x14c /tools/altera/12.0/nios2eds/bin/gnu/H-i686-pc-linux-gnu/bin/../lib/gcc/nios2-elf/4.1.2/mno-hw-mul/libgcc.a(lib2-divmod.o)
                0x000885e0                __divsi3
                0x00088640                __modsi3
                0x000886a0                __udivsi3
                0x000886a8                __umodsi3
 .text          0x000886b0       0x38 /tools/altera/12.0/nios2eds/bin/gnu/H-i686-pc-linux-gnu/bin/../lib/gcc/nios2-elf/4.1.2/mno-hw-mul/libgcc.a(lib2-mul.o)
                0x000886b0                __mulsi3
 .text          0x000886e8       0x60 /tools/altera/12.0/nios2eds/bin/gnu/H-i686-pc-linux-gnu/bin/../lib/gcc/nios2-elf/4.1.2/../../../../nios2-elf/lib/mno-hw-mul/libc.a(lib_a-fprintf.o)
                0x000886e8                fprintf
                0x00088714                _fprintf_r
 .text          0x00088748       0xec /tools/altera/12.0/nios2eds/bin/gnu/H-i686-pc-linux-gnu/bin/../lib/gcc/nios2-elf/4.1.2/../../../../nios2-elf/lib/mno-hw-mul/libc.a(lib_a-fwrite.o)
                0x00088748                _fwrite_r
                0x000887f4                fwrite
 .text          0x00088834        0x0 /tools/altera/12.0/nios2eds/bin/gnu/H-i686-pc-linux-gnu/bin/../lib/gcc/nios2-elf/4.1.2/../../../../nios2-elf/lib/mno-hw-mul/libc.a(lib_a-impure.o)
 .text          0x00088834       0x78 /tools/altera/12.0/nios2eds/bin/gnu/H-i686-pc-linux-gnu/bin/../lib/gcc/nios2-elf/4.1.2/../../../../nios2-elf/lib/mno-hw-mul/libc.a(lib_a-printf.o)
                0x00088834                printf
                0x00088878                _printf_r
 .text          0x000888ac       0x24 /tools/altera/12.0/nios2eds/bin/gnu/H-i686-pc-linux-gnu/bin/../lib/gcc/nios2-elf/4.1.2/../../../../nios2-elf/lib/mno-hw-mul/libc.a(lib_a-putchar.o)
                0x000888ac                putchar
                0x000888c8                _putchar_r
 .text          0x000888d0       0xb4 /tools/altera/12.0/nios2eds/bin/gnu/H-i686-pc-linux-gnu/bin/../lib/gcc/nios2-elf/4.1.2/../../../../nios2-elf/lib/mno-hw-mul/libc.a(lib_a-puts.o)
                0x000888d0                _puts_r
                0x00088970                puts
 .text          0x00088984       0xd4 /tools/altera/12.0/nios2eds/bin/gnu/H-i686-pc-linux-gnu/bin/../lib/gcc/nios2-elf/4.1.2/../../../../nios2-elf/lib/mno-hw-mul/libc.a(lib_a-sprintf.o)
                0x00088984                sprintf
                0x000889f8                _sprintf_r
 .text          0x00088a58       0x74 /tools/altera/12.0/nios2eds/bin/gnu/H-i686-pc-linux-gnu/bin/../lib/gcc/nios2-elf/4.1.2/../../../../nios2-elf/lib/mno-hw-mul/libc.a(lib_a-strlen.o)
                0x00088a58                strlen
 .text          0x00088acc     0x1f40 /tools/altera/12.0/nios2eds/bin/gnu/H-i686-pc-linux-gnu/bin/../lib/gcc/nios2-elf/4.1.2/../../../../nios2-elf/lib/mno-hw-mul/libc.a(lib_a-vfprintf.o)
                0x00088b24                ___vfprintf_internal_r
                0x0008a9e8                __vfprintf_internal
 .text          0x0008aa0c      0x13c /tools/altera/12.0/nios2eds/bin/gnu/H-i686-pc-linux-gnu/bin/../lib/gcc/nios2-elf/4.1.2/../../../../nios2-elf/lib/mno-hw-mul/libc.a(lib_a-wsetup.o)
                0x0008aa0c                __swsetup_r
 .text          0x0008ab48     0x17f8 /tools/altera/12.0/nios2eds/bin/gnu/H-i686-pc-linux-gnu/bin/../lib/gcc/nios2-elf/4.1.2/../../../../nios2-elf/lib/mno-hw-mul/libc.a(lib_a-dtoa.o)
                0x0008ad8c                _dtoa_r
 .text          0x0008c340      0x230 /tools/altera/12.0/nios2eds/bin/gnu/H-i686-pc-linux-gnu/bin/../lib/gcc/nios2-elf/4.1.2/../../../../nios2-elf/lib/mno-hw-mul/libc.a(lib_a-fflush.o)
                0x0008c340                _fflush_r
                0x0008c53c                fflush
 .text          0x0008c570      0x2f4 /tools/altera/12.0/nios2eds/bin/gnu/H-i686-pc-linux-gnu/bin/../lib/gcc/nios2-elf/4.1.2/../../../../nios2-elf/lib/mno-hw-mul/libc.a(lib_a-findfp.o)
                0x0008c5c8                __sfp_lock_acquire
                0x0008c5cc                __sfp_lock_release
                0x0008c5d0                __sinit_lock_acquire
                0x0008c5d4                __sinit_lock_release
                0x0008c5d8                __sinit
                0x0008c68c                __fp_unlock_all
                0x0008c6a4                __fp_lock_all
                0x0008c6bc                _cleanup_r
                0x0008c6c8                _cleanup
                0x0008c6d8                __sfmoreglue
                0x0008c774                __sfp
 .text          0x0008c864      0x440 /tools/altera/12.0/nios2eds/bin/gnu/H-i686-pc-linux-gnu/bin/../lib/gcc/nios2-elf/4.1.2/../../../../nios2-elf/lib/mno-hw-mul/libc.a(lib_a-freer.o)
                0x0008c864                _malloc_trim_r
                0x0008c990                _free_r
 .text          0x0008cca4      0x49c /tools/altera/12.0/nios2eds/bin/gnu/H-i686-pc-linux-gnu/bin/../lib/gcc/nios2-elf/4.1.2/../../../../nios2-elf/lib/mno-hw-mul/libc.a(lib_a-fvwrite.o)
                0x0008cca4                __sfvwrite_r
 .text          0x0008d140      0x180 /tools/altera/12.0/nios2eds/bin/gnu/H-i686-pc-linux-gnu/bin/../lib/gcc/nios2-elf/4.1.2/../../../../nios2-elf/lib/mno-hw-mul/libc.a(lib_a-fwalk.o)
                0x0008d140                _fwalk_reent
                0x0008d208                _fwalk
 .text          0x0008d2c0       0xc4 /tools/altera/12.0/nios2eds/bin/gnu/H-i686-pc-linux-gnu/bin/../lib/gcc/nios2-elf/4.1.2/../../../../nios2-elf/lib/mno-hw-mul/libc.a(lib_a-locale.o)
                0x0008d2c0                __locale_charset
                0x0008d2c8                _localeconv_r
                0x0008d2d4                localeconv
                0x0008d2e4                _setlocale_r
                0x0008d368                setlocale
 .text          0x0008d384      0x194 /tools/altera/12.0/nios2eds/bin/gnu/H-i686-pc-linux-gnu/bin/../lib/gcc/nios2-elf/4.1.2/../../../../nios2-elf/lib/mno-hw-mul/libc.a(lib_a-makebuf.o)
                0x0008d384                __smakebuf_r
 .text          0x0008d518      0x740 /tools/altera/12.0/nios2eds/bin/gnu/H-i686-pc-linux-gnu/bin/../lib/gcc/nios2-elf/4.1.2/../../../../nios2-elf/lib/mno-hw-mul/libc.a(lib_a-mallocr.o)
                0x0008d518                _malloc_r
 .text          0x0008dc58       0xe4 /tools/altera/12.0/nios2eds/bin/gnu/H-i686-pc-linux-gnu/bin/../lib/gcc/nios2-elf/4.1.2/../../../../nios2-elf/lib/mno-hw-mul/libc.a(lib_a-memchr.o)
                0x0008dc58                memchr
 .text          0x0008dd3c       0xa0 /tools/altera/12.0/nios2eds/bin/gnu/H-i686-pc-linux-gnu/bin/../lib/gcc/nios2-elf/4.1.2/../../../../nios2-elf/lib/mno-hw-mul/libc.a(lib_a-memcpy.o)
                0x0008dd3c                memcpy
 .text          0x0008dddc       0xe0 /tools/altera/12.0/nios2eds/bin/gnu/H-i686-pc-linux-gnu/bin/../lib/gcc/nios2-elf/4.1.2/../../../../nios2-elf/lib/mno-hw-mul/libc.a(lib_a-memmove.o)
                0x0008dddc                memmove
 .text          0x0008debc       0x98 /tools/altera/12.0/nios2eds/bin/gnu/H-i686-pc-linux-gnu/bin/../lib/gcc/nios2-elf/4.1.2/../../../../nios2-elf/lib/mno-hw-mul/libc.a(lib_a-memset.o)
                0x0008debc                memset
 .text          0x0008df54     0x108c /tools/altera/12.0/nios2eds/bin/gnu/H-i686-pc-linux-gnu/bin/../lib/gcc/nios2-elf/4.1.2/../../../../nios2-elf/lib/mno-hw-mul/libc.a(lib_a-mprec.o)
                0x0008df54                _Bfree
                0x0008df7c                __hi0bits
                0x0008dfec                __lo0bits
                0x0008e0b0                __mcmp
                0x0008e110                __ulp
                0x0008e190                __b2d
                0x0008e2b0                __ratio
                0x0008e360                _mprec_log10
                0x0008e3f4                __copybits
                0x0008e44c                __any_on
                0x0008e4d4                _Balloc
                0x0008e590                __d2b
                0x0008e70c                __mdiff
                0x0008e898                __lshift
                0x0008e9e4                __multiply
                0x0008ec38                __i2b
                0x0008ec74                __multadd
                0x0008eda0                __pow5mult
                0x0008eec0                __s2b
 .text          0x0008efe0      0x1ec /tools/altera/12.0/nios2eds/bin/gnu/H-i686-pc-linux-gnu/bin/../lib/gcc/nios2-elf/4.1.2/../../../../nios2-elf/lib/mno-hw-mul/libc.a(lib_a-putc.o)
                0x0008efe0                putc
                0x0008f0e4                _putc_r
 .text          0x0008f1cc      0x5f4 /tools/altera/12.0/nios2eds/bin/gnu/H-i686-pc-linux-gnu/bin/../lib/gcc/nios2-elf/4.1.2/../../../../nios2-elf/lib/mno-hw-mul/libc.a(lib_a-reallocr.o)
                0x0008f1cc                _realloc_r
 .text          0x0008f7c0       0x40 /tools/altera/12.0/nios2eds/bin/gnu/H-i686-pc-linux-gnu/bin/../lib/gcc/nios2-elf/4.1.2/../../../../nios2-elf/lib/mno-hw-mul/libc.a(lib_a-s_isinfd.o)
                0x0008f7c0                __isinfd
 .text          0x0008f800       0x30 /tools/altera/12.0/nios2eds/bin/gnu/H-i686-pc-linux-gnu/bin/../lib/gcc/nios2-elf/4.1.2/../../../../nios2-elf/lib/mno-hw-mul/libc.a(lib_a-s_isnand.o)
                0x0008f800                __isnand
 .text          0x0008f830       0x70 /tools/altera/12.0/nios2eds/bin/gnu/H-i686-pc-linux-gnu/bin/../lib/gcc/nios2-elf/4.1.2/../../../../nios2-elf/lib/mno-hw-mul/libc.a(lib_a-sbrkr.o)
                0x0008f830                _sbrk_r
 .text          0x0008f8a0      0x14c /tools/altera/12.0/nios2eds/bin/gnu/H-i686-pc-linux-gnu/bin/../lib/gcc/nios2-elf/4.1.2/../../../../nios2-elf/lib/mno-hw-mul/libc.a(lib_a-stdio.o)
                0x0008f8a0                __sclose
                0x0008f8a8                __sseek
                0x0008f910                __swrite
                0x0008f98c                __sread
 .text          0x0008f9ec       0xbc /tools/altera/12.0/nios2eds/bin/gnu/H-i686-pc-linux-gnu/bin/../lib/gcc/nios2-elf/4.1.2/../../../../nios2-elf/lib/mno-hw-mul/libc.a(lib_a-strcmp.o)
                0x0008f9ec                strcmp
 .text          0x0008faa8      0x14c /tools/altera/12.0/nios2eds/bin/gnu/H-i686-pc-linux-gnu/bin/../lib/gcc/nios2-elf/4.1.2/../../../../nios2-elf/lib/mno-hw-mul/libc.a(lib_a-wbuf.o)
                0x0008faa8                __swbuf_r
                0x0008fbd8                __swbuf
 .text          0x0008fbf4       0x78 /tools/altera/12.0/nios2eds/bin/gnu/H-i686-pc-linux-gnu/bin/../lib/gcc/nios2-elf/4.1.2/../../../../nios2-elf/lib/mno-hw-mul/libc.a(lib_a-writer.o)
                0x0008fbf4                _write_r
 .text          0x0008fc6c       0xc8 /tools/altera/12.0/nios2eds/bin/gnu/H-i686-pc-linux-gnu/bin/../lib/gcc/nios2-elf/4.1.2/../../../../nios2-elf/lib/mno-hw-mul/libc.a(lib_a-callocr.o)
                0x0008fc6c                _calloc_r
 .text          0x0008fd34       0x70 /tools/altera/12.0/nios2eds/bin/gnu/H-i686-pc-linux-gnu/bin/../lib/gcc/nios2-elf/4.1.2/../../../../nios2-elf/lib/mno-hw-mul/libc.a(lib_a-closer.o)
                0x0008fd34                _close_r
 .text          0x0008fda4      0x124 /tools/altera/12.0/nios2eds/bin/gnu/H-i686-pc-linux-gnu/bin/../lib/gcc/nios2-elf/4.1.2/../../../../nios2-elf/lib/mno-hw-mul/libc.a(lib_a-fclose.o)
                0x0008fda4                _fclose_r
                0x0008feb4                fclose
 .text          0x0008fec8       0x74 /tools/altera/12.0/nios2eds/bin/gnu/H-i686-pc-linux-gnu/bin/../lib/gcc/nios2-elf/4.1.2/../../../../nios2-elf/lib/mno-hw-mul/libc.a(lib_a-fstatr.o)
                0x0008fec8                _fstat_r
 .text          0x0008ff3c        0x0 /tools/altera/12.0/nios2eds/bin/gnu/H-i686-pc-linux-gnu/bin/../lib/gcc/nios2-elf/4.1.2/../../../../nios2-elf/lib/mno-hw-mul/libc.a(lib_a-int_errno.o)
 .text          0x0008ff3c       0x70 /tools/altera/12.0/nios2eds/bin/gnu/H-i686-pc-linux-gnu/bin/../lib/gcc/nios2-elf/4.1.2/../../../../nios2-elf/lib/mno-hw-mul/libc.a(lib_a-isattyr.o)
                0x0008ff3c                _isatty_r
 .text          0x0008ffac       0x78 /tools/altera/12.0/nios2eds/bin/gnu/H-i686-pc-linux-gnu/bin/../lib/gcc/nios2-elf/4.1.2/../../../../nios2-elf/lib/mno-hw-mul/libc.a(lib_a-lseekr.o)
                0x0008ffac                _lseek_r
 .text          0x00090024       0x78 /tools/altera/12.0/nios2eds/bin/gnu/H-i686-pc-linux-gnu/bin/../lib/gcc/nios2-elf/4.1.2/../../../../nios2-elf/lib/mno-hw-mul/libc.a(lib_a-readr.o)
                0x00090024                _read_r
 .text          0x0009009c      0x66c /tools/altera/12.0/nios2eds/bin/gnu/H-i686-pc-linux-gnu/bin/../lib/gcc/nios2-elf/4.1.2/mno-hw-mul/libgcc.a(_udivdi3.o)
                0x0009009c                __udivdi3
 .text          0x00090708      0x660 /tools/altera/12.0/nios2eds/bin/gnu/H-i686-pc-linux-gnu/bin/../lib/gcc/nios2-elf/4.1.2/mno-hw-mul/libgcc.a(_umoddi3.o)
                0x00090708                __umoddi3
 .text          0x00090d68      0x504 /tools/altera/12.0/nios2eds/bin/gnu/H-i686-pc-linux-gnu/bin/../lib/gcc/nios2-elf/4.1.2/mno-hw-mul/libgcc.a(_addsub_df.o)
                0x00091178                __subdf3
                0x000911f8                __adddf3
 .text          0x0009126c      0x3c4 /tools/altera/12.0/nios2eds/bin/gnu/H-i686-pc-linux-gnu/bin/../lib/gcc/nios2-elf/4.1.2/mno-hw-mul/libgcc.a(_mul_df.o)
                0x0009126c                __muldf3
 .text          0x00091630      0x258 /tools/altera/12.0/nios2eds/bin/gnu/H-i686-pc-linux-gnu/bin/../lib/gcc/nios2-elf/4.1.2/mno-hw-mul/libgcc.a(_div_df.o)
                0x00091630                __divdf3
 .text          0x00091888       0x88 /tools/altera/12.0/nios2eds/bin/gnu/H-i686-pc-linux-gnu/bin/../lib/gcc/nios2-elf/4.1.2/mno-hw-mul/libgcc.a(_eq_df.o)
                0x00091888                __eqdf2
 .text          0x00091910       0x88 /tools/altera/12.0/nios2eds/bin/gnu/H-i686-pc-linux-gnu/bin/../lib/gcc/nios2-elf/4.1.2/mno-hw-mul/libgcc.a(_ne_df.o)
                0x00091910                __nedf2
 .text          0x00091998       0x88 /tools/altera/12.0/nios2eds/bin/gnu/H-i686-pc-linux-gnu/bin/../lib/gcc/nios2-elf/4.1.2/mno-hw-mul/libgcc.a(_gt_df.o)
                0x00091998                __gtdf2
 .text          0x00091a20       0x88 /tools/altera/12.0/nios2eds/bin/gnu/H-i686-pc-linux-gnu/bin/../lib/gcc/nios2-elf/4.1.2/mno-hw-mul/libgcc.a(_ge_df.o)
                0x00091a20                __gedf2
 .text          0x00091aa8       0x88 /tools/altera/12.0/nios2eds/bin/gnu/H-i686-pc-linux-gnu/bin/../lib/gcc/nios2-elf/4.1.2/mno-hw-mul/libgcc.a(_lt_df.o)
                0x00091aa8                __ltdf2
 .text          0x00091b30       0xf8 /tools/altera/12.0/nios2eds/bin/gnu/H-i686-pc-linux-gnu/bin/../lib/gcc/nios2-elf/4.1.2/mno-hw-mul/libgcc.a(_si_to_df.o)
                0x00091b30                __floatsidf
 .text          0x00091c28       0xd8 /tools/altera/12.0/nios2eds/bin/gnu/H-i686-pc-linux-gnu/bin/../lib/gcc/nios2-elf/4.1.2/mno-hw-mul/libgcc.a(_df_to_si.o)
                0x00091c28                __fixdfsi
 .text          0x00091d00        0x0 /tools/altera/12.0/nios2eds/bin/gnu/H-i686-pc-linux-gnu/bin/../lib/gcc/nios2-elf/4.1.2/mno-hw-mul/libgcc.a(_thenan_df.o)
 .text          0x00091d00      0x194 /tools/altera/12.0/nios2eds/bin/gnu/H-i686-pc-linux-gnu/bin/../lib/gcc/nios2-elf/4.1.2/mno-hw-mul/libgcc.a(_usi_to_df.o)
                0x00091d00                __floatunsidf
 .text          0x00091e94      0x124 /tools/altera/12.0/nios2eds/bin/gnu/H-i686-pc-linux-gnu/bin/../lib/gcc/nios2-elf/4.1.2/mno-hw-mul/libgcc.a(_muldi3.o)
                0x00091e94                __muldi3
 .text          0x00091fb8        0x0 /tools/altera/12.0/nios2eds/bin/gnu/H-i686-pc-linux-gnu/bin/../lib/gcc/nios2-elf/4.1.2/mno-hw-mul/libgcc.a(_clz.o)
 .text          0x00091fb8       0x80 /tools/altera/12.0/nios2eds/bin/gnu/H-i686-pc-linux-gnu/bin/../lib/gcc/nios2-elf/4.1.2/mno-hw-mul/libgcc.a(_clzsi2.o)
                0x00091fb8                __clzsi2
 .text          0x00092038      0x314 /tools/altera/12.0/nios2eds/bin/gnu/H-i686-pc-linux-gnu/bin/../lib/gcc/nios2-elf/4.1.2/mno-hw-mul/libgcc.a(_pack_df.o)
                0x00092038                __pack_d
 .text          0x0009234c      0x138 /tools/altera/12.0/nios2eds/bin/gnu/H-i686-pc-linux-gnu/bin/../lib/gcc/nios2-elf/4.1.2/mno-hw-mul/libgcc.a(_unpack_df.o)
                0x0009234c                __unpack_d
 .text          0x00092484       0xc8 /tools/altera/12.0/nios2eds/bin/gnu/H-i686-pc-linux-gnu/bin/../lib/gcc/nios2-elf/4.1.2/mno-hw-mul/libgcc.a(_fpcmp_parts_df.o)
                0x00092484                __fpcmp_parts_d
 .text          0x0009254c      0x160 ../experiment2_bsp//libucosii_bsp.a(alt_close.o)
                0x0009254c                close
 .text          0x000926ac       0x2c ../experiment2_bsp//libucosii_bsp.a(alt_dev.o)
 .text          0x000926d8        0x0 ../experiment2_bsp//libucosii_bsp.a(alt_errno.o)
 .text          0x000926d8      0x138 ../experiment2_bsp//libucosii_bsp.a(alt_fstat.o)
                0x000926d8                fstat
 .text          0x00092810      0x1c0 ../experiment2_bsp//libucosii_bsp.a(alt_irq_register.o)
                0x00092810                alt_irq_register
 .text          0x000929d0        0x0 ../experiment2_bsp//libucosii_bsp.a(alt_irq_vars.o)
 .text          0x000929d0      0x124 ../experiment2_bsp//libucosii_bsp.a(alt_isatty.o)
                0x000929d0                isatty
 .text          0x00092af4       0xec ../experiment2_bsp//libucosii_bsp.a(alt_load.o)
                0x00092af4                alt_load
 .text          0x00092be0      0x154 ../experiment2_bsp//libucosii_bsp.a(alt_lseek.o)
                0x00092be0                lseek
 .text          0x00092d34       0xc8 ../experiment2_bsp//libucosii_bsp.a(alt_main.o)
                0x00092d34                alt_main
 .text          0x00092dfc      0x184 ../experiment2_bsp//libucosii_bsp.a(alt_read.o)
                0x00092dfc                read
 .text          0x00092f80       0x78 ../experiment2_bsp//libucosii_bsp.a(alt_release_fd.o)
                0x00092f80                alt_release_fd
 .text          0x00092ff8       0xbc ../experiment2_bsp//libucosii_bsp.a(alt_sbrk.o)
                0x00092ff8                sbrk
 .text          0x000930b4      0x184 ../experiment2_bsp//libucosii_bsp.a(alt_write.o)
                0x000930b4                write
 .text          0x00093238      0x108 ../experiment2_bsp//libucosii_bsp.a(alt_env_lock.o)
                0x00093238                __env_lock
                0x000932e4                __env_unlock
 .text          0x00093340      0x1d8 ../experiment2_bsp//libucosii_bsp.a(alt_malloc_lock.o)
                0x00093340                __malloc_lock
                0x00093448                __malloc_unlock
 .text          0x00093518     0x2128 ../experiment2_bsp//libucosii_bsp.a(os_core.o)
                0x00093518                OSEventNameGet
                0x00093648                OSEventNameSet
                0x0009378c                OSEventPendMulti
                0x00093e40                OSInit
                0x00093e94                OSIntEnter
                0x00093f10                OSIntExit
                0x00094010                OSSchedLock
                0x0009409c                OSSchedUnlock
                0x00094180                OSStart
                0x000941f0                OSStatInit
                0x0009429c                OSTimeTick
                0x000944dc                OSVersion
                0x000944fc                OS_Dummy
                0x00094518                OS_EventTaskRdy
                0x000946ac                OS_EventTaskWait
                0x000947bc                OS_EventTaskWaitMulti
                0x00094910                OS_EventTaskRemove
                0x000949c8                OS_EventTaskRemoveMulti
                0x00094acc                OS_EventWaitListInit
                0x00094e98                OS_MemClr
                0x00094eec                OS_MemCopy
                0x00094f58                OS_Sched
                0x0009509c                OS_StrCopy
                0x0009511c                OS_StrLen
                0x00095174                OS_TaskIdle
                0x000951d0                OS_TaskStat
                0x00095298                OS_TaskStatStkChk
                0x00095360                OS_TCBInit
 .text          0x00095640      0x18c ../experiment2_bsp//libucosii_bsp.a(os_dbg.o)
                0x00095640                OSDebugInit
 .text          0x000957cc     0x193c ../experiment2_bsp//libucosii_bsp.a(os_flag.o)
                0x000957cc                OSFlagAccept
                0x00095b00                OSFlagCreate
                0x00095c3c                OSFlagDel
                0x00095ee4                OSFlagNameGet
                0x00096028                OSFlagNameSet
                0x0009617c                OSFlagPend
                0x000967c0                OSFlagPendGetFlagsRdy
                0x00096828                OSFlagPost
                0x00096bd0                OSFlagQuery
                0x00096e68                OS_FlagInit
                0x0009705c                OS_FlagUnlink
 .text          0x00097108      0xc8c ../experiment2_bsp//libucosii_bsp.a(os_mbox.o)
                0x00097108                OSMboxAccept
                0x000971ac                OSMboxCreate
                0x000972c0                OSMboxDel
                0x00097560                OSMboxPend
                0x00097828                OSMboxPendAbort
                0x000979a4                OSMboxPost
                0x00097ad8                OSMboxPostOpt
                0x00097c64                OSMboxQuery
 .text          0x00097d94      0x80c ../experiment2_bsp//libucosii_bsp.a(os_mem.o)
                0x00097d94                OSMemCreate
                0x00097fb0                OSMemGet
                0x000980b4                OSMemNameGet
                0x000981c0                OSMemNameSet
                0x000982e0                OSMemPut
                0x000983d0                OSMemQuery
                0x000984cc                OS_MemInit
 .text          0x000985a0     0x13a8 ../experiment2_bsp//libucosii_bsp.a(os_mutex.o)
                0x000985a0                OSMutexAccept
                0x00098778                OSMutexCreate
                0x0009897c                OSMutexDel
                0x00098ce4                OSMutexPend
                0x00099374                OSMutexPost
                0x000995d8                OSMutexQuery
 .text          0x00099948     0x1334 ../experiment2_bsp//libucosii_bsp.a(os_q.o)
                0x00099948                OSQAccept
                0x00099a9c                OSQCreate
                0x00099cb0                OSQDel
                0x00099fb0                OSQFlush
                0x0009a078                OSQPend
                0x0009a398                OSQPendAbort
                0x0009a514                OSQPost
                0x0009a694                OSQPostFront
                0x0009a81c                OSQPostOpt
                0x0009aa50                OSQQuery
                0x0009abd0                OS_QInit
 .text          0x0009ac7c      0xbc8 ../experiment2_bsp//libucosii_bsp.a(os_sem.o)
                0x0009ac7c                OSSemAccept
                0x0009ad3c                OSSemCreate
                0x0009ae50                OSSemDel
                0x0009b0f0                OSSemPend
                0x0009b36c                OSSemPendAbort
                0x0009b4e8                OSSemPost
                0x0009b610                OSSemQuery
                0x0009b740                OSSemSet
 .text          0x0009b844     0x1a40 ../experiment2_bsp//libucosii_bsp.a(os_task.o)
                0x0009b844                OSTaskChangePrio
                0x0009bdb8                OSTaskCreate
                0x0009bf8c                OSTaskCreateExt
                0x0009c18c                OSTaskDel
                0x0009c598                OSTaskDelReq
                0x0009c708                OSTaskNameGet
                0x0009c8c0                OSTaskNameSet
                0x0009ca84                OSTaskResume
                0x0009cc9c                OSTaskStkChk
                0x0009ce98                OSTaskSuspend
                0x0009d0c4                OSTaskQuery
                0x0009d208                OS_TaskStkClr
 .text          0x0009d284      0x5b4 ../experiment2_bsp//libucosii_bsp.a(os_time.o)
                0x0009d284                OSTimeDly
                0x0009d3d0                OSTimeDlyHMSM
                0x0009d560                OSTimeDlyResume
                0x0009d770                OSTimeGet
                0x0009d7d4                OSTimeSet
 .text          0x0009d838       0xe4 ../experiment2_bsp//libucosii_bsp.a(alt_sys_init.o)
                0x0009d838                alt_irq_init
                0x0009d86c                alt_sys_init
 .text          0x0009d91c      0x148 ../experiment2_bsp//libucosii_bsp.a(altera_avalon_jtag_uart_fd.o)
                0x0009d91c                altera_avalon_jtag_uart_read_fd
                0x0009d974                altera_avalon_jtag_uart_write_fd
                0x0009d9cc                altera_avalon_jtag_uart_close_fd
                0x0009da14                altera_avalon_jtag_uart_ioctl_fd
 .text          0x0009da64      0x584 ../experiment2_bsp//libucosii_bsp.a(altera_avalon_jtag_uart_init.o)
                0x0009da64                altera_avalon_jtag_uart_init
                0x0009df74                altera_avalon_jtag_uart_close
 .text          0x0009dfe8       0xf4 ../experiment2_bsp//libucosii_bsp.a(altera_avalon_jtag_uart_ioctl.o)
                0x0009dfe8                altera_avalon_jtag_uart_ioctl
 .text          0x0009e0dc      0x2c0 ../experiment2_bsp//libucosii_bsp.a(altera_avalon_jtag_uart_read.o)
                0x0009e0dc                altera_avalon_jtag_uart_read
 .text          0x0009e39c      0x2dc ../experiment2_bsp//libucosii_bsp.a(altera_avalon_jtag_uart_write.o)
                0x0009e39c                altera_avalon_jtag_uart_write
 .text          0x0009e678      0x100 ../experiment2_bsp//libucosii_bsp.a(altera_avalon_timer_sc.o)
                0x0009e6e8                alt_avalon_timer_sc_init
 .text          0x0009e778      0x154 ../experiment2_bsp//libucosii_bsp.a(alt_alarm_start.o)
                0x0009e778                alt_alarm_start
 .text          0x0009e8cc       0x1c ../experiment2_bsp//libucosii_bsp.a(alt_dcache_flush_all.o)
                0x0009e8cc                alt_dcache_flush_all
 .text          0x0009e8e8      0x114 ../experiment2_bsp//libucosii_bsp.a(alt_dev_llist_insert.o)
                0x0009e8e8                alt_dev_llist_insert
 .text          0x0009e9fc       0x64 ../experiment2_bsp//libucosii_bsp.a(alt_do_ctors.o)
                0x0009e9fc                _do_ctors
 .text          0x0009ea60       0x64 ../experiment2_bsp//libucosii_bsp.a(alt_do_dtors.o)
                0x0009ea60                _do_dtors
 .text          0x0009eac4       0x1c ../experiment2_bsp//libucosii_bsp.a(alt_icache_flush_all.o)
                0x0009eac4                alt_icache_flush_all
 .text          0x0009eae0      0x1d4 ../experiment2_bsp//libucosii_bsp.a(alt_iic.o)
                0x0009eae0                alt_ic_isr_register
                0x0009eb30                alt_ic_irq_enable
                0x0009ebcc                alt_ic_irq_disable
                0x0009ec6c                alt_ic_irq_enabled
 .text          0x0009ecb4       0xf8 ../experiment2_bsp//libucosii_bsp.a(alt_iic_isr_register.o)
                0x0009ecb4                alt_iic_isr_register
 .text          0x0009edac      0x150 ../experiment2_bsp//libucosii_bsp.a(alt_io_redirect.o)
                0x0009ee84                alt_io_redirect
 .text          0x0009eefc        0x0 ../experiment2_bsp//libucosii_bsp.a(alt_irq_entry.o)
 .text          0x0009eefc        0x0 ../experiment2_bsp//libucosii_bsp.a(alt_irq_handler.o)
 .text          0x0009eefc      0x2e4 ../experiment2_bsp//libucosii_bsp.a(alt_open.o)
                0x0009eff4                open
 .text          0x0009f1e0      0x1a8 ../experiment2_bsp//libucosii_bsp.a(alt_tick.o)
                0x0009f1e0                alt_alarm_stop
                0x0009f278                alt_tick
 .text          0x0009f388       0x20 ../experiment2_bsp//libucosii_bsp.a(altera_nios2_qsys_irq.o)
                0x0009f388                altera_nios2_qsys_irq_init
 .text          0x0009f3a8       0xd0 ../experiment2_bsp//libucosii_bsp.a(os_cpu_a.o)
                0x0009f3a8                OSCtxSw
                0x0009f3a8                OSIntCtxSw
                0x0009f434                OSStartHighRdy
                0x0009f454                OSStartTsk
 .text          0x0009f478      0x418 ../experiment2_bsp//libucosii_bsp.a(os_cpu_c.o)
                0x0009f478                OSTaskStkInit
                0x0009f788                OSTaskCreateHook
                0x0009f7a8                OSTaskDelHook
                0x0009f7c8                OSTaskSwHook
                0x0009f7e4                OSTaskStatHook
                0x0009f800                OSTimeTickHook
                0x0009f81c                OSInitHookBegin
                0x0009f838                OSInitHookEnd
                0x0009f854                OSTaskIdleHook
                0x0009f870                OSTCBInitHook
 .text          0x0009f890        0x0 ../experiment2_bsp//libucosii_bsp.a(alt_exception_entry.o)
 .text          0x0009f890       0x94 ../experiment2_bsp//libucosii_bsp.a(alt_find_dev.o)
                0x0009f890                alt_find_dev
 .text          0x0009f924      0x120 ../experiment2_bsp//libucosii_bsp.a(alt_find_file.o)
                0x0009f924                alt_find_file
 .text          0x0009fa44      0x104 ../experiment2_bsp//libucosii_bsp.a(alt_get_fd.o)
                0x0009fa44                alt_get_fd
 .text          0x0009fb48       0x14 /tools/altera/12.0/nios2eds/bin/gnu/H-i686-pc-linux-gnu/bin/../lib/gcc/nios2-elf/4.1.2/../../../../nios2-elf/lib/mno-hw-mul/libc.a(lib_a-atexit.o)
                0x0009fb48                atexit
 .text          0x0009fb5c       0x38 /tools/altera/12.0/nios2eds/bin/gnu/H-i686-pc-linux-gnu/bin/../lib/gcc/nios2-elf/4.1.2/../../../../nios2-elf/lib/mno-hw-mul/libc.a(lib_a-exit.o)
                0x0009fb5c                exit
 .text          0x0009fb94       0x74 /tools/altera/12.0/nios2eds/bin/gnu/H-i686-pc-linux-gnu/bin/../lib/gcc/nios2-elf/4.1.2/../../../../nios2-elf/lib/mno-hw-mul/libc.a(lib_a-memcmp.o)
                0x0009fb94                memcmp
 .text          0x0009fc08      0x134 /tools/altera/12.0/nios2eds/bin/gnu/H-i686-pc-linux-gnu/bin/../lib/gcc/nios2-elf/4.1.2/../../../../nios2-elf/lib/mno-hw-mul/libc.a(lib_a-__atexit.o)
                0x0009fc08                __register_exitproc
 .text          0x0009fd3c      0x1b4 /tools/altera/12.0/nios2eds/bin/gnu/H-i686-pc-linux-gnu/bin/../lib/gcc/nios2-elf/4.1.2/../../../../nios2-elf/lib/mno-hw-mul/libc.a(lib_a-__call_atexit.o)
                0x0009fd40                __call_exitprocs
 .text          0x0009fef0       0x6c ../experiment2_bsp//libucosii_bsp.a(alt_exit.o)
                0x0009ff30                _exit
 *(.gnu.warning.*)
 *(.fini)
                0x0009ff5c                PROVIDE (__etext, ABSOLUTE (.))
                0x0009ff5c                PROVIDE (_etext, ABSOLUTE (.))
                0x0009ff5c                PROVIDE (etext, ABSOLUTE (.))
 *(.eh_frame_hdr)
                0x0009ff5c                . = ALIGN (0x4)
                0x0009ff5c                PROVIDE (__preinit_array_start, ABSOLUTE (.))
 *(.preinit_array)
                0x0009ff5c                PROVIDE (__preinit_array_end, ABSOLUTE (.))
                0x0009ff5c                PROVIDE (__init_array_start, ABSOLUTE (.))
 *(.init_array)
                0x0009ff5c                PROVIDE (__init_array_end, ABSOLUTE (.))
                0x0009ff5c                PROVIDE (__fini_array_start, ABSOLUTE (.))
 *(.fini_array)
                0x0009ff5c                PROVIDE (__fini_array_end, ABSOLUTE (.))
 *(.eh_frame)
 .eh_frame      0x0009ff5c       0x40 /tools/altera/12.0/nios2eds/bin/gnu/H-i686-pc-linux-gnu/bin/../lib/gcc/nios2-elf/4.1.2/mno-hw-mul/libgcc.a(_udivdi3.o)
 .eh_frame      0x0009ff9c       0x2c /tools/altera/12.0/nios2eds/bin/gnu/H-i686-pc-linux-gnu/bin/../lib/gcc/nios2-elf/4.1.2/mno-hw-mul/libgcc.a(_umoddi3.o)
                                 0x40 (size before relaxing)
 *(.gcc_except_table)
 *(.dynamic)
                0x0009ffc8                PROVIDE (__CTOR_LIST__, ABSOLUTE (.))
 *(.ctors)
 *(SORT(.ctors.*))
 .ctors.65535   0x0009ffc8        0x4 /tools/altera/12.0/nios2eds/bin/gnu/H-i686-pc-linux-gnu/bin/../lib/gcc/nios2-elf/4.1.2/../../../../nios2-elf/lib/mno-hw-mul/libc.a(lib_a-__call_atexit.o)
                0x0009ffcc                PROVIDE (__CTOR_END__, ABSOLUTE (.))
                0x0009ffcc                PROVIDE (__DTOR_LIST__, ABSOLUTE (.))
 *(.dtors)
 *(SORT(.dtors.*))
                0x0009ffcc                PROVIDE (__DTOR_END__, ABSOLUTE (.))
 *(.jcr)
                0x0009ffcc                . = ALIGN (0x4)

.rodata         0x0009ffcc      0xd38
                0x0009ffcc                PROVIDE (__ram_rodata_start, ABSOLUTE (.))
                0x0009ffcc                . = ALIGN (0x4)
 *(.rodata .rodata.* .gnu.linkonce.r.*)
 .rodata        0x0009ffcc       0x24 obj/default/SD_card_controller.o
 .rodata        0x0009fff0      0x3bc obj/default/alt_ucosii_simple_error_check.o
 .rodata        0x000a03ac       0xbc obj/default/experiment2.o
 .rodata        0x000a0468      0x424 obj/default/tasks.o
 .rodata.str1.4
                0x000a088c        0x2 /tools/altera/12.0/nios2eds/bin/gnu/H-i686-pc-linux-gnu/bin/../lib/gcc/nios2-elf/4.1.2/../../../../nios2-elf/lib/mno-hw-mul/libc.a(lib_a-impure.o)
                                  0x4 (size before relaxing)
 *fill*         0x000a088e        0x2 00
 .rodata.str1.4
                0x000a0890        0x2 /tools/altera/12.0/nios2eds/bin/gnu/H-i686-pc-linux-gnu/bin/../lib/gcc/nios2-elf/4.1.2/../../../../nios2-elf/lib/mno-hw-mul/libc.a(lib_a-puts.o)
                                  0x4 (size before relaxing)
 *fill*         0x000a0892        0x2 00
 .rodata.str1.4
                0x000a0894       0x5e /tools/altera/12.0/nios2eds/bin/gnu/H-i686-pc-linux-gnu/bin/../lib/gcc/nios2-elf/4.1.2/../../../../nios2-elf/lib/mno-hw-mul/libc.a(lib_a-vfprintf.o)
                                 0x60 (size before relaxing)
 .rodata        0x000a08f2       0x20 /tools/altera/12.0/nios2eds/bin/gnu/H-i686-pc-linux-gnu/bin/../lib/gcc/nios2-elf/4.1.2/../../../../nios2-elf/lib/mno-hw-mul/libc.a(lib_a-vfprintf.o)
 *fill*         0x000a0912        0x2 00
 .rodata.str1.4
                0x000a0914       0x10 /tools/altera/12.0/nios2eds/bin/gnu/H-i686-pc-linux-gnu/bin/../lib/gcc/nios2-elf/4.1.2/../../../../nios2-elf/lib/mno-hw-mul/libc.a(lib_a-dtoa.o)
                                 0x14 (size before relaxing)
 .rodata.str1.4
                0x000a0924       0x10 /tools/altera/12.0/nios2eds/bin/gnu/H-i686-pc-linux-gnu/bin/../lib/gcc/nios2-elf/4.1.2/../../../../nios2-elf/lib/mno-hw-mul/libc.a(lib_a-locale.o)
                                 0x18 (size before relaxing)
 .rodata        0x000a0934       0x30 /tools/altera/12.0/nios2eds/bin/gnu/H-i686-pc-linux-gnu/bin/../lib/gcc/nios2-elf/4.1.2/../../../../nios2-elf/lib/mno-hw-mul/libc.a(lib_a-locale.o)
 .rodata        0x000a0964      0x124 /tools/altera/12.0/nios2eds/bin/gnu/H-i686-pc-linux-gnu/bin/../lib/gcc/nios2-elf/4.1.2/../../../../nios2-elf/lib/mno-hw-mul/libc.a(lib_a-mprec.o)
                0x000a0964                __mprec_tens
                0x000a0a2c                __mprec_bigtens
                0x000a0a54                __mprec_tinytens
 .rodata        0x000a0a88       0x14 /tools/altera/12.0/nios2eds/bin/gnu/H-i686-pc-linux-gnu/bin/../lib/gcc/nios2-elf/4.1.2/mno-hw-mul/libgcc.a(_thenan_df.o)
                0x000a0a88                __thenan_df
 .rodata        0x000a0a9c      0x100 /tools/altera/12.0/nios2eds/bin/gnu/H-i686-pc-linux-gnu/bin/../lib/gcc/nios2-elf/4.1.2/mno-hw-mul/libgcc.a(_clz.o)
                0x000a0a9c                __clz_tab
 .rodata        0x000a0b9c        0xc ../experiment2_bsp//libucosii_bsp.a(alt_dev.o)
 .rodata        0x000a0ba8       0x14 ../experiment2_bsp//libucosii_bsp.a(alt_main.o)
 .rodata        0x000a0bbc      0x120 ../experiment2_bsp//libucosii_bsp.a(os_core.o)
                0x000a0bbc                OSUnMapTbl
 .rodata        0x000a0cdc       0x24 ../experiment2_bsp//libucosii_bsp.a(alt_sys_init.o)
 .rodata        0x000a0d00        0x4 ../experiment2_bsp//libucosii_bsp.a(os_cpu_c.o)
 *(.rodata1)
                0x000a0d04                . = ALIGN (0x4)
                0x000a0d04                PROVIDE (__ram_rodata_end, ABSOLUTE (.))
                0x0009ffcc                PROVIDE (__flash_rodata_start, LOADADDR (.rodata))

.rwdata         0x000a0d04     0x1b14 load address 0x000a2818
                0x000a0d04                PROVIDE (__ram_rwdata_start, ABSOLUTE (.))
                0x000a0d04                . = ALIGN (0x4)
 *(.got.plt)
 *(.got)
 *(.data1)
 *(.data .data.* .gnu.linkonce.d.*)
 .data          0x000a0d04        0x0 ../experiment2_bsp//obj/HAL/src/crt0.o
 .data          0x000a0d04        0x0 obj/default/PB_button.o
 .data          0x000a0d04        0x0 obj/default/SD_card_controller.o
 .data          0x000a0d04        0x0 obj/default/alt_ucosii_simple_error_check.o
 .data          0x000a0d04        0x0 obj/default/experiment2.o
 .data          0x000a0d04        0x0 obj/default/tasks.o
 .data          0x000a0d04        0x0 /tools/altera/12.0/nios2eds/bin/gnu/H-i686-pc-linux-gnu/bin/../lib/gcc/nios2-elf/4.1.2/mno-hw-mul/libgcc.a(lib2-divmod.o)
 .data          0x000a0d04        0x0 /tools/altera/12.0/nios2eds/bin/gnu/H-i686-pc-linux-gnu/bin/../lib/gcc/nios2-elf/4.1.2/mno-hw-mul/libgcc.a(lib2-mul.o)
 .data          0x000a0d04        0x0 /tools/altera/12.0/nios2eds/bin/gnu/H-i686-pc-linux-gnu/bin/../lib/gcc/nios2-elf/4.1.2/../../../../nios2-elf/lib/mno-hw-mul/libc.a(lib_a-fprintf.o)
 .data          0x000a0d04        0x0 /tools/altera/12.0/nios2eds/bin/gnu/H-i686-pc-linux-gnu/bin/../lib/gcc/nios2-elf/4.1.2/../../../../nios2-elf/lib/mno-hw-mul/libc.a(lib_a-fwrite.o)
 .data          0x000a0d04      0x400 /tools/altera/12.0/nios2eds/bin/gnu/H-i686-pc-linux-gnu/bin/../lib/gcc/nios2-elf/4.1.2/../../../../nios2-elf/lib/mno-hw-mul/libc.a(lib_a-impure.o)
 .data          0x000a1104        0x0 /tools/altera/12.0/nios2eds/bin/gnu/H-i686-pc-linux-gnu/bin/../lib/gcc/nios2-elf/4.1.2/../../../../nios2-elf/lib/mno-hw-mul/libc.a(lib_a-printf.o)
 .data          0x000a1104        0x0 /tools/altera/12.0/nios2eds/bin/gnu/H-i686-pc-linux-gnu/bin/../lib/gcc/nios2-elf/4.1.2/../../../../nios2-elf/lib/mno-hw-mul/libc.a(lib_a-putchar.o)
 .data          0x000a1104        0x0 /tools/altera/12.0/nios2eds/bin/gnu/H-i686-pc-linux-gnu/bin/../lib/gcc/nios2-elf/4.1.2/../../../../nios2-elf/lib/mno-hw-mul/libc.a(lib_a-puts.o)
 .data          0x000a1104        0x0 /tools/altera/12.0/nios2eds/bin/gnu/H-i686-pc-linux-gnu/bin/../lib/gcc/nios2-elf/4.1.2/../../../../nios2-elf/lib/mno-hw-mul/libc.a(lib_a-sprintf.o)
 .data          0x000a1104        0x0 /tools/altera/12.0/nios2eds/bin/gnu/H-i686-pc-linux-gnu/bin/../lib/gcc/nios2-elf/4.1.2/../../../../nios2-elf/lib/mno-hw-mul/libc.a(lib_a-strlen.o)
 .data          0x000a1104        0x0 /tools/altera/12.0/nios2eds/bin/gnu/H-i686-pc-linux-gnu/bin/../lib/gcc/nios2-elf/4.1.2/../../../../nios2-elf/lib/mno-hw-mul/libc.a(lib_a-vfprintf.o)
 .data          0x000a1104        0x0 /tools/altera/12.0/nios2eds/bin/gnu/H-i686-pc-linux-gnu/bin/../lib/gcc/nios2-elf/4.1.2/../../../../nios2-elf/lib/mno-hw-mul/libc.a(lib_a-wsetup.o)
 .data          0x000a1104        0x0 /tools/altera/12.0/nios2eds/bin/gnu/H-i686-pc-linux-gnu/bin/../lib/gcc/nios2-elf/4.1.2/../../../../nios2-elf/lib/mno-hw-mul/libc.a(lib_a-dtoa.o)
 .data          0x000a1104        0x0 /tools/altera/12.0/nios2eds/bin/gnu/H-i686-pc-linux-gnu/bin/../lib/gcc/nios2-elf/4.1.2/../../../../nios2-elf/lib/mno-hw-mul/libc.a(lib_a-fflush.o)
 .data          0x000a1104        0x0 /tools/altera/12.0/nios2eds/bin/gnu/H-i686-pc-linux-gnu/bin/../lib/gcc/nios2-elf/4.1.2/../../../../nios2-elf/lib/mno-hw-mul/libc.a(lib_a-findfp.o)
 .data          0x000a1104        0x0 /tools/altera/12.0/nios2eds/bin/gnu/H-i686-pc-linux-gnu/bin/../lib/gcc/nios2-elf/4.1.2/../../../../nios2-elf/lib/mno-hw-mul/libc.a(lib_a-freer.o)
 .data          0x000a1104        0x0 /tools/altera/12.0/nios2eds/bin/gnu/H-i686-pc-linux-gnu/bin/../lib/gcc/nios2-elf/4.1.2/../../../../nios2-elf/lib/mno-hw-mul/libc.a(lib_a-fvwrite.o)
 .data          0x000a1104        0x0 /tools/altera/12.0/nios2eds/bin/gnu/H-i686-pc-linux-gnu/bin/../lib/gcc/nios2-elf/4.1.2/../../../../nios2-elf/lib/mno-hw-mul/libc.a(lib_a-fwalk.o)
 .data          0x000a1104        0xc /tools/altera/12.0/nios2eds/bin/gnu/H-i686-pc-linux-gnu/bin/../lib/gcc/nios2-elf/4.1.2/../../../../nios2-elf/lib/mno-hw-mul/libc.a(lib_a-locale.o)
                0x000a1104                __lc_ctype
 .data          0x000a1110        0x0 /tools/altera/12.0/nios2eds/bin/gnu/H-i686-pc-linux-gnu/bin/../lib/gcc/nios2-elf/4.1.2/../../../../nios2-elf/lib/mno-hw-mul/libc.a(lib_a-makebuf.o)
 .data          0x000a1110      0x408 /tools/altera/12.0/nios2eds/bin/gnu/H-i686-pc-linux-gnu/bin/../lib/gcc/nios2-elf/4.1.2/../../../../nios2-elf/lib/mno-hw-mul/libc.a(lib_a-mallocr.o)
                0x000a1110                __malloc_av_
 .data          0x000a1518        0x0 /tools/altera/12.0/nios2eds/bin/gnu/H-i686-pc-linux-gnu/bin/../lib/gcc/nios2-elf/4.1.2/../../../../nios2-elf/lib/mno-hw-mul/libc.a(lib_a-memchr.o)
 .data          0x000a1518        0x0 /tools/altera/12.0/nios2eds/bin/gnu/H-i686-pc-linux-gnu/bin/../lib/gcc/nios2-elf/4.1.2/../../../../nios2-elf/lib/mno-hw-mul/libc.a(lib_a-memcpy.o)
 .data          0x000a1518        0x0 /tools/altera/12.0/nios2eds/bin/gnu/H-i686-pc-linux-gnu/bin/../lib/gcc/nios2-elf/4.1.2/../../../../nios2-elf/lib/mno-hw-mul/libc.a(lib_a-memmove.o)
 .data          0x000a1518        0x0 /tools/altera/12.0/nios2eds/bin/gnu/H-i686-pc-linux-gnu/bin/../lib/gcc/nios2-elf/4.1.2/../../../../nios2-elf/lib/mno-hw-mul/libc.a(lib_a-memset.o)
 .data          0x000a1518        0x0 /tools/altera/12.0/nios2eds/bin/gnu/H-i686-pc-linux-gnu/bin/../lib/gcc/nios2-elf/4.1.2/../../../../nios2-elf/lib/mno-hw-mul/libc.a(lib_a-mprec.o)
 .data          0x000a1518        0x0 /tools/altera/12.0/nios2eds/bin/gnu/H-i686-pc-linux-gnu/bin/../lib/gcc/nios2-elf/4.1.2/../../../../nios2-elf/lib/mno-hw-mul/libc.a(lib_a-putc.o)
 .data          0x000a1518        0x0 /tools/altera/12.0/nios2eds/bin/gnu/H-i686-pc-linux-gnu/bin/../lib/gcc/nios2-elf/4.1.2/../../../../nios2-elf/lib/mno-hw-mul/libc.a(lib_a-reallocr.o)
 .data          0x000a1518        0x0 /tools/altera/12.0/nios2eds/bin/gnu/H-i686-pc-linux-gnu/bin/../lib/gcc/nios2-elf/4.1.2/../../../../nios2-elf/lib/mno-hw-mul/libc.a(lib_a-s_isinfd.o)
 .data          0x000a1518        0x0 /tools/altera/12.0/nios2eds/bin/gnu/H-i686-pc-linux-gnu/bin/../lib/gcc/nios2-elf/4.1.2/../../../../nios2-elf/lib/mno-hw-mul/libc.a(lib_a-s_isnand.o)
 .data          0x000a1518        0x0 /tools/altera/12.0/nios2eds/bin/gnu/H-i686-pc-linux-gnu/bin/../lib/gcc/nios2-elf/4.1.2/../../../../nios2-elf/lib/mno-hw-mul/libc.a(lib_a-sbrkr.o)
 .data          0x000a1518        0x0 /tools/altera/12.0/nios2eds/bin/gnu/H-i686-pc-linux-gnu/bin/../lib/gcc/nios2-elf/4.1.2/../../../../nios2-elf/lib/mno-hw-mul/libc.a(lib_a-stdio.o)
 .data          0x000a1518        0x0 /tools/altera/12.0/nios2eds/bin/gnu/H-i686-pc-linux-gnu/bin/../lib/gcc/nios2-elf/4.1.2/../../../../nios2-elf/lib/mno-hw-mul/libc.a(lib_a-strcmp.o)
 .data          0x000a1518        0x0 /tools/altera/12.0/nios2eds/bin/gnu/H-i686-pc-linux-gnu/bin/../lib/gcc/nios2-elf/4.1.2/../../../../nios2-elf/lib/mno-hw-mul/libc.a(lib_a-wbuf.o)
 .data          0x000a1518        0x0 /tools/altera/12.0/nios2eds/bin/gnu/H-i686-pc-linux-gnu/bin/../lib/gcc/nios2-elf/4.1.2/../../../../nios2-elf/lib/mno-hw-mul/libc.a(lib_a-writer.o)
 .data          0x000a1518        0x0 /tools/altera/12.0/nios2eds/bin/gnu/H-i686-pc-linux-gnu/bin/../lib/gcc/nios2-elf/4.1.2/../../../../nios2-elf/lib/mno-hw-mul/libc.a(lib_a-callocr.o)
 .data          0x000a1518        0x0 /tools/altera/12.0/nios2eds/bin/gnu/H-i686-pc-linux-gnu/bin/../lib/gcc/nios2-elf/4.1.2/../../../../nios2-elf/lib/mno-hw-mul/libc.a(lib_a-closer.o)
 .data          0x000a1518        0x0 /tools/altera/12.0/nios2eds/bin/gnu/H-i686-pc-linux-gnu/bin/../lib/gcc/nios2-elf/4.1.2/../../../../nios2-elf/lib/mno-hw-mul/libc.a(lib_a-fclose.o)
 .data          0x000a1518        0x0 /tools/altera/12.0/nios2eds/bin/gnu/H-i686-pc-linux-gnu/bin/../lib/gcc/nios2-elf/4.1.2/../../../../nios2-elf/lib/mno-hw-mul/libc.a(lib_a-fstatr.o)
 .data          0x000a1518        0x0 /tools/altera/12.0/nios2eds/bin/gnu/H-i686-pc-linux-gnu/bin/../lib/gcc/nios2-elf/4.1.2/../../../../nios2-elf/lib/mno-hw-mul/libc.a(lib_a-int_errno.o)
 .data          0x000a1518        0x0 /tools/altera/12.0/nios2eds/bin/gnu/H-i686-pc-linux-gnu/bin/../lib/gcc/nios2-elf/4.1.2/../../../../nios2-elf/lib/mno-hw-mul/libc.a(lib_a-isattyr.o)
 .data          0x000a1518        0x0 /tools/altera/12.0/nios2eds/bin/gnu/H-i686-pc-linux-gnu/bin/../lib/gcc/nios2-elf/4.1.2/../../../../nios2-elf/lib/mno-hw-mul/libc.a(lib_a-lseekr.o)
 .data          0x000a1518        0x0 /tools/altera/12.0/nios2eds/bin/gnu/H-i686-pc-linux-gnu/bin/../lib/gcc/nios2-elf/4.1.2/../../../../nios2-elf/lib/mno-hw-mul/libc.a(lib_a-readr.o)
 .data          0x000a1518        0x0 /tools/altera/12.0/nios2eds/bin/gnu/H-i686-pc-linux-gnu/bin/../lib/gcc/nios2-elf/4.1.2/mno-hw-mul/libgcc.a(_udivdi3.o)
 .data          0x000a1518        0x0 /tools/altera/12.0/nios2eds/bin/gnu/H-i686-pc-linux-gnu/bin/../lib/gcc/nios2-elf/4.1.2/mno-hw-mul/libgcc.a(_umoddi3.o)
 .data          0x000a1518        0x0 /tools/altera/12.0/nios2eds/bin/gnu/H-i686-pc-linux-gnu/bin/../lib/gcc/nios2-elf/4.1.2/mno-hw-mul/libgcc.a(_addsub_df.o)
 .data          0x000a1518        0x0 /tools/altera/12.0/nios2eds/bin/gnu/H-i686-pc-linux-gnu/bin/../lib/gcc/nios2-elf/4.1.2/mno-hw-mul/libgcc.a(_mul_df.o)
 .data          0x000a1518        0x0 /tools/altera/12.0/nios2eds/bin/gnu/H-i686-pc-linux-gnu/bin/../lib/gcc/nios2-elf/4.1.2/mno-hw-mul/libgcc.a(_div_df.o)
 .data          0x000a1518        0x0 /tools/altera/12.0/nios2eds/bin/gnu/H-i686-pc-linux-gnu/bin/../lib/gcc/nios2-elf/4.1.2/mno-hw-mul/libgcc.a(_eq_df.o)
 .data          0x000a1518        0x0 /tools/altera/12.0/nios2eds/bin/gnu/H-i686-pc-linux-gnu/bin/../lib/gcc/nios2-elf/4.1.2/mno-hw-mul/libgcc.a(_ne_df.o)
 .data          0x000a1518        0x0 /tools/altera/12.0/nios2eds/bin/gnu/H-i686-pc-linux-gnu/bin/../lib/gcc/nios2-elf/4.1.2/mno-hw-mul/libgcc.a(_gt_df.o)
 .data          0x000a1518        0x0 /tools/altera/12.0/nios2eds/bin/gnu/H-i686-pc-linux-gnu/bin/../lib/gcc/nios2-elf/4.1.2/mno-hw-mul/libgcc.a(_ge_df.o)
 .data          0x000a1518        0x0 /tools/altera/12.0/nios2eds/bin/gnu/H-i686-pc-linux-gnu/bin/../lib/gcc/nios2-elf/4.1.2/mno-hw-mul/libgcc.a(_lt_df.o)
 .data          0x000a1518        0x0 /tools/altera/12.0/nios2eds/bin/gnu/H-i686-pc-linux-gnu/bin/../lib/gcc/nios2-elf/4.1.2/mno-hw-mul/libgcc.a(_si_to_df.o)
 .data          0x000a1518        0x0 /tools/altera/12.0/nios2eds/bin/gnu/H-i686-pc-linux-gnu/bin/../lib/gcc/nios2-elf/4.1.2/mno-hw-mul/libgcc.a(_df_to_si.o)
 .data          0x000a1518        0x0 /tools/altera/12.0/nios2eds/bin/gnu/H-i686-pc-linux-gnu/bin/../lib/gcc/nios2-elf/4.1.2/mno-hw-mul/libgcc.a(_thenan_df.o)
 .data          0x000a1518        0x0 /tools/altera/12.0/nios2eds/bin/gnu/H-i686-pc-linux-gnu/bin/../lib/gcc/nios2-elf/4.1.2/mno-hw-mul/libgcc.a(_usi_to_df.o)
 .data          0x000a1518        0x0 /tools/altera/12.0/nios2eds/bin/gnu/H-i686-pc-linux-gnu/bin/../lib/gcc/nios2-elf/4.1.2/mno-hw-mul/libgcc.a(_muldi3.o)
 .data          0x000a1518        0x0 /tools/altera/12.0/nios2eds/bin/gnu/H-i686-pc-linux-gnu/bin/../lib/gcc/nios2-elf/4.1.2/mno-hw-mul/libgcc.a(_clz.o)
 .data          0x000a1518        0x0 /tools/altera/12.0/nios2eds/bin/gnu/H-i686-pc-linux-gnu/bin/../lib/gcc/nios2-elf/4.1.2/mno-hw-mul/libgcc.a(_clzsi2.o)
 .data          0x000a1518        0x0 /tools/altera/12.0/nios2eds/bin/gnu/H-i686-pc-linux-gnu/bin/../lib/gcc/nios2-elf/4.1.2/mno-hw-mul/libgcc.a(_pack_df.o)
 .data          0x000a1518        0x0 /tools/altera/12.0/nios2eds/bin/gnu/H-i686-pc-linux-gnu/bin/../lib/gcc/nios2-elf/4.1.2/mno-hw-mul/libgcc.a(_unpack_df.o)
 .data          0x000a1518        0x0 /tools/altera/12.0/nios2eds/bin/gnu/H-i686-pc-linux-gnu/bin/../lib/gcc/nios2-elf/4.1.2/mno-hw-mul/libgcc.a(_fpcmp_parts_df.o)
 .data          0x000a1518        0x0 ../experiment2_bsp//libucosii_bsp.a(alt_close.o)
 .data          0x000a1518      0x1a8 ../experiment2_bsp//libucosii_bsp.a(alt_dev.o)
                0x000a1518                alt_dev_null
                0x000a1540                alt_fd_list
 .data          0x000a16c0        0x0 ../experiment2_bsp//libucosii_bsp.a(alt_errno.o)
 .data          0x000a16c0        0x0 ../experiment2_bsp//libucosii_bsp.a(alt_fstat.o)
 .data          0x000a16c0        0x0 ../experiment2_bsp//libucosii_bsp.a(alt_irq_register.o)
 .data          0x000a16c0        0x0 ../experiment2_bsp//libucosii_bsp.a(alt_irq_vars.o)
 .data          0x000a16c0        0x0 ../experiment2_bsp//libucosii_bsp.a(alt_isatty.o)
 .data          0x000a16c0        0x0 ../experiment2_bsp//libucosii_bsp.a(alt_load.o)
 .data          0x000a16c0        0x0 ../experiment2_bsp//libucosii_bsp.a(alt_lseek.o)
 .data          0x000a16c0        0x0 ../experiment2_bsp//libucosii_bsp.a(alt_main.o)
 .data          0x000a16c0        0x0 ../experiment2_bsp//libucosii_bsp.a(alt_read.o)
 .data          0x000a16c0        0x0 ../experiment2_bsp//libucosii_bsp.a(alt_release_fd.o)
 .data          0x000a16c0        0x0 ../experiment2_bsp//libucosii_bsp.a(alt_sbrk.o)
 .data          0x000a16c0        0x0 ../experiment2_bsp//libucosii_bsp.a(alt_write.o)
 .data          0x000a16c0        0x0 ../experiment2_bsp//libucosii_bsp.a(alt_env_lock.o)
 .data          0x000a16c0        0x0 ../experiment2_bsp//libucosii_bsp.a(alt_malloc_lock.o)
 .data          0x000a16c0        0x0 ../experiment2_bsp//libucosii_bsp.a(os_core.o)
 .data          0x000a16c0        0x0 ../experiment2_bsp//libucosii_bsp.a(os_dbg.o)
 .data          0x000a16c0        0x0 ../experiment2_bsp//libucosii_bsp.a(os_flag.o)
 .data          0x000a16c0        0x0 ../experiment2_bsp//libucosii_bsp.a(os_mbox.o)
 .data          0x000a16c0        0x0 ../experiment2_bsp//libucosii_bsp.a(os_mem.o)
 .data          0x000a16c0        0x0 ../experiment2_bsp//libucosii_bsp.a(os_mutex.o)
 .data          0x000a16c0        0x0 ../experiment2_bsp//libucosii_bsp.a(os_q.o)
 .data          0x000a16c0        0x0 ../experiment2_bsp//libucosii_bsp.a(os_sem.o)
 .data          0x000a16c0        0x0 ../experiment2_bsp//libucosii_bsp.a(os_task.o)
 .data          0x000a16c0        0x0 ../experiment2_bsp//libucosii_bsp.a(os_time.o)
 .data          0x000a16c0     0x1098 ../experiment2_bsp//libucosii_bsp.a(alt_sys_init.o)
 .data          0x000a2758        0x0 ../experiment2_bsp//libucosii_bsp.a(altera_avalon_jtag_uart_fd.o)
 .data          0x000a2758        0x0 ../experiment2_bsp//libucosii_bsp.a(altera_avalon_jtag_uart_init.o)
 .data          0x000a2758        0x0 ../experiment2_bsp//libucosii_bsp.a(altera_avalon_jtag_uart_ioctl.o)
 .data          0x000a2758        0x0 ../experiment2_bsp//libucosii_bsp.a(altera_avalon_jtag_uart_read.o)
 .data          0x000a2758        0x0 ../experiment2_bsp//libucosii_bsp.a(altera_avalon_jtag_uart_write.o)
 .data          0x000a2758        0x0 ../experiment2_bsp//libucosii_bsp.a(altera_avalon_timer_sc.o)
 .data          0x000a2758        0x0 ../experiment2_bsp//libucosii_bsp.a(alt_alarm_start.o)
 .data          0x000a2758        0x0 ../experiment2_bsp//libucosii_bsp.a(alt_dcache_flush_all.o)
 .data          0x000a2758        0x0 ../experiment2_bsp//libucosii_bsp.a(alt_dev_llist_insert.o)
 .data          0x000a2758        0x0 ../experiment2_bsp//libucosii_bsp.a(alt_do_ctors.o)
 .data          0x000a2758        0x0 ../experiment2_bsp//libucosii_bsp.a(alt_do_dtors.o)
 .data          0x000a2758        0x0 ../experiment2_bsp//libucosii_bsp.a(alt_icache_flush_all.o)
 .data          0x000a2758        0x0 ../experiment2_bsp//libucosii_bsp.a(alt_iic.o)
 .data          0x000a2758        0x0 ../experiment2_bsp//libucosii_bsp.a(alt_iic_isr_register.o)
 .data          0x000a2758        0x0 ../experiment2_bsp//libucosii_bsp.a(alt_io_redirect.o)
 .data          0x000a2758        0x0 ../experiment2_bsp//libucosii_bsp.a(alt_irq_entry.o)
 .data          0x000a2758        0x0 ../experiment2_bsp//libucosii_bsp.a(alt_irq_handler.o)
 .data          0x000a2758        0x0 ../experiment2_bsp//libucosii_bsp.a(alt_open.o)
 .data          0x000a2758        0x0 ../experiment2_bsp//libucosii_bsp.a(alt_tick.o)
 .data          0x000a2758        0x0 ../experiment2_bsp//libucosii_bsp.a(altera_nios2_qsys_irq.o)
 .data          0x000a2758        0x0 ../experiment2_bsp//libucosii_bsp.a(os_cpu_a.o)
 .data          0x000a2758        0x0 ../experiment2_bsp//libucosii_bsp.a(os_cpu_c.o)
 .data          0x000a2758        0x0 ../experiment2_bsp//libucosii_bsp.a(alt_exception_entry.o)
 .data          0x000a2758        0x0 ../experiment2_bsp//libucosii_bsp.a(alt_find_dev.o)
 .data          0x000a2758        0x0 ../experiment2_bsp//libucosii_bsp.a(alt_find_file.o)
 .data          0x000a2758        0x0 ../experiment2_bsp//libucosii_bsp.a(alt_get_fd.o)
 .data          0x000a2758        0x0 /tools/altera/12.0/nios2eds/bin/gnu/H-i686-pc-linux-gnu/bin/../lib/gcc/nios2-elf/4.1.2/../../../../nios2-elf/lib/mno-hw-mul/libc.a(lib_a-atexit.o)
 .data          0x000a2758        0x0 /tools/altera/12.0/nios2eds/bin/gnu/H-i686-pc-linux-gnu/bin/../lib/gcc/nios2-elf/4.1.2/../../../../nios2-elf/lib/mno-hw-mul/libc.a(lib_a-exit.o)
 .data          0x000a2758        0x0 /tools/altera/12.0/nios2eds/bin/gnu/H-i686-pc-linux-gnu/bin/../lib/gcc/nios2-elf/4.1.2/../../../../nios2-elf/lib/mno-hw-mul/libc.a(lib_a-memcmp.o)
 .data          0x000a2758        0x0 /tools/altera/12.0/nios2eds/bin/gnu/H-i686-pc-linux-gnu/bin/../lib/gcc/nios2-elf/4.1.2/../../../../nios2-elf/lib/mno-hw-mul/libc.a(lib_a-__atexit.o)
 .data          0x000a2758        0x0 /tools/altera/12.0/nios2eds/bin/gnu/H-i686-pc-linux-gnu/bin/../lib/gcc/nios2-elf/4.1.2/../../../../nios2-elf/lib/mno-hw-mul/libc.a(lib_a-__call_atexit.o)
 .data          0x000a2758        0x0 ../experiment2_bsp//libucosii_bsp.a(alt_exit.o)
                0x000aa758                _gp = ABSOLUTE ((. + 0x8000))
                0x000aa758                PROVIDE (gp, _gp)
 *(.rwdata .rwdata.*)
 *(.sdata .sdata.* .gnu.linkonce.s.*)
 .sdata         0x000a2758        0x4 obj/default/tasks.o
                0x000a2758                performance_name
 .sdata         0x000a275c        0x8 /tools/altera/12.0/nios2eds/bin/gnu/H-i686-pc-linux-gnu/bin/../lib/gcc/nios2-elf/4.1.2/../../../../nios2-elf/lib/mno-hw-mul/libc.a(lib_a-impure.o)
                0x000a275c                _impure_ptr
                0x000a2760                _global_impure_ptr
 .sdata         0x000a2764        0x8 /tools/altera/12.0/nios2eds/bin/gnu/H-i686-pc-linux-gnu/bin/../lib/gcc/nios2-elf/4.1.2/../../../../nios2-elf/lib/mno-hw-mul/libc.a(lib_a-locale.o)
                0x000a2764                __mb_cur_max
 .sdata         0x000a276c        0x8 /tools/altera/12.0/nios2eds/bin/gnu/H-i686-pc-linux-gnu/bin/../lib/gcc/nios2-elf/4.1.2/../../../../nios2-elf/lib/mno-hw-mul/libc.a(lib_a-mallocr.o)
                0x000a276c                __malloc_trim_threshold
                0x000a2770                __malloc_sbrk_base
 .sdata         0x000a2774       0x14 ../experiment2_bsp//libucosii_bsp.a(alt_dev.o)
                0x000a2774                alt_fs_list
                0x000a277c                alt_dev_list
                0x000a2784                alt_max_fd
 .sdata         0x000a2788        0x4 ../experiment2_bsp//libucosii_bsp.a(alt_errno.o)
                0x000a2788                alt_errno
 .sdata         0x000a278c        0x4 ../experiment2_bsp//libucosii_bsp.a(alt_irq_vars.o)
                0x000a278c                alt_priority_mask
 .sdata         0x000a2790        0x4 ../experiment2_bsp//libucosii_bsp.a(alt_sbrk.o)
 .sdata         0x000a2794        0x4 ../experiment2_bsp//libucosii_bsp.a(alt_env_lock.o)
 .sdata         0x000a2798        0x4 ../experiment2_bsp//libucosii_bsp.a(alt_malloc_lock.o)
 .sdata         0x000a279c       0x74 ../experiment2_bsp//libucosii_bsp.a(os_dbg.o)
                0x000a279c                OSDebugEn
                0x000a27a0                OSEndiannessTest
                0x000a27a4                OSEventEn
                0x000a27a6                OSEventMax
                0x000a27a8                OSEventNameSize
                0x000a27aa                OSEventSize
                0x000a27ac                OSEventTblSize
                0x000a27ae                OSEventMultiEn
                0x000a27b0                OSFlagEn
                0x000a27b2                OSFlagGrpSize
                0x000a27b4                OSFlagNodeSize
                0x000a27b6                OSFlagWidth
                0x000a27b8                OSFlagMax
                0x000a27ba                OSFlagNameSize
                0x000a27bc                OSLowestPrio
                0x000a27be                OSMboxEn
                0x000a27c0                OSMemEn
                0x000a27c2                OSMemMax
                0x000a27c4                OSMemNameSize
                0x000a27c6                OSMemSize
                0x000a27c8                OSMemTblSize
                0x000a27ca                OSMutexEn
                0x000a27cc                OSPtrSize
                0x000a27ce                OSQEn
                0x000a27d0                OSQMax
                0x000a27d2                OSQSize
                0x000a27d4                OSRdyTblSize
                0x000a27d6                OSSemEn
                0x000a27d8                OSStkWidth
                0x000a27da                OSTaskCreateEn
                0x000a27dc                OSTaskCreateExtEn
                0x000a27de                OSTaskDelEn
                0x000a27e0                OSTaskIdleStkSize
                0x000a27e2                OSTaskProfileEn
                0x000a27e4                OSTaskMax
                0x000a27e6                OSTaskNameSize
                0x000a27e8                OSTaskStatEn
                0x000a27ea                OSTaskStatStkSize
                0x000a27ec                OSTaskStatStkChkEn
                0x000a27ee                OSTaskSwHookEn
                0x000a27f0                OSTCBPrioTblMax
                0x000a27f2                OSTCBSize
                0x000a27f4                OSTicksPerSec
                0x000a27f6                OSTimeTickHookEn
                0x000a27f8                OSVersionNbr
                0x000a27fa                OSTmrEn
                0x000a27fc                OSTmrCfgMax
                0x000a27fe                OSTmrCfgNameSize
                0x000a2800                OSTmrCfgWheelSize
                0x000a2802                OSTmrCfgTicksPerSec
                0x000a2804                OSTmrSize
                0x000a2806                OSTmrTblSize
                0x000a2808                OSTmrWheelSize
                0x000a280a                OSTmrWheelTblSize
                0x000a280c                OSDataSize
 .sdata         0x000a2810        0x8 ../experiment2_bsp//libucosii_bsp.a(alt_tick.o)
                0x000a2810                alt_alarm_list
 *(.sdata2 .sdata2.* .gnu.linkonce.s2.*)
                0x000a2818                . = ALIGN (0x4)
                0x000a2818                _edata = ABSOLUTE (.)
                0x000a2818                PROVIDE (edata, ABSOLUTE (.))
                0x000a2818                PROVIDE (__ram_rwdata_end, ABSOLUTE (.))
                0x000a2818                PROVIDE (__flash_rwdata_start, LOADADDR (.rwdata))

.bss            0x000a432c    0x136f8
                0x000a432c                __bss_start = ABSOLUTE (.)
                0x000a432c                PROVIDE (__sbss_start, ABSOLUTE (.))
                0x000a432c                PROVIDE (___sbss_start, ABSOLUTE (.))
 *(.dynsbss)
 *(.sbss .sbss.* .gnu.linkonce.sb.*)
 .sbss          0x000a432c       0x2c obj/default/SD_card_controller.o
                0x000a432c                initialized
                0x000a4330                is_sd_card_formated_as_FAT16
                0x000a4334                aux_status_register
                0x000a4338                status_register
                0x000a433c                CSD_register_w0
                0x000a4340                command_register
                0x000a4344                command_argument_register
                0x000a4348                fat_partition_offset_in_512_byte_sectors
                0x000a434c                fat_partition_size_in_512_byte_sectors
                0x000a4350                current_sector_modified
                0x000a4354                current_sector_index
 .sbss          0x000a4358       0x44 obj/default/tasks.o
                0x000a4358                MemoryPartition
                0x000a435c                SDWriteQueueB
                0x000a4360                GMailbox
                0x000a4364                SDMutex
                0x000a4368                SDCardFlag
                0x000a436c                YImageWidthMailbox
                0x000a4370                YImageHeightMailbox
                0x000a4374                WriteImageHeightMailbox
                0x000a4378                RMailbox
                0x000a437c                SDWriteQueueR
                0x000a4380                BMailbox
                0x000a4384                ReadImageHeightMailbox
                0x000a4388                SDReadQueue
                0x000a438c                WriteImageWidthMailbox
                0x000a4390                SDWriteQueueG
                0x000a4394                YMailbox
                0x000a4398                ReadImageWidthMailbox
 .sbss          0x000a439c        0xc /tools/altera/12.0/nios2eds/bin/gnu/H-i686-pc-linux-gnu/bin/../lib/gcc/nios2-elf/4.1.2/../../../../nios2-elf/lib/mno-hw-mul/libc.a(lib_a-locale.o)
                0x000a439c                __nlocale_changed
                0x000a43a0                __mlocale_changed
                0x000a43a4                _PathLocale
 .sbss          0x000a43a8        0xc /tools/altera/12.0/nios2eds/bin/gnu/H-i686-pc-linux-gnu/bin/../lib/gcc/nios2-elf/4.1.2/../../../../nios2-elf/lib/mno-hw-mul/libc.a(lib_a-mallocr.o)
                0x000a43a8                __malloc_top_pad
                0x000a43ac                __malloc_max_sbrked_mem
                0x000a43b0                __malloc_max_total_mem
 .sbss          0x000a43b4        0x4 /tools/altera/12.0/nios2eds/bin/gnu/H-i686-pc-linux-gnu/bin/../lib/gcc/nios2-elf/4.1.2/../../../../nios2-elf/lib/mno-hw-mul/libc.a(lib_a-int_errno.o)
                0x000a43b4                errno
 .sbss          0x000a43b8        0x4 ../experiment2_bsp//libucosii_bsp.a(alt_dev.o)
                0x000a43b8                alt_fd_list_lock
 .sbss          0x000a43bc        0x4 ../experiment2_bsp//libucosii_bsp.a(alt_irq_vars.o)
                0x000a43bc                alt_irq_active
 .sbss          0x000a43c0        0xc ../experiment2_bsp//libucosii_bsp.a(alt_main.o)
                0x000a43c0                alt_argc
                0x000a43c4                alt_argv
                0x000a43c8                alt_envp
 .sbss          0x000a43cc        0x8 ../experiment2_bsp//libucosii_bsp.a(alt_env_lock.o)
                0x000a43d0                alt_envsem
 .sbss          0x000a43d4        0x8 ../experiment2_bsp//libucosii_bsp.a(alt_malloc_lock.o)
                0x000a43d8                alt_heapsem
 .sbss          0x000a43dc       0x50 ../experiment2_bsp//libucosii_bsp.a(os_core.o)
                0x000a43dc                OSLockNesting
                0x000a43dd                OSRunning
                0x000a43e0                OSIdleCtr
                0x000a43e4                OSPrioHighRdy
                0x000a43e5                OSPrioCur
                0x000a43e8                OSTCBList
                0x000a43ec                OSTickStepState
                0x000a43f0                OSCtxSwCtr
                0x000a43f4                OSIdleCtrMax
                0x000a43f8                OSTCBFreeList
                0x000a43fc                OSCPUUsage
                0x000a43fd                OSTaskCtr
                0x000a4400                OSMemFreeList
                0x000a4404                OSTCBHighRdy
                0x000a4408                OSQFreeList
                0x000a440c                OSRdyGrp
                0x000a440d                OSRdyTbl
                0x000a4410                OSEventFreeList
                0x000a4414                OSIntNesting
                0x000a4418                OSTCBCur
                0x000a441c                OSTime
                0x000a4420                OSFlagFreeList
                0x000a4424                OSStatRdy
                0x000a4428                OSIdleCtrRun
 .sbss          0x000a442c        0x8 ../experiment2_bsp//libucosii_bsp.a(alt_tick.o)
                0x000a442c                _alt_tick_rate
                0x000a4430                _alt_nticks
 *(.sbss2 .sbss2.* .gnu.linkonce.sb2.*)
 *(.scommon)
                0x000a4434                PROVIDE (__sbss_end, ABSOLUTE (.))
                0x000a4434                PROVIDE (___sbss_end, ABSOLUTE (.))
 *(.dynbss)
 *(.bss .bss.* .gnu.linkonce.b.*)
 .bss           0x000a4434        0x0 ../experiment2_bsp//obj/HAL/src/crt0.o
 .bss           0x000a4434        0x0 obj/default/PB_button.o
 .bss           0x000a4434        0x0 obj/default/SD_card_controller.o
 .bss           0x000a4434        0x0 obj/default/alt_ucosii_simple_error_check.o
 .bss           0x000a4434        0x0 obj/default/experiment2.o
 .bss           0x000a4434        0x0 obj/default/tasks.o
 .bss           0x000a4434        0x0 /tools/altera/12.0/nios2eds/bin/gnu/H-i686-pc-linux-gnu/bin/../lib/gcc/nios2-elf/4.1.2/mno-hw-mul/libgcc.a(lib2-divmod.o)
 .bss           0x000a4434        0x0 /tools/altera/12.0/nios2eds/bin/gnu/H-i686-pc-linux-gnu/bin/../lib/gcc/nios2-elf/4.1.2/mno-hw-mul/libgcc.a(lib2-mul.o)
 .bss           0x000a4434        0x0 /tools/altera/12.0/nios2eds/bin/gnu/H-i686-pc-linux-gnu/bin/../lib/gcc/nios2-elf/4.1.2/../../../../nios2-elf/lib/mno-hw-mul/libc.a(lib_a-fprintf.o)
 .bss           0x000a4434        0x0 /tools/altera/12.0/nios2eds/bin/gnu/H-i686-pc-linux-gnu/bin/../lib/gcc/nios2-elf/4.1.2/../../../../nios2-elf/lib/mno-hw-mul/libc.a(lib_a-fwrite.o)
 .bss           0x000a4434        0x0 /tools/altera/12.0/nios2eds/bin/gnu/H-i686-pc-linux-gnu/bin/../lib/gcc/nios2-elf/4.1.2/../../../../nios2-elf/lib/mno-hw-mul/libc.a(lib_a-impure.o)
 .bss           0x000a4434        0x0 /tools/altera/12.0/nios2eds/bin/gnu/H-i686-pc-linux-gnu/bin/../lib/gcc/nios2-elf/4.1.2/../../../../nios2-elf/lib/mno-hw-mul/libc.a(lib_a-printf.o)
 .bss           0x000a4434        0x0 /tools/altera/12.0/nios2eds/bin/gnu/H-i686-pc-linux-gnu/bin/../lib/gcc/nios2-elf/4.1.2/../../../../nios2-elf/lib/mno-hw-mul/libc.a(lib_a-putchar.o)
 .bss           0x000a4434        0x0 /tools/altera/12.0/nios2eds/bin/gnu/H-i686-pc-linux-gnu/bin/../lib/gcc/nios2-elf/4.1.2/../../../../nios2-elf/lib/mno-hw-mul/libc.a(lib_a-puts.o)
 .bss           0x000a4434        0x0 /tools/altera/12.0/nios2eds/bin/gnu/H-i686-pc-linux-gnu/bin/../lib/gcc/nios2-elf/4.1.2/../../../../nios2-elf/lib/mno-hw-mul/libc.a(lib_a-sprintf.o)
 .bss           0x000a4434        0x0 /tools/altera/12.0/nios2eds/bin/gnu/H-i686-pc-linux-gnu/bin/../lib/gcc/nios2-elf/4.1.2/../../../../nios2-elf/lib/mno-hw-mul/libc.a(lib_a-strlen.o)
 .bss           0x000a4434        0x0 /tools/altera/12.0/nios2eds/bin/gnu/H-i686-pc-linux-gnu/bin/../lib/gcc/nios2-elf/4.1.2/../../../../nios2-elf/lib/mno-hw-mul/libc.a(lib_a-vfprintf.o)
 .bss           0x000a4434        0x0 /tools/altera/12.0/nios2eds/bin/gnu/H-i686-pc-linux-gnu/bin/../lib/gcc/nios2-elf/4.1.2/../../../../nios2-elf/lib/mno-hw-mul/libc.a(lib_a-wsetup.o)
 .bss           0x000a4434        0x0 /tools/altera/12.0/nios2eds/bin/gnu/H-i686-pc-linux-gnu/bin/../lib/gcc/nios2-elf/4.1.2/../../../../nios2-elf/lib/mno-hw-mul/libc.a(lib_a-dtoa.o)
 .bss           0x000a4434        0x0 /tools/altera/12.0/nios2eds/bin/gnu/H-i686-pc-linux-gnu/bin/../lib/gcc/nios2-elf/4.1.2/../../../../nios2-elf/lib/mno-hw-mul/libc.a(lib_a-fflush.o)
 .bss           0x000a4434        0x0 /tools/altera/12.0/nios2eds/bin/gnu/H-i686-pc-linux-gnu/bin/../lib/gcc/nios2-elf/4.1.2/../../../../nios2-elf/lib/mno-hw-mul/libc.a(lib_a-findfp.o)
 .bss           0x000a4434        0x0 /tools/altera/12.0/nios2eds/bin/gnu/H-i686-pc-linux-gnu/bin/../lib/gcc/nios2-elf/4.1.2/../../../../nios2-elf/lib/mno-hw-mul/libc.a(lib_a-freer.o)
 .bss           0x000a4434        0x0 /tools/altera/12.0/nios2eds/bin/gnu/H-i686-pc-linux-gnu/bin/../lib/gcc/nios2-elf/4.1.2/../../../../nios2-elf/lib/mno-hw-mul/libc.a(lib_a-fvwrite.o)
 .bss           0x000a4434        0x0 /tools/altera/12.0/nios2eds/bin/gnu/H-i686-pc-linux-gnu/bin/../lib/gcc/nios2-elf/4.1.2/../../../../nios2-elf/lib/mno-hw-mul/libc.a(lib_a-fwalk.o)
 .bss           0x000a4434        0x0 /tools/altera/12.0/nios2eds/bin/gnu/H-i686-pc-linux-gnu/bin/../lib/gcc/nios2-elf/4.1.2/../../../../nios2-elf/lib/mno-hw-mul/libc.a(lib_a-locale.o)
 .bss           0x000a4434        0x0 /tools/altera/12.0/nios2eds/bin/gnu/H-i686-pc-linux-gnu/bin/../lib/gcc/nios2-elf/4.1.2/../../../../nios2-elf/lib/mno-hw-mul/libc.a(lib_a-makebuf.o)
 .bss           0x000a4434       0x28 /tools/altera/12.0/nios2eds/bin/gnu/H-i686-pc-linux-gnu/bin/../lib/gcc/nios2-elf/4.1.2/../../../../nios2-elf/lib/mno-hw-mul/libc.a(lib_a-mallocr.o)
                0x000a4434                __malloc_current_mallinfo
 .bss           0x000a445c        0x0 /tools/altera/12.0/nios2eds/bin/gnu/H-i686-pc-linux-gnu/bin/../lib/gcc/nios2-elf/4.1.2/../../../../nios2-elf/lib/mno-hw-mul/libc.a(lib_a-memchr.o)
 .bss           0x000a445c        0x0 /tools/altera/12.0/nios2eds/bin/gnu/H-i686-pc-linux-gnu/bin/../lib/gcc/nios2-elf/4.1.2/../../../../nios2-elf/lib/mno-hw-mul/libc.a(lib_a-memcpy.o)
 .bss           0x000a445c        0x0 /tools/altera/12.0/nios2eds/bin/gnu/H-i686-pc-linux-gnu/bin/../lib/gcc/nios2-elf/4.1.2/../../../../nios2-elf/lib/mno-hw-mul/libc.a(lib_a-memmove.o)
 .bss           0x000a445c        0x0 /tools/altera/12.0/nios2eds/bin/gnu/H-i686-pc-linux-gnu/bin/../lib/gcc/nios2-elf/4.1.2/../../../../nios2-elf/lib/mno-hw-mul/libc.a(lib_a-memset.o)
 .bss           0x000a445c        0x0 /tools/altera/12.0/nios2eds/bin/gnu/H-i686-pc-linux-gnu/bin/../lib/gcc/nios2-elf/4.1.2/../../../../nios2-elf/lib/mno-hw-mul/libc.a(lib_a-mprec.o)
 .bss           0x000a445c        0x0 /tools/altera/12.0/nios2eds/bin/gnu/H-i686-pc-linux-gnu/bin/../lib/gcc/nios2-elf/4.1.2/../../../../nios2-elf/lib/mno-hw-mul/libc.a(lib_a-putc.o)
 .bss           0x000a445c        0x0 /tools/altera/12.0/nios2eds/bin/gnu/H-i686-pc-linux-gnu/bin/../lib/gcc/nios2-elf/4.1.2/../../../../nios2-elf/lib/mno-hw-mul/libc.a(lib_a-reallocr.o)
 .bss           0x000a445c        0x0 /tools/altera/12.0/nios2eds/bin/gnu/H-i686-pc-linux-gnu/bin/../lib/gcc/nios2-elf/4.1.2/../../../../nios2-elf/lib/mno-hw-mul/libc.a(lib_a-s_isinfd.o)
 .bss           0x000a445c        0x0 /tools/altera/12.0/nios2eds/bin/gnu/H-i686-pc-linux-gnu/bin/../lib/gcc/nios2-elf/4.1.2/../../../../nios2-elf/lib/mno-hw-mul/libc.a(lib_a-s_isnand.o)
 .bss           0x000a445c        0x0 /tools/altera/12.0/nios2eds/bin/gnu/H-i686-pc-linux-gnu/bin/../lib/gcc/nios2-elf/4.1.2/../../../../nios2-elf/lib/mno-hw-mul/libc.a(lib_a-sbrkr.o)
 .bss           0x000a445c        0x0 /tools/altera/12.0/nios2eds/bin/gnu/H-i686-pc-linux-gnu/bin/../lib/gcc/nios2-elf/4.1.2/../../../../nios2-elf/lib/mno-hw-mul/libc.a(lib_a-stdio.o)
 .bss           0x000a445c        0x0 /tools/altera/12.0/nios2eds/bin/gnu/H-i686-pc-linux-gnu/bin/../lib/gcc/nios2-elf/4.1.2/../../../../nios2-elf/lib/mno-hw-mul/libc.a(lib_a-strcmp.o)
 .bss           0x000a445c        0x0 /tools/altera/12.0/nios2eds/bin/gnu/H-i686-pc-linux-gnu/bin/../lib/gcc/nios2-elf/4.1.2/../../../../nios2-elf/lib/mno-hw-mul/libc.a(lib_a-wbuf.o)
 .bss           0x000a445c        0x0 /tools/altera/12.0/nios2eds/bin/gnu/H-i686-pc-linux-gnu/bin/../lib/gcc/nios2-elf/4.1.2/../../../../nios2-elf/lib/mno-hw-mul/libc.a(lib_a-writer.o)
 .bss           0x000a445c        0x0 /tools/altera/12.0/nios2eds/bin/gnu/H-i686-pc-linux-gnu/bin/../lib/gcc/nios2-elf/4.1.2/../../../../nios2-elf/lib/mno-hw-mul/libc.a(lib_a-callocr.o)
 .bss           0x000a445c        0x0 /tools/altera/12.0/nios2eds/bin/gnu/H-i686-pc-linux-gnu/bin/../lib/gcc/nios2-elf/4.1.2/../../../../nios2-elf/lib/mno-hw-mul/libc.a(lib_a-closer.o)
 .bss           0x000a445c        0x0 /tools/altera/12.0/nios2eds/bin/gnu/H-i686-pc-linux-gnu/bin/../lib/gcc/nios2-elf/4.1.2/../../../../nios2-elf/lib/mno-hw-mul/libc.a(lib_a-fclose.o)
 .bss           0x000a445c        0x0 /tools/altera/12.0/nios2eds/bin/gnu/H-i686-pc-linux-gnu/bin/../lib/gcc/nios2-elf/4.1.2/../../../../nios2-elf/lib/mno-hw-mul/libc.a(lib_a-fstatr.o)
 .bss           0x000a445c        0x0 /tools/altera/12.0/nios2eds/bin/gnu/H-i686-pc-linux-gnu/bin/../lib/gcc/nios2-elf/4.1.2/../../../../nios2-elf/lib/mno-hw-mul/libc.a(lib_a-int_errno.o)
 .bss           0x000a445c        0x0 /tools/altera/12.0/nios2eds/bin/gnu/H-i686-pc-linux-gnu/bin/../lib/gcc/nios2-elf/4.1.2/../../../../nios2-elf/lib/mno-hw-mul/libc.a(lib_a-isattyr.o)
 .bss           0x000a445c        0x0 /tools/altera/12.0/nios2eds/bin/gnu/H-i686-pc-linux-gnu/bin/../lib/gcc/nios2-elf/4.1.2/../../../../nios2-elf/lib/mno-hw-mul/libc.a(lib_a-lseekr.o)
 .bss           0x000a445c        0x0 /tools/altera/12.0/nios2eds/bin/gnu/H-i686-pc-linux-gnu/bin/../lib/gcc/nios2-elf/4.1.2/../../../../nios2-elf/lib/mno-hw-mul/libc.a(lib_a-readr.o)
 .bss           0x000a445c        0x0 /tools/altera/12.0/nios2eds/bin/gnu/H-i686-pc-linux-gnu/bin/../lib/gcc/nios2-elf/4.1.2/mno-hw-mul/libgcc.a(_udivdi3.o)
 .bss           0x000a445c        0x0 /tools/altera/12.0/nios2eds/bin/gnu/H-i686-pc-linux-gnu/bin/../lib/gcc/nios2-elf/4.1.2/mno-hw-mul/libgcc.a(_umoddi3.o)
 .bss           0x000a445c        0x0 /tools/altera/12.0/nios2eds/bin/gnu/H-i686-pc-linux-gnu/bin/../lib/gcc/nios2-elf/4.1.2/mno-hw-mul/libgcc.a(_addsub_df.o)
 .bss           0x000a445c        0x0 /tools/altera/12.0/nios2eds/bin/gnu/H-i686-pc-linux-gnu/bin/../lib/gcc/nios2-elf/4.1.2/mno-hw-mul/libgcc.a(_mul_df.o)
 .bss           0x000a445c        0x0 /tools/altera/12.0/nios2eds/bin/gnu/H-i686-pc-linux-gnu/bin/../lib/gcc/nios2-elf/4.1.2/mno-hw-mul/libgcc.a(_div_df.o)
 .bss           0x000a445c        0x0 /tools/altera/12.0/nios2eds/bin/gnu/H-i686-pc-linux-gnu/bin/../lib/gcc/nios2-elf/4.1.2/mno-hw-mul/libgcc.a(_eq_df.o)
 .bss           0x000a445c        0x0 /tools/altera/12.0/nios2eds/bin/gnu/H-i686-pc-linux-gnu/bin/../lib/gcc/nios2-elf/4.1.2/mno-hw-mul/libgcc.a(_ne_df.o)
 .bss           0x000a445c        0x0 /tools/altera/12.0/nios2eds/bin/gnu/H-i686-pc-linux-gnu/bin/../lib/gcc/nios2-elf/4.1.2/mno-hw-mul/libgcc.a(_gt_df.o)
 .bss           0x000a445c        0x0 /tools/altera/12.0/nios2eds/bin/gnu/H-i686-pc-linux-gnu/bin/../lib/gcc/nios2-elf/4.1.2/mno-hw-mul/libgcc.a(_ge_df.o)
 .bss           0x000a445c        0x0 /tools/altera/12.0/nios2eds/bin/gnu/H-i686-pc-linux-gnu/bin/../lib/gcc/nios2-elf/4.1.2/mno-hw-mul/libgcc.a(_lt_df.o)
 .bss           0x000a445c        0x0 /tools/altera/12.0/nios2eds/bin/gnu/H-i686-pc-linux-gnu/bin/../lib/gcc/nios2-elf/4.1.2/mno-hw-mul/libgcc.a(_si_to_df.o)
 .bss           0x000a445c        0x0 /tools/altera/12.0/nios2eds/bin/gnu/H-i686-pc-linux-gnu/bin/../lib/gcc/nios2-elf/4.1.2/mno-hw-mul/libgcc.a(_df_to_si.o)
 .bss           0x000a445c        0x0 /tools/altera/12.0/nios2eds/bin/gnu/H-i686-pc-linux-gnu/bin/../lib/gcc/nios2-elf/4.1.2/mno-hw-mul/libgcc.a(_thenan_df.o)
 .bss           0x000a445c        0x0 /tools/altera/12.0/nios2eds/bin/gnu/H-i686-pc-linux-gnu/bin/../lib/gcc/nios2-elf/4.1.2/mno-hw-mul/libgcc.a(_usi_to_df.o)
 .bss           0x000a445c        0x0 /tools/altera/12.0/nios2eds/bin/gnu/H-i686-pc-linux-gnu/bin/../lib/gcc/nios2-elf/4.1.2/mno-hw-mul/libgcc.a(_muldi3.o)
 .bss           0x000a445c        0x0 /tools/altera/12.0/nios2eds/bin/gnu/H-i686-pc-linux-gnu/bin/../lib/gcc/nios2-elf/4.1.2/mno-hw-mul/libgcc.a(_clz.o)
 .bss           0x000a445c        0x0 /tools/altera/12.0/nios2eds/bin/gnu/H-i686-pc-linux-gnu/bin/../lib/gcc/nios2-elf/4.1.2/mno-hw-mul/libgcc.a(_clzsi2.o)
 .bss           0x000a445c        0x0 /tools/altera/12.0/nios2eds/bin/gnu/H-i686-pc-linux-gnu/bin/../lib/gcc/nios2-elf/4.1.2/mno-hw-mul/libgcc.a(_pack_df.o)
 .bss           0x000a445c        0x0 /tools/altera/12.0/nios2eds/bin/gnu/H-i686-pc-linux-gnu/bin/../lib/gcc/nios2-elf/4.1.2/mno-hw-mul/libgcc.a(_unpack_df.o)
 .bss           0x000a445c        0x0 /tools/altera/12.0/nios2eds/bin/gnu/H-i686-pc-linux-gnu/bin/../lib/gcc/nios2-elf/4.1.2/mno-hw-mul/libgcc.a(_fpcmp_parts_df.o)
 .bss           0x000a445c        0x0 ../experiment2_bsp//libucosii_bsp.a(alt_close.o)
 .bss           0x000a445c        0x0 ../experiment2_bsp//libucosii_bsp.a(alt_dev.o)
 .bss           0x000a445c        0x0 ../experiment2_bsp//libucosii_bsp.a(alt_errno.o)
 .bss           0x000a445c        0x0 ../experiment2_bsp//libucosii_bsp.a(alt_fstat.o)
 .bss           0x000a445c        0x0 ../experiment2_bsp//libucosii_bsp.a(alt_irq_register.o)
 .bss           0x000a445c        0x0 ../experiment2_bsp//libucosii_bsp.a(alt_irq_vars.o)
 .bss           0x000a445c        0x0 ../experiment2_bsp//libucosii_bsp.a(alt_isatty.o)
 .bss           0x000a445c        0x0 ../experiment2_bsp//libucosii_bsp.a(alt_load.o)
 .bss           0x000a445c        0x0 ../experiment2_bsp//libucosii_bsp.a(alt_lseek.o)
 .bss           0x000a445c        0x0 ../experiment2_bsp//libucosii_bsp.a(alt_main.o)
 .bss           0x000a445c        0x0 ../experiment2_bsp//libucosii_bsp.a(alt_read.o)
 .bss           0x000a445c        0x0 ../experiment2_bsp//libucosii_bsp.a(alt_release_fd.o)
 .bss           0x000a445c        0x0 ../experiment2_bsp//libucosii_bsp.a(alt_sbrk.o)
 .bss           0x000a445c        0x0 ../experiment2_bsp//libucosii_bsp.a(alt_write.o)
 .bss           0x000a445c        0x0 ../experiment2_bsp//libucosii_bsp.a(alt_env_lock.o)
 .bss           0x000a445c        0x0 ../experiment2_bsp//libucosii_bsp.a(alt_malloc_lock.o)
 .bss           0x000a445c        0x0 ../experiment2_bsp//libucosii_bsp.a(os_core.o)
 .bss           0x000a445c        0x0 ../experiment2_bsp//libucosii_bsp.a(os_dbg.o)
 .bss           0x000a445c        0x0 ../experiment2_bsp//libucosii_bsp.a(os_flag.o)
 .bss           0x000a445c        0x0 ../experiment2_bsp//libucosii_bsp.a(os_mbox.o)
 .bss           0x000a445c        0x0 ../experiment2_bsp//libucosii_bsp.a(os_mem.o)
 .bss           0x000a445c        0x0 ../experiment2_bsp//libucosii_bsp.a(os_mutex.o)
 .bss           0x000a445c        0x0 ../experiment2_bsp//libucosii_bsp.a(os_q.o)
 .bss           0x000a445c        0x0 ../experiment2_bsp//libucosii_bsp.a(os_sem.o)
 .bss           0x000a445c        0x0 ../experiment2_bsp//libucosii_bsp.a(os_task.o)
 .bss           0x000a445c        0x0 ../experiment2_bsp//libucosii_bsp.a(os_time.o)
 .bss           0x000a445c        0x0 ../experiment2_bsp//libucosii_bsp.a(alt_sys_init.o)
 .bss           0x000a445c        0x0 ../experiment2_bsp//libucosii_bsp.a(altera_avalon_jtag_uart_fd.o)
 .bss           0x000a445c        0x0 ../experiment2_bsp//libucosii_bsp.a(altera_avalon_jtag_uart_init.o)
 .bss           0x000a445c        0x0 ../experiment2_bsp//libucosii_bsp.a(altera_avalon_jtag_uart_ioctl.o)
 .bss           0x000a445c        0x0 ../experiment2_bsp//libucosii_bsp.a(altera_avalon_jtag_uart_read.o)
 .bss           0x000a445c        0x0 ../experiment2_bsp//libucosii_bsp.a(altera_avalon_jtag_uart_write.o)
 .bss           0x000a445c        0x0 ../experiment2_bsp//libucosii_bsp.a(altera_avalon_timer_sc.o)
 .bss           0x000a445c        0x0 ../experiment2_bsp//libucosii_bsp.a(alt_alarm_start.o)
 .bss           0x000a445c        0x0 ../experiment2_bsp//libucosii_bsp.a(alt_dcache_flush_all.o)
 .bss           0x000a445c        0x0 ../experiment2_bsp//libucosii_bsp.a(alt_dev_llist_insert.o)
 .bss           0x000a445c        0x0 ../experiment2_bsp//libucosii_bsp.a(alt_do_ctors.o)
 .bss           0x000a445c        0x0 ../experiment2_bsp//libucosii_bsp.a(alt_do_dtors.o)
 .bss           0x000a445c        0x0 ../experiment2_bsp//libucosii_bsp.a(alt_icache_flush_all.o)
 .bss           0x000a445c        0x0 ../experiment2_bsp//libucosii_bsp.a(alt_iic.o)
 .bss           0x000a445c        0x0 ../experiment2_bsp//libucosii_bsp.a(alt_iic_isr_register.o)
 .bss           0x000a445c        0x0 ../experiment2_bsp//libucosii_bsp.a(alt_io_redirect.o)
 .bss           0x000a445c        0x0 ../experiment2_bsp//libucosii_bsp.a(alt_irq_entry.o)
 .bss           0x000a445c        0x0 ../experiment2_bsp//libucosii_bsp.a(alt_irq_handler.o)
 .bss           0x000a445c        0x0 ../experiment2_bsp//libucosii_bsp.a(alt_open.o)
 .bss           0x000a445c        0x0 ../experiment2_bsp//libucosii_bsp.a(alt_tick.o)
 .bss           0x000a445c        0x0 ../experiment2_bsp//libucosii_bsp.a(altera_nios2_qsys_irq.o)
 .bss           0x000a445c        0x0 ../experiment2_bsp//libucosii_bsp.a(os_cpu_a.o)
 .bss           0x000a445c        0x0 ../experiment2_bsp//libucosii_bsp.a(os_cpu_c.o)
 .bss           0x000a445c        0x0 ../experiment2_bsp//libucosii_bsp.a(alt_exception_entry.o)
 .bss           0x000a445c        0x0 ../experiment2_bsp//libucosii_bsp.a(alt_find_dev.o)
 .bss           0x000a445c        0x0 ../experiment2_bsp//libucosii_bsp.a(alt_find_file.o)
 .bss           0x000a445c        0x0 ../experiment2_bsp//libucosii_bsp.a(alt_get_fd.o)
 .bss           0x000a445c        0x0 /tools/altera/12.0/nios2eds/bin/gnu/H-i686-pc-linux-gnu/bin/../lib/gcc/nios2-elf/4.1.2/../../../../nios2-elf/lib/mno-hw-mul/libc.a(lib_a-atexit.o)
 .bss           0x000a445c        0x0 /tools/altera/12.0/nios2eds/bin/gnu/H-i686-pc-linux-gnu/bin/../lib/gcc/nios2-elf/4.1.2/../../../../nios2-elf/lib/mno-hw-mul/libc.a(lib_a-exit.o)
 .bss           0x000a445c        0x0 /tools/altera/12.0/nios2eds/bin/gnu/H-i686-pc-linux-gnu/bin/../lib/gcc/nios2-elf/4.1.2/../../../../nios2-elf/lib/mno-hw-mul/libc.a(lib_a-memcmp.o)
 .bss           0x000a445c        0x0 /tools/altera/12.0/nios2eds/bin/gnu/H-i686-pc-linux-gnu/bin/../lib/gcc/nios2-elf/4.1.2/../../../../nios2-elf/lib/mno-hw-mul/libc.a(lib_a-__atexit.o)
 .bss           0x000a445c        0x0 /tools/altera/12.0/nios2eds/bin/gnu/H-i686-pc-linux-gnu/bin/../lib/gcc/nios2-elf/4.1.2/../../../../nios2-elf/lib/mno-hw-mul/libc.a(lib_a-__call_atexit.o)
 .bss           0x000a445c        0x0 ../experiment2_bsp//libucosii_bsp.a(alt_exit.o)
 *(COMMON)
 COMMON         0x000a445c      0x568 obj/default/SD_card_controller.o
                0x000a445c                search_data
                0x000a4470                boot_sector_data
                0x000a44c4                active_files
 COMMON         0x000a49c4     0x1980 obj/default/experiment2.o
                0x000a49c4                ReadQueue
                0x000a4bc4                WriteQueueR
                0x000a4dc4                line_buf
                0x000a5f44                WriteQueueG
                0x000a6144                WriteQueueB
 COMMON         0x000a6344     0xe22c obj/default/tasks.o
                0x000a6344                compute_Y_tcb
                0x000a63b0                compute_Y_stk
                0x000a83b0                process_Y_tcb
                0x000a841c                PBSemaphore
                0x000a842c                SD_presence_detect_stk
                0x000aa42c                process_Y_stk
                0x000ac42c                SD_read_stk
                0x000ae42c                SD_read_tcb
                0x000ae498                SD_write_stk
                0x000b0498                SD_presence_detect_tcb
                0x000b0504                initialize_task_stk
                0x000b2504                SD_write_tcb
                0x000b2570                task_launcher_stk
 COMMON         0x000b4570     0x3224 ../experiment2_bsp//libucosii_bsp.a(os_core.o)
                0x000b4570                OSFlagTbl
                0x000b48e0                OSMemTbl
                0x000b5510                OSTaskStatStk
                0x000b5d10                OSQTbl
                0x000b5ef0                OSTaskIdleStk